[2026-03-18 14:58:40] [INFO] --- New logging session started: logs\app_20260318.log ---
[2026-03-18 15:01:34] [INFO] --- New logging session started: logs\app_20260318.log ---
[2026-03-18 15:03:10] [INFO] --- New logging session started: logs\app_20260318.log ---
[2026-03-18 15:07:46] [INFO] --- New logging session started: logs\app_20260318.log ---
[2026-03-18 15:07:46] [INFO] Ingredient cache built with 168 items.
[2026-03-18 15:07:46] [INFO] Trie depth: 24
[2026-03-18 15:07:46] [INFO] Recipe cache built with 117 items.
[2026-03-18 15:07:46] [INFO] Trie depth: 30
[2026-03-18 15:07:46] [INFO] Scheduler is running: queuing task to delete_unverified_users.
[2026-03-18 15:07:46] [INFO] Scheduler is running: queuing task to start_sync_thread.
[2026-03-18 15:07:46] [INFO] No unverified users to delete.
[2026-03-18 15:07:46] [INFO] Scheduler is running: queuing task to start_sync_thread.
[2026-03-18 15:07:46] [INFO] Background scheduler for deleting unverified users has been started.
[2026-03-18 15:08:31] [INFO] Application shutting down. Signaling scheduler to stop.
[2026-03-18 15:10:11] [INFO] --- New logging session started: logs\app_20260318.log ---
[2026-03-18 15:10:11] [INFO] Ingredient cache built with 168 items.
[2026-03-18 15:10:11] [INFO] Trie depth: 24
[2026-03-18 15:10:11] [INFO] Recipe cache built with 117 items.
[2026-03-18 15:10:11] [INFO] Trie depth: 30
[2026-03-18 15:10:11] [INFO] Scheduler is running: queuing task to delete_unverified_users.
[2026-03-18 15:10:11] [INFO] Scheduler is running: queuing task to start_sync_thread.
[2026-03-18 15:10:11] [INFO] Scheduler is running: queuing task to start_sync_thread.
[2026-03-18 15:10:11] [INFO] Background scheduler for deleting unverified users has been started.
[2026-03-18 15:10:11] [INFO] No unverified users to delete.
[2026-03-18 15:12:11] [INFO] Scheduler is running: queuing task to start_sync_thread.
[2026-03-18 15:12:11] [INFO] Scheduler is running: queuing task to start_sync_thread.
[2026-03-18 15:13:11] [INFO] Scheduler is running: queuing task to delete_unverified_users.
[2026-03-18 15:13:11] [INFO] No unverified users to delete.
[2026-03-18 15:14:11] [INFO] Scheduler is running: queuing task to start_sync_thread.
[2026-03-18 15:14:11] [INFO] Scheduler is running: queuing task to start_sync_thread.
[2026-03-18 15:16:11] [INFO] Scheduler is running: queuing task to delete_unverified_users.
[2026-03-18 15:16:11] [INFO] No unverified users to delete.
[2026-03-18 15:16:11] [INFO] Scheduler is running: queuing task to start_sync_thread.
[2026-03-18 15:16:11] [INFO] Scheduler is running: queuing task to start_sync_thread.
[2026-03-18 15:18:11] [INFO] Scheduler is running: queuing task to start_sync_thread.
[2026-03-18 15:18:11] [INFO] Scheduler is running: queuing task to start_sync_thread.
[2026-03-18 15:18:28] [INFO] Application shutting down. Signaling scheduler to stop.
[2026-03-18 16:17:07] [INFO] --- New logging session started: logs\app_20260318.log ---
[2026-03-18 16:17:08] [INFO] Ingredient cache built with 168 items.
[2026-03-18 16:17:08] [INFO] Trie depth: 24
[2026-03-18 16:17:08] [INFO] Recipe cache built with 117 items.
[2026-03-18 16:17:08] [INFO] Trie depth: 30
[2026-03-18 16:17:08] [INFO] Scheduler is running: queuing task to delete_unverified_users.
[2026-03-18 16:17:08] [INFO] Scheduler is running: queuing task to start_sync_thread.
[2026-03-18 16:17:08] [INFO] Background scheduler for deleting unverified users has been started.
[2026-03-18 16:17:08] [INFO] Scheduler is running: queuing task to start_sync_thread.
[2026-03-18 16:17:08] [INFO] No unverified users to delete.
[2026-03-18 16:19:08] [INFO] Scheduler is running: queuing task to start_sync_thread.
[2026-03-18 16:19:08] [INFO] Scheduler is running: queuing task to start_sync_thread.
[2026-03-18 16:20:08] [INFO] Scheduler is running: queuing task to delete_unverified_users.
[2026-03-18 16:20:08] [INFO] No unverified users to delete.
[2026-03-18 16:21:08] [INFO] Scheduler is running: queuing task to start_sync_thread.
[2026-03-18 16:21:08] [INFO] Scheduler is running: queuing task to start_sync_thread.
[2026-03-18 16:23:08] [INFO] Scheduler is running: queuing task to delete_unverified_users.
[2026-03-18 16:23:08] [INFO] No unverified users to delete.
[2026-03-18 16:23:08] [INFO] Scheduler is running: queuing task to start_sync_thread.
[2026-03-18 16:23:08] [INFO] Scheduler is running: queuing task to start_sync_thread.
[2026-03-18 16:25:08] [INFO] Scheduler is running: queuing task to start_sync_thread.
[2026-03-18 16:25:08] [INFO] Scheduler is running: queuing task to start_sync_thread.
[2026-03-18 16:26:08] [INFO] Scheduler is running: queuing task to delete_unverified_users.
[2026-03-18 16:26:08] [INFO] No unverified users to delete.
[2026-03-18 16:27:08] [INFO] Scheduler is running: queuing task to start_sync_thread.
[2026-03-18 16:27:08] [INFO] Scheduler is running: queuing task to start_sync_thread.
[2026-03-18 16:29:08] [INFO] Scheduler is running: queuing task to delete_unverified_users.
[2026-03-18 16:29:08] [INFO] No unverified users to delete.
[2026-03-18 16:29:08] [INFO] Scheduler is running: queuing task to start_sync_thread.
[2026-03-18 16:29:08] [INFO] Scheduler is running: queuing task to start_sync_thread.
[2026-03-18 16:31:04] [ERROR] Invalid Credentials: rrt5
[2026-03-18 16:31:08] [INFO] Scheduler is running: queuing task to start_sync_thread.
[2026-03-18 16:31:08] [INFO] Scheduler is running: queuing task to start_sync_thread.
[2026-03-18 16:31:28] [ERROR] Incorrect password for user: first
[2026-03-18 16:32:08] [INFO] Scheduler is running: queuing task to delete_unverified_users.
[2026-03-18 16:32:08] [INFO] No unverified users to delete.
[2026-03-18 16:33:08] [INFO] Scheduler is running: queuing task to start_sync_thread.
[2026-03-18 16:33:08] [INFO] Scheduler is running: queuing task to start_sync_thread.
[2026-03-18 16:35:08] [INFO] Scheduler is running: queuing task to delete_unverified_users.
[2026-03-18 16:35:08] [INFO] No unverified users to delete.
[2026-03-18 16:35:08] [INFO] Scheduler is running: queuing task to start_sync_thread.
[2026-03-18 16:35:08] [INFO] Scheduler is running: queuing task to start_sync_thread.
[2026-03-18 16:37:08] [INFO] Scheduler is running: queuing task to start_sync_thread.
[2026-03-18 16:37:08] [INFO] Scheduler is running: queuing task to start_sync_thread.
[2026-03-18 16:38:08] [INFO] Scheduler is running: queuing task to delete_unverified_users.
[2026-03-18 16:38:08] [INFO] No unverified users to delete.
[2026-03-18 16:39:08] [INFO] Scheduler is running: queuing task to start_sync_thread.
[2026-03-18 16:39:08] [INFO] Scheduler is running: queuing task to start_sync_thread.
[2026-03-18 16:41:08] [INFO] Scheduler is running: queuing task to delete_unverified_users.
[2026-03-18 16:41:08] [INFO] No unverified users to delete.
[2026-03-18 16:41:08] [INFO] Scheduler is running: queuing task to start_sync_thread.
[2026-03-18 16:41:08] [INFO] Scheduler is running: queuing task to start_sync_thread.
[2026-03-18 16:43:08] [INFO] Scheduler is running: queuing task to start_sync_thread.
[2026-03-18 16:43:08] [INFO] Scheduler is running: queuing task to start_sync_thread.
[2026-03-18 16:44:08] [INFO] Scheduler is running: queuing task to delete_unverified_users.
[2026-03-18 16:44:08] [INFO] No unverified users to delete.
[2026-03-18 16:45:08] [INFO] Scheduler is running: queuing task to start_sync_thread.
[2026-03-18 16:45:08] [INFO] Scheduler is running: queuing task to start_sync_thread.
[2026-03-18 16:47:08] [INFO] Scheduler is running: queuing task to delete_unverified_users.
[2026-03-18 16:47:08] [INFO] No unverified users to delete.
[2026-03-18 16:47:08] [INFO] Scheduler is running: queuing task to start_sync_thread.
[2026-03-18 16:47:08] [INFO] Scheduler is running: queuing task to start_sync_thread.
[2026-03-18 16:49:08] [INFO] Scheduler is running: queuing task to start_sync_thread.
[2026-03-18 16:49:08] [INFO] Scheduler is running: queuing task to start_sync_thread.
[2026-03-18 16:50:08] [INFO] Scheduler is running: queuing task to delete_unverified_users.
[2026-03-18 16:50:08] [INFO] No unverified users to delete.
[2026-03-18 16:51:08] [INFO] Scheduler is running: queuing task to start_sync_thread.
[2026-03-18 16:51:08] [INFO] Scheduler is running: queuing task to start_sync_thread.
[2026-03-18 16:53:08] [INFO] Scheduler is running: queuing task to delete_unverified_users.
[2026-03-18 16:53:08] [INFO] No unverified users to delete.
[2026-03-18 16:53:08] [INFO] Scheduler is running: queuing task to start_sync_thread.
[2026-03-18 16:53:08] [INFO] Scheduler is running: queuing task to start_sync_thread.
[2026-03-18 16:55:08] [INFO] Scheduler is running: queuing task to start_sync_thread.
[2026-03-18 16:55:08] [INFO] Scheduler is running: queuing task to start_sync_thread.
[2026-03-18 16:56:08] [INFO] Scheduler is running: queuing task to delete_unverified_users.
[2026-03-18 16:56:08] [INFO] No unverified users to delete.
[2026-03-18 16:57:08] [INFO] Scheduler is running: queuing task to start_sync_thread.
[2026-03-18 16:57:08] [INFO] Scheduler is running: queuing task to start_sync_thread.
[2026-03-18 16:59:08] [INFO] Scheduler is running: queuing task to delete_unverified_users.
[2026-03-18 16:59:08] [INFO] No unverified users to delete.
[2026-03-18 16:59:08] [INFO] Scheduler is running: queuing task to start_sync_thread.
[2026-03-18 16:59:08] [INFO] Scheduler is running: queuing task to start_sync_thread.
[2026-03-18 17:01:08] [INFO] Scheduler is running: queuing task to start_sync_thread.
[2026-03-18 17:01:08] [INFO] Scheduler is running: queuing task to start_sync_thread.
[2026-03-18 17:02:08] [INFO] Scheduler is running: queuing task to delete_unverified_users.
[2026-03-18 17:02:08] [INFO] No unverified users to delete.
[2026-03-18 17:03:08] [INFO] Scheduler is running: queuing task to start_sync_thread.
[2026-03-18 17:03:08] [INFO] Scheduler is running: queuing task to start_sync_thread.
[2026-03-18 17:05:08] [INFO] Scheduler is running: queuing task to delete_unverified_users.
[2026-03-18 17:05:08] [INFO] No unverified users to delete.
[2026-03-18 17:05:08] [INFO] Scheduler is running: queuing task to start_sync_thread.
[2026-03-18 17:05:08] [INFO] Scheduler is running: queuing task to start_sync_thread.
[2026-03-18 17:07:08] [INFO] Scheduler is running: queuing task to start_sync_thread.
[2026-03-18 17:07:08] [INFO] Scheduler is running: queuing task to start_sync_thread.
[2026-03-18 17:08:08] [INFO] Scheduler is running: queuing task to delete_unverified_users.
[2026-03-18 17:08:08] [INFO] No unverified users to delete.
[2026-03-18 17:09:08] [INFO] Scheduler is running: queuing task to start_sync_thread.
[2026-03-18 17:09:08] [INFO] Scheduler is running: queuing task to start_sync_thread.
[2026-03-18 17:11:08] [INFO] Scheduler is running: queuing task to delete_unverified_users.
[2026-03-18 17:11:08] [INFO] No unverified users to delete.
[2026-03-18 17:11:08] [INFO] Scheduler is running: queuing task to start_sync_thread.
[2026-03-18 17:11:08] [INFO] Scheduler is running: queuing task to start_sync_thread.
[2026-03-18 17:13:08] [INFO] Scheduler is running: queuing task to start_sync_thread.
[2026-03-18 17:13:08] [INFO] Scheduler is running: queuing task to start_sync_thread.
[2026-03-18 17:14:08] [INFO] Scheduler is running: queuing task to delete_unverified_users.
[2026-03-18 17:14:08] [INFO] No unverified users to delete.
[2026-03-18 17:15:08] [INFO] Scheduler is running: queuing task to start_sync_thread.
[2026-03-18 17:15:08] [INFO] Scheduler is running: queuing task to start_sync_thread.
[2026-03-18 17:17:08] [INFO] Scheduler is running: queuing task to delete_unverified_users.
[2026-03-18 17:17:08] [INFO] No unverified users to delete.
[2026-03-18 17:17:08] [INFO] Scheduler is running: queuing task to start_sync_thread.
[2026-03-18 17:17:08] [INFO] Scheduler is running: queuing task to start_sync_thread.
[2026-03-18 17:19:08] [INFO] Scheduler is running: queuing task to start_sync_thread.
[2026-03-18 17:19:08] [INFO] Scheduler is running: queuing task to start_sync_thread.
[2026-03-18 17:20:08] [INFO] Scheduler is running: queuing task to delete_unverified_users.
[2026-03-18 17:20:08] [INFO] No unverified users to delete.
[2026-03-18 17:21:08] [INFO] Scheduler is running: queuing task to start_sync_thread.
[2026-03-18 17:21:08] [INFO] Scheduler is running: queuing task to start_sync_thread.
[2026-03-18 17:23:08] [INFO] Scheduler is running: queuing task to delete_unverified_users.
[2026-03-18 17:23:08] [INFO] No unverified users to delete.
[2026-03-18 17:23:08] [INFO] Scheduler is running: queuing task to start_sync_thread.
[2026-03-18 17:23:08] [INFO] Scheduler is running: queuing task to start_sync_thread.
[2026-03-18 17:25:08] [INFO] Scheduler is running: queuing task to start_sync_thread.
[2026-03-18 17:25:08] [INFO] Scheduler is running: queuing task to start_sync_thread.
[2026-03-18 17:26:08] [INFO] Scheduler is running: queuing task to delete_unverified_users.
[2026-03-18 17:26:08] [INFO] No unverified users to delete.
[2026-03-18 17:27:08] [INFO] Scheduler is running: queuing task to start_sync_thread.
[2026-03-18 17:27:08] [INFO] Scheduler is running: queuing task to start_sync_thread.
[2026-03-18 17:29:08] [INFO] Scheduler is running: queuing task to delete_unverified_users.
[2026-03-18 17:29:08] [INFO] No unverified users to delete.
[2026-03-18 17:29:08] [INFO] Scheduler is running: queuing task to start_sync_thread.
[2026-03-18 17:29:08] [INFO] Scheduler is running: queuing task to start_sync_thread.
[2026-03-18 17:31:08] [INFO] Scheduler is running: queuing task to start_sync_thread.
[2026-03-18 17:31:08] [INFO] Scheduler is running: queuing task to start_sync_thread.
[2026-03-18 17:32:08] [INFO] Scheduler is running: queuing task to delete_unverified_users.
[2026-03-18 17:32:08] [INFO] No unverified users to delete.
[2026-03-18 17:33:08] [INFO] Scheduler is running: queuing task to start_sync_thread.
[2026-03-18 17:33:08] [INFO] Scheduler is running: queuing task to start_sync_thread.
[2026-03-18 17:35:08] [INFO] Scheduler is running: queuing task to delete_unverified_users.
[2026-03-18 17:35:08] [INFO] No unverified users to delete.
[2026-03-18 17:35:08] [INFO] Scheduler is running: queuing task to start_sync_thread.
[2026-03-18 17:35:08] [INFO] Scheduler is running: queuing task to start_sync_thread.
[2026-03-18 17:37:08] [INFO] Scheduler is running: queuing task to start_sync_thread.
[2026-03-18 17:37:08] [INFO] Scheduler is running: queuing task to start_sync_thread.
[2026-03-18 17:38:08] [INFO] Scheduler is running: queuing task to delete_unverified_users.
[2026-03-18 17:38:08] [INFO] No unverified users to delete.
[2026-03-18 17:39:08] [INFO] Scheduler is running: queuing task to start_sync_thread.
[2026-03-18 17:39:08] [INFO] Scheduler is running: queuing task to start_sync_thread.
[2026-03-18 17:41:08] [INFO] Scheduler is running: queuing task to delete_unverified_users.
[2026-03-18 17:41:08] [INFO] No unverified users to delete.
[2026-03-18 17:41:08] [INFO] Scheduler is running: queuing task to start_sync_thread.
[2026-03-18 17:41:08] [INFO] Scheduler is running: queuing task to start_sync_thread.
[2026-03-18 17:43:08] [INFO] Scheduler is running: queuing task to start_sync_thread.
[2026-03-18 17:43:08] [INFO] Scheduler is running: queuing task to start_sync_thread.
[2026-03-18 17:44:08] [INFO] Scheduler is running: queuing task to delete_unverified_users.
[2026-03-18 17:44:08] [INFO] No unverified users to delete.
[2026-03-18 17:45:08] [INFO] Scheduler is running: queuing task to start_sync_thread.
[2026-03-18 17:45:08] [INFO] Scheduler is running: queuing task to start_sync_thread.
[2026-03-18 17:47:08] [INFO] Scheduler is running: queuing task to delete_unverified_users.
[2026-03-18 17:47:08] [INFO] No unverified users to delete.
[2026-03-18 17:47:08] [INFO] Scheduler is running: queuing task to start_sync_thread.
[2026-03-18 17:47:08] [INFO] Scheduler is running: queuing task to start_sync_thread.
[2026-03-18 17:49:08] [INFO] Scheduler is running: queuing task to start_sync_thread.
[2026-03-18 17:49:08] [INFO] Scheduler is running: queuing task to start_sync_thread.
[2026-03-18 17:50:08] [INFO] Scheduler is running: queuing task to delete_unverified_users.
[2026-03-18 17:50:08] [INFO] No unverified users to delete.
[2026-03-18 17:51:08] [INFO] Scheduler is running: queuing task to start_sync_thread.
[2026-03-18 17:51:08] [INFO] Scheduler is running: queuing task to start_sync_thread.
[2026-03-18 17:53:08] [INFO] Scheduler is running: queuing task to delete_unverified_users.
[2026-03-18 17:53:08] [INFO] No unverified users to delete.
[2026-03-18 17:53:08] [INFO] Scheduler is running: queuing task to start_sync_thread.
[2026-03-18 17:53:08] [INFO] Scheduler is running: queuing task to start_sync_thread.
[2026-03-18 17:55:08] [INFO] Scheduler is running: queuing task to start_sync_thread.
[2026-03-18 17:55:08] [INFO] Scheduler is running: queuing task to start_sync_thread.
[2026-03-18 17:56:08] [INFO] Scheduler is running: queuing task to delete_unverified_users.
[2026-03-18 17:56:08] [INFO] No unverified users to delete.
[2026-03-18 17:57:08] [INFO] Scheduler is running: queuing task to start_sync_thread.
[2026-03-18 17:57:08] [INFO] Scheduler is running: queuing task to start_sync_thread.
[2026-03-18 17:59:08] [INFO] Scheduler is running: queuing task to delete_unverified_users.
[2026-03-18 17:59:08] [INFO] No unverified users to delete.
[2026-03-18 17:59:08] [INFO] Scheduler is running: queuing task to start_sync_thread.
[2026-03-18 17:59:08] [INFO] Scheduler is running: queuing task to start_sync_thread.
[2026-03-18 18:01:08] [INFO] Scheduler is running: queuing task to start_sync_thread.
[2026-03-18 18:01:08] [INFO] Scheduler is running: queuing task to start_sync_thread.
[2026-03-18 18:02:08] [INFO] Scheduler is running: queuing task to delete_unverified_users.
[2026-03-18 18:02:08] [INFO] No unverified users to delete.
[2026-03-18 18:03:08] [INFO] Scheduler is running: queuing task to start_sync_thread.
[2026-03-18 18:03:08] [INFO] Scheduler is running: queuing task to start_sync_thread.
[2026-03-18 18:05:08] [INFO] Scheduler is running: queuing task to delete_unverified_users.
[2026-03-18 18:05:08] [INFO] No unverified users to delete.
[2026-03-18 18:05:08] [INFO] Scheduler is running: queuing task to start_sync_thread.
[2026-03-18 18:05:08] [INFO] Scheduler is running: queuing task to start_sync_thread.
