[2026-03-11 16:58:20] [INFO] --- New logging session started: logs\app_20260311.log ---
[2026-03-11 16:58:23] [INFO] Ingredient cache built with 168 items.
[2026-03-11 16:58:23] [INFO] Trie depth: 24
[2026-03-11 16:58:23] [INFO] Recipe cache built with 117 items.
[2026-03-11 16:58:23] [INFO] Trie depth: 30
[2026-03-11 16:58:23] [INFO] Scheduler is running: queuing task to delete_unverified_users.
[2026-03-11 16:58:23] [INFO] Scheduler is running: queuing task to start_sync_thread.
[2026-03-11 16:58:23] [INFO] Background scheduler for deleting unverified users has been started.
[2026-03-11 16:58:23] [INFO] No unverified users to delete.
[2026-03-11 16:59:22] [INFO] Generated verification code for abc@123.com: 973614
[2026-03-11 16:59:22] [ERROR] Failed to send verification email to abc@123.com Reaseon Invalid email domain
[2026-03-11 16:59:22] [ERROR] Failed to send verification email to abc@123.com: 422: Failed to send verification email
[2026-03-11 16:59:23] [INFO] Generated verification code for abc@123.com: 552825
[2026-03-11 16:59:23] [ERROR] Failed to send verification email to abc@123.com Reaseon Invalid email domain
[2026-03-11 16:59:23] [ERROR] Failed to send verification email to abc@123.com: 422: Failed to send verification email
[2026-03-11 16:59:23] [INFO] Generated verification code for abc@123.com: 858122
[2026-03-11 16:59:23] [ERROR] Failed to send verification email to abc@123.com Reaseon Invalid email domain
[2026-03-11 16:59:23] [ERROR] Failed to send verification email to abc@123.com: 422: Failed to send verification email
[2026-03-11 16:59:24] [INFO] Generated verification code for abc@123.com: 980072
[2026-03-11 16:59:24] [ERROR] Failed to send verification email to abc@123.com Reaseon Invalid email domain
[2026-03-11 16:59:24] [ERROR] Failed to send verification email to abc@123.com: 422: Failed to send verification email
[2026-03-11 16:59:25] [INFO] Generated verification code for abc@123.com: 594542
[2026-03-11 16:59:25] [ERROR] Failed to send verification email to abc@123.com Reaseon Invalid email domain
[2026-03-11 16:59:25] [ERROR] Failed to send verification email to abc@123.com: 422: Failed to send verification email
[2026-03-11 16:59:39] [INFO] Generated verification code for abc@123.com: 426891
[2026-03-11 16:59:39] [ERROR] Failed to send verification email to abc@123.com Reaseon Invalid email domain
[2026-03-11 16:59:39] [ERROR] Failed to send verification email to abc@123.com: 422: Failed to send verification email
[2026-03-11 17:00:23] [INFO] Scheduler is running: queuing task to start_sync_thread.
[2026-03-11 17:00:23] [INFO] Scheduler is running: queuing task to start_sync_thread.
[2026-03-11 17:01:23] [INFO] Scheduler is running: queuing task to delete_unverified_users.
[2026-03-11 17:02:58] [INFO] No unverified users to delete.
[2026-03-11 17:02:58] [INFO] Application shutting down. Signaling scheduler to stop.
[2026-03-11 17:02:59] [INFO] --- New logging session started: logs\app_20260311.log ---
[2026-03-11 17:03:00] [INFO] Ingredient cache built with 168 items.
[2026-03-11 17:03:00] [INFO] Trie depth: 24
[2026-03-11 17:03:00] [INFO] Recipe cache built with 117 items.
[2026-03-11 17:03:00] [INFO] Trie depth: 30
[2026-03-11 17:03:00] [INFO] Scheduler is running: queuing task to delete_unverified_users.
[2026-03-11 17:03:00] [INFO] Scheduler is running: queuing task to start_sync_thread.
[2026-03-11 17:03:00] [INFO] No unverified users to delete.
[2026-03-11 17:03:00] [INFO] Scheduler is running: queuing task to start_sync_thread.
[2026-03-11 17:03:00] [INFO] Background scheduler for deleting unverified users has been started.
[2026-03-11 17:03:05] [INFO] Application shutting down. Signaling scheduler to stop.
[2026-03-11 17:03:10] [INFO] --- New logging session started: logs\app_20260311.log ---
[2026-03-11 17:03:10] [INFO] Ingredient cache built with 168 items.
[2026-03-11 17:03:10] [INFO] Trie depth: 24
[2026-03-11 17:03:10] [INFO] Recipe cache built with 117 items.
[2026-03-11 17:03:10] [INFO] Trie depth: 30
[2026-03-11 17:03:10] [INFO] Scheduler is running: queuing task to delete_unverified_users.
[2026-03-11 17:03:10] [INFO] Scheduler is running: queuing task to start_sync_thread.
[2026-03-11 17:03:10] [INFO] No unverified users to delete.
[2026-03-11 17:03:10] [INFO] Scheduler is running: queuing task to start_sync_thread.
[2026-03-11 17:03:10] [INFO] Background scheduler for deleting unverified users has been started.
[2026-03-11 17:04:00] [INFO] Generated verification code for abc@123.com: 611486
[2026-03-11 17:04:00] [ERROR] Failed to send verification email to abc@123.com Reaseon Invalid email domain
[2026-03-11 17:04:00] [ERROR] Failed to send verification email to abc@123.com: 422: Failed to send verification email
[2026-03-11 17:04:11] [INFO] Generated verification code for abc@123.com: 436084
[2026-03-11 17:04:11] [ERROR] Failed to send verification email to abc@123.com Reaseon Invalid email domain
[2026-03-11 17:04:11] [ERROR] Failed to send verification email to abc@123.com: 422: Failed to send verification email
[2026-03-11 17:04:55] [INFO] Generated verification code for abc@gg.com: 273096
[2026-03-11 17:04:56] [INFO] User created: abc123
[2026-03-11 17:05:10] [INFO] Scheduler is running: queuing task to start_sync_thread.
[2026-03-11 17:05:10] [INFO] Scheduler is running: queuing task to start_sync_thread.
[2026-03-11 17:06:10] [INFO] Scheduler is running: queuing task to delete_unverified_users.
[2026-03-11 17:06:10] [INFO] No unverified users to delete.
[2026-03-11 17:07:10] [INFO] Scheduler is running: queuing task to start_sync_thread.
[2026-03-11 17:07:10] [INFO] Scheduler is running: queuing task to start_sync_thread.
[2026-03-11 17:08:57] [INFO] Application shutting down. Signaling scheduler to stop.
[2026-03-11 17:09:03] [INFO] --- New logging session started: logs\app_20260311.log ---
[2026-03-11 17:09:03] [INFO] Ingredient cache built with 168 items.
[2026-03-11 17:09:03] [INFO] Trie depth: 24
[2026-03-11 17:09:03] [INFO] Recipe cache built with 117 items.
[2026-03-11 17:09:03] [INFO] Trie depth: 30
[2026-03-11 17:09:03] [INFO] Scheduler is running: queuing task to delete_unverified_users.
[2026-03-11 17:09:03] [INFO] Scheduler is running: queuing task to start_sync_thread.
[2026-03-11 17:09:03] [INFO] No unverified users to delete.
[2026-03-11 17:09:03] [INFO] Scheduler is running: queuing task to start_sync_thread.
[2026-03-11 17:09:03] [INFO] Background scheduler for deleting unverified users has been started.
[2026-03-11 17:10:31] [ERROR] Attempt to create a user that already exists: abc123 or abc123@abc.com
[2026-03-11 17:11:03] [INFO] Scheduler is running: queuing task to start_sync_thread.
[2026-03-11 17:11:03] [INFO] Scheduler is running: queuing task to start_sync_thread.
[2026-03-11 17:12:03] [INFO] Scheduler is running: queuing task to delete_unverified_users.
[2026-03-11 17:12:03] [INFO] No unverified users to delete.
[2026-03-11 17:13:03] [INFO] Scheduler is running: queuing task to start_sync_thread.
[2026-03-11 17:13:03] [INFO] Scheduler is running: queuing task to start_sync_thread.
[2026-03-11 17:15:03] [INFO] Scheduler is running: queuing task to delete_unverified_users.
[2026-03-11 17:15:03] [INFO] No unverified users to delete.
[2026-03-11 17:15:03] [INFO] Scheduler is running: queuing task to start_sync_thread.
[2026-03-11 17:15:03] [INFO] Scheduler is running: queuing task to start_sync_thread.
[2026-03-11 17:16:28] [INFO] Application shutting down. Signaling scheduler to stop.
[2026-03-11 17:16:30] [INFO] --- New logging session started: logs\app_20260311.log ---
[2026-03-11 17:16:30] [INFO] Ingredient cache built with 168 items.
[2026-03-11 17:16:30] [INFO] Trie depth: 24
[2026-03-11 17:16:30] [INFO] Recipe cache built with 117 items.
[2026-03-11 17:16:30] [INFO] Trie depth: 30
[2026-03-11 17:16:30] [INFO] Scheduler is running: queuing task to delete_unverified_users.
[2026-03-11 17:16:30] [INFO] Scheduler is running: queuing task to start_sync_thread.
[2026-03-11 17:16:30] [INFO] Scheduler is running: queuing task to start_sync_thread.
[2026-03-11 17:16:30] [INFO] Background scheduler for deleting unverified users has been started.
[2026-03-11 17:16:30] [INFO] Deleting unverified user: abc@gg.com
[2026-03-11 17:18:30] [INFO] Scheduler is running: queuing task to start_sync_thread.
[2026-03-11 17:18:30] [INFO] Scheduler is running: queuing task to start_sync_thread.
[2026-03-11 17:19:30] [INFO] Scheduler is running: queuing task to delete_unverified_users.
[2026-03-11 17:19:30] [INFO] No unverified users to delete.
[2026-03-11 17:20:30] [INFO] Scheduler is running: queuing task to start_sync_thread.
[2026-03-11 17:20:30] [INFO] Scheduler is running: queuing task to start_sync_thread.
[2026-03-11 17:20:57] [INFO] Generated verification code for abc123@abc.con: 394431
[2026-03-11 17:20:57] [INFO] Generated verification code for abc123@abc.con: 564350
[2026-03-11 17:20:57] [ERROR] Failed to send verification email to abc123@abc.con Reaseon Invalid email domain
[2026-03-11 17:20:57] [ERROR] Failed to send verification email to abc123@abc.con Reaseon Invalid email domain
[2026-03-11 17:20:57] [ERROR] Failed to send verification email to abc123@abc.con: 422: Failed to send verification email
[2026-03-11 17:20:57] [ERROR] Failed to send verification email to abc123@abc.con: 422: Failed to send verification email
[2026-03-11 17:22:30] [INFO] Scheduler is running: queuing task to delete_unverified_users.
[2026-03-11 17:22:30] [INFO] No unverified users to delete.
[2026-03-11 17:22:30] [INFO] Scheduler is running: queuing task to start_sync_thread.
[2026-03-11 17:22:30] [INFO] Scheduler is running: queuing task to start_sync_thread.
[2026-03-11 17:23:04] [INFO] Application shutting down. Signaling scheduler to stop.
[2026-03-11 17:23:06] [INFO] --- New logging session started: logs\app_20260311.log ---
[2026-03-11 17:23:06] [INFO] Ingredient cache built with 168 items.
[2026-03-11 17:23:06] [INFO] Trie depth: 24
[2026-03-11 17:23:07] [INFO] Recipe cache built with 117 items.
[2026-03-11 17:23:07] [INFO] Trie depth: 30
[2026-03-11 17:23:07] [INFO] Scheduler is running: queuing task to delete_unverified_users.
[2026-03-11 17:23:07] [INFO] Scheduler is running: queuing task to start_sync_thread.
[2026-03-11 17:23:07] [INFO] Scheduler is running: queuing task to start_sync_thread.
[2026-03-11 17:23:07] [INFO] Background scheduler for deleting unverified users has been started.
[2026-03-11 17:23:07] [INFO] No unverified users to delete.
[2026-03-11 17:23:27] [INFO] Application shutting down. Signaling scheduler to stop.
[2026-03-11 17:23:30] [INFO] --- New logging session started: logs\app_20260311.log ---
[2026-03-11 17:23:31] [INFO] Ingredient cache built with 168 items.
[2026-03-11 17:23:31] [INFO] Trie depth: 24
[2026-03-11 17:23:31] [INFO] Recipe cache built with 117 items.
[2026-03-11 17:23:31] [INFO] Trie depth: 30
[2026-03-11 17:23:31] [INFO] Scheduler is running: queuing task to delete_unverified_users.
[2026-03-11 17:23:31] [INFO] Scheduler is running: queuing task to start_sync_thread.
[2026-03-11 17:23:31] [INFO] No unverified users to delete.
[2026-03-11 17:23:31] [INFO] Scheduler is running: queuing task to start_sync_thread.
[2026-03-11 17:23:31] [INFO] Background scheduler for deleting unverified users has been started.
[2026-03-11 17:23:36] [INFO] Generated verification code for abc123@abc.con: 673169
[2026-03-11 17:23:36] [ERROR] Failed to send verification email to abc123@abc.con Reaseon Invalid email domain
[2026-03-11 17:23:36] [ERROR] Failed to send verification email to abc123@abc.con: 422: Failed to send verification email. Invalid email domain
[2026-03-11 17:24:29] [INFO] Application shutting down. Signaling scheduler to stop.
[2026-03-11 17:24:31] [INFO] --- New logging session started: logs\app_20260311.log ---
[2026-03-11 17:24:31] [INFO] Ingredient cache built with 168 items.
[2026-03-11 17:24:31] [INFO] Trie depth: 24
[2026-03-11 17:24:31] [INFO] Recipe cache built with 117 items.
[2026-03-11 17:24:31] [INFO] Trie depth: 30
[2026-03-11 17:24:31] [INFO] Scheduler is running: queuing task to delete_unverified_users.
[2026-03-11 17:24:31] [INFO] Scheduler is running: queuing task to start_sync_thread.
[2026-03-11 17:24:31] [INFO] No unverified users to delete.
[2026-03-11 17:24:31] [INFO] Scheduler is running: queuing task to start_sync_thread.
[2026-03-11 17:24:31] [INFO] Background scheduler for deleting unverified users has been started.
[2026-03-11 17:24:43] [INFO] Application shutting down. Signaling scheduler to stop.
[2026-03-11 17:24:47] [INFO] --- New logging session started: logs\app_20260311.log ---
[2026-03-11 17:24:47] [INFO] Ingredient cache built with 168 items.
[2026-03-11 17:24:47] [INFO] Trie depth: 24
[2026-03-11 17:24:47] [INFO] Recipe cache built with 117 items.
[2026-03-11 17:24:47] [INFO] Trie depth: 30
[2026-03-11 17:24:47] [INFO] Scheduler is running: queuing task to delete_unverified_users.
[2026-03-11 17:24:47] [INFO] Scheduler is running: queuing task to start_sync_thread.
[2026-03-11 17:24:47] [INFO] No unverified users to delete.
[2026-03-11 17:24:47] [INFO] Scheduler is running: queuing task to start_sync_thread.
[2026-03-11 17:24:47] [INFO] Background scheduler for deleting unverified users has been started.
[2026-03-11 17:24:51] [INFO] Generated verification code for abc123@abc.con: 193609
[2026-03-11 17:24:51] [ERROR] Failed to send verification email to abc123@abc.con Reaseon Invalid email domain
[2026-03-11 17:24:51] [ERROR] Failed to send verification email to abc123@abc.con: 422: Failed to send verification email. Invalid email domain
[2026-03-11 17:26:20] [INFO] Application shutting down. Signaling scheduler to stop.
[2026-03-11 17:26:23] [INFO] --- New logging session started: logs\app_20260311.log ---
[2026-03-11 17:26:24] [INFO] Ingredient cache built with 168 items.
[2026-03-11 17:26:24] [INFO] Trie depth: 24
[2026-03-11 17:26:24] [INFO] Recipe cache built with 117 items.
[2026-03-11 17:26:24] [INFO] Trie depth: 30
[2026-03-11 17:26:24] [INFO] Scheduler is running: queuing task to delete_unverified_users.
[2026-03-11 17:26:24] [INFO] Scheduler is running: queuing task to start_sync_thread.
[2026-03-11 17:26:24] [INFO] No unverified users to delete.
[2026-03-11 17:26:24] [INFO] Scheduler is running: queuing task to start_sync_thread.
[2026-03-11 17:26:24] [INFO] Background scheduler for deleting unverified users has been started.
[2026-03-11 17:26:33] [INFO] Generated verification code for abc123@abc.con: 795608
[2026-03-11 17:26:33] [ERROR] Failed to send verification email to abc123@abc.con Reaseon Invalid email domain
[2026-03-11 17:26:33] [ERROR] Failed to send verification email to abc123@abc.con: 422: Failed to send verification email. Invalid email domain
[2026-03-11 17:28:24] [INFO] Scheduler is running: queuing task to start_sync_thread.
[2026-03-11 17:28:24] [INFO] Scheduler is running: queuing task to start_sync_thread.
[2026-03-11 17:28:38] [INFO] Application shutting down. Signaling scheduler to stop.
[2026-03-11 17:28:41] [INFO] --- New logging session started: logs\app_20260311.log ---
[2026-03-11 17:28:42] [INFO] Ingredient cache built with 168 items.
[2026-03-11 17:28:42] [INFO] Trie depth: 24
[2026-03-11 17:28:42] [INFO] Recipe cache built with 117 items.
[2026-03-11 17:28:42] [INFO] Trie depth: 30
[2026-03-11 17:28:42] [INFO] Scheduler is running: queuing task to delete_unverified_users.
[2026-03-11 17:28:42] [INFO] Scheduler is running: queuing task to start_sync_thread.
[2026-03-11 17:28:42] [INFO] Scheduler is running: queuing task to start_sync_thread.
[2026-03-11 17:28:42] [INFO] Background scheduler for deleting unverified users has been started.
[2026-03-11 17:28:42] [INFO] No unverified users to delete.
[2026-03-11 17:28:51] [INFO] Generated verification code for abc123@abc.con: 923218
[2026-03-11 17:28:51] [ERROR] Failed to send verification email to abc123@abc.con Reaseon Invalid email domain
[2026-03-11 17:28:51] [ERROR] Failed to send verification email to abc123@abc.con: 422: Failed to send verification email. Invalid email domain
[2026-03-11 17:29:41] [INFO] Application shutting down. Signaling scheduler to stop.
[2026-03-11 17:29:42] [INFO] --- New logging session started: logs\app_20260311.log ---
[2026-03-11 17:29:42] [INFO] Ingredient cache built with 168 items.
[2026-03-11 17:29:42] [INFO] Trie depth: 24
[2026-03-11 17:29:42] [INFO] Recipe cache built with 117 items.
[2026-03-11 17:29:42] [INFO] Trie depth: 30
[2026-03-11 17:29:42] [INFO] Scheduler is running: queuing task to delete_unverified_users.
[2026-03-11 17:29:42] [INFO] Scheduler is running: queuing task to start_sync_thread.
[2026-03-11 17:29:42] [INFO] No unverified users to delete.
[2026-03-11 17:29:42] [INFO] Scheduler is running: queuing task to start_sync_thread.
[2026-03-11 17:29:42] [INFO] Background scheduler for deleting unverified users has been started.
[2026-03-11 17:29:46] [INFO] Application shutting down. Signaling scheduler to stop.
[2026-03-11 17:29:50] [INFO] --- New logging session started: logs\app_20260311.log ---
[2026-03-11 17:29:50] [INFO] Ingredient cache built with 168 items.
[2026-03-11 17:29:50] [INFO] Trie depth: 24
[2026-03-11 17:29:50] [INFO] Recipe cache built with 117 items.
[2026-03-11 17:29:50] [INFO] Trie depth: 30
[2026-03-11 17:29:50] [INFO] Scheduler is running: queuing task to delete_unverified_users.
[2026-03-11 17:29:50] [INFO] Scheduler is running: queuing task to start_sync_thread.
[2026-03-11 17:29:50] [INFO] No unverified users to delete.
[2026-03-11 17:29:50] [INFO] Scheduler is running: queuing task to start_sync_thread.
[2026-03-11 17:29:50] [INFO] Background scheduler for deleting unverified users has been started.
[2026-03-11 17:29:58] [INFO] Generated verification code for abc123@abc.con: 271215
[2026-03-11 17:29:58] [ERROR] Failed to send verification email to abc123@abc.con Reaseon Invalid email domain
[2026-03-11 17:29:58] [ERROR] Failed to send verification email to abc123@abc.con: 422: Failed to send verification email. Invalid email domain
[2026-03-11 17:30:35] [INFO] Application shutting down. Signaling scheduler to stop.
[2026-03-11 17:30:38] [INFO] --- New logging session started: logs\app_20260311.log ---
[2026-03-11 17:30:38] [INFO] Ingredient cache built with 168 items.
[2026-03-11 17:30:38] [INFO] Trie depth: 24
[2026-03-11 17:30:38] [INFO] Recipe cache built with 117 items.
[2026-03-11 17:30:38] [INFO] Trie depth: 30
[2026-03-11 17:30:38] [INFO] Scheduler is running: queuing task to delete_unverified_users.
[2026-03-11 17:30:38] [INFO] Scheduler is running: queuing task to start_sync_thread.
[2026-03-11 17:30:38] [INFO] No unverified users to delete.
[2026-03-11 17:30:38] [INFO] Scheduler is running: queuing task to start_sync_thread.
[2026-03-11 17:30:38] [INFO] Background scheduler for deleting unverified users has been started.
[2026-03-11 17:30:41] [INFO] Generated verification code for abc123@abc.con: 151323
[2026-03-11 17:30:41] [ERROR] Failed to send verification email to abc123@abc.con Reaseon Invalid email domain
[2026-03-11 17:30:41] [ERROR] Failed to send verification email to abc123@abc.con: 422: Failed to send verification email. Invalid email domain
[2026-03-11 17:31:21] [INFO] Application shutting down. Signaling scheduler to stop.
[2026-03-11 17:31:26] [INFO] --- New logging session started: logs\app_20260311.log ---
[2026-03-11 17:31:26] [INFO] Ingredient cache built with 168 items.
[2026-03-11 17:31:26] [INFO] Trie depth: 24
[2026-03-11 17:31:26] [INFO] Recipe cache built with 117 items.
[2026-03-11 17:31:26] [INFO] Trie depth: 30
[2026-03-11 17:31:26] [INFO] Scheduler is running: queuing task to delete_unverified_users.
[2026-03-11 17:31:26] [INFO] Scheduler is running: queuing task to start_sync_thread.
[2026-03-11 17:31:26] [INFO] No unverified users to delete.
[2026-03-11 17:31:26] [INFO] Scheduler is running: queuing task to start_sync_thread.
[2026-03-11 17:31:26] [INFO] Background scheduler for deleting unverified users has been started.
[2026-03-11 17:31:32] [INFO] Generated verification code for abc123@abc.con: 525079
[2026-03-11 17:31:32] [ERROR] Failed to send verification email to abc123@abc.con Reaseon Invalid email domain
[2026-03-11 17:31:32] [ERROR] Failed to send verification email to abc123@abc.con: 422: Failed to send verification email. Invalid email domain
[2026-03-11 17:33:26] [INFO] Scheduler is running: queuing task to start_sync_thread.
[2026-03-11 17:33:26] [INFO] Scheduler is running: queuing task to start_sync_thread.
[2026-03-11 17:33:34] [INFO] Application shutting down. Signaling scheduler to stop.
[2026-03-11 17:33:37] [INFO] --- New logging session started: logs\app_20260311.log ---
[2026-03-11 17:33:37] [INFO] Ingredient cache built with 168 items.
[2026-03-11 17:33:37] [INFO] Trie depth: 24
[2026-03-11 17:33:37] [INFO] Recipe cache built with 117 items.
[2026-03-11 17:33:37] [INFO] Trie depth: 30
[2026-03-11 17:33:37] [INFO] Scheduler is running: queuing task to delete_unverified_users.
[2026-03-11 17:33:37] [INFO] Scheduler is running: queuing task to start_sync_thread.
[2026-03-11 17:33:37] [INFO] No unverified users to delete.
[2026-03-11 17:33:37] [INFO] Scheduler is running: queuing task to start_sync_thread.
[2026-03-11 17:33:37] [INFO] Background scheduler for deleting unverified users has been started.
[2026-03-11 17:33:42] [INFO] Application shutting down. Signaling scheduler to stop.
[2026-03-11 17:33:48] [INFO] --- New logging session started: logs\app_20260311.log ---
[2026-03-11 17:33:48] [INFO] Ingredient cache built with 168 items.
[2026-03-11 17:33:48] [INFO] Trie depth: 24
[2026-03-11 17:33:48] [INFO] Recipe cache built with 117 items.
[2026-03-11 17:33:48] [INFO] Trie depth: 30
[2026-03-11 17:33:48] [INFO] Scheduler is running: queuing task to delete_unverified_users.
[2026-03-11 17:33:48] [INFO] Scheduler is running: queuing task to start_sync_thread.
[2026-03-11 17:33:48] [INFO] No unverified users to delete.
[2026-03-11 17:33:48] [INFO] Scheduler is running: queuing task to start_sync_thread.
[2026-03-11 17:33:48] [INFO] Background scheduler for deleting unverified users has been started.
[2026-03-11 17:33:52] [INFO] Generated verification code for abc123@abc.con: 788845
[2026-03-11 17:33:52] [ERROR] Failed to send verification email to abc123@abc.con Reaseon Invalid email domain
[2026-03-11 17:34:52] [INFO] Application shutting down. Signaling scheduler to stop.
[2026-03-11 17:34:54] [INFO] --- New logging session started: logs\app_20260311.log ---
[2026-03-11 17:34:54] [INFO] Ingredient cache built with 168 items.
[2026-03-11 17:34:54] [INFO] Trie depth: 24
[2026-03-11 17:34:54] [INFO] Recipe cache built with 117 items.
[2026-03-11 17:34:54] [INFO] Trie depth: 30
[2026-03-11 17:34:54] [INFO] Scheduler is running: queuing task to delete_unverified_users.
[2026-03-11 17:34:54] [INFO] Scheduler is running: queuing task to start_sync_thread.
[2026-03-11 17:34:54] [INFO] No unverified users to delete.
[2026-03-11 17:34:54] [INFO] Scheduler is running: queuing task to start_sync_thread.
[2026-03-11 17:34:54] [INFO] Background scheduler for deleting unverified users has been started.
[2026-03-11 17:35:04] [INFO] Application shutting down. Signaling scheduler to stop.
[2026-03-11 17:35:08] [INFO] --- New logging session started: logs\app_20260311.log ---
[2026-03-11 17:35:08] [INFO] Ingredient cache built with 168 items.
[2026-03-11 17:35:08] [INFO] Trie depth: 24
[2026-03-11 17:35:08] [INFO] Recipe cache built with 117 items.
[2026-03-11 17:35:08] [INFO] Trie depth: 30
[2026-03-11 17:35:08] [INFO] Scheduler is running: queuing task to delete_unverified_users.
[2026-03-11 17:35:08] [INFO] Scheduler is running: queuing task to start_sync_thread.
[2026-03-11 17:35:08] [INFO] No unverified users to delete.
[2026-03-11 17:35:08] [INFO] Scheduler is running: queuing task to start_sync_thread.
[2026-03-11 17:35:08] [INFO] Background scheduler for deleting unverified users has been started.
[2026-03-11 17:35:15] [INFO] Generated verification code for abc123@abc.con: 111260
[2026-03-11 17:35:15] [ERROR] Failed to send verification email to abc123@abc.con Reaseon Invalid email domain
[2026-03-11 17:35:15] [ERROR] Failed to send verification email to abc123@abc.con: 422: Failed to send verification email. Invalid email domain
[2026-03-11 17:35:56] [INFO] Application shutting down. Signaling scheduler to stop.
[2026-03-11 17:36:04] [INFO] --- New logging session started: logs\app_20260311.log ---
[2026-03-11 17:36:04] [INFO] Ingredient cache built with 168 items.
[2026-03-11 17:36:04] [INFO] Trie depth: 24
[2026-03-11 17:36:04] [INFO] Recipe cache built with 117 items.
[2026-03-11 17:36:04] [INFO] Trie depth: 30
[2026-03-11 17:36:04] [INFO] Scheduler is running: queuing task to delete_unverified_users.
[2026-03-11 17:36:04] [INFO] Scheduler is running: queuing task to start_sync_thread.
[2026-03-11 17:36:04] [INFO] No unverified users to delete.
[2026-03-11 17:36:04] [INFO] Scheduler is running: queuing task to start_sync_thread.
[2026-03-11 17:36:04] [INFO] Background scheduler for deleting unverified users has been started.
[2026-03-11 17:36:09] [INFO] Generated verification code for abc123@abc.con: 424832
[2026-03-11 17:36:09] [ERROR] Failed to send verification email to abc123@abc.con Reaseon Invalid email domain
[2026-03-11 17:36:34] [INFO] Generated verification code for abc123@email.con: 319226
[2026-03-11 17:36:34] [ERROR] Failed to send verification email to abc123@email.con Reaseon Invalid email domain
[2026-03-11 17:36:55] [INFO] Generated verification code for abc123@gmail.con: 189322
[2026-03-11 17:36:55] [ERROR] Failed to send verification email to abc123@gmail.con Reaseon Invalid email domain
[2026-03-11 17:37:09] [INFO] Generated verification code for abc123@gmail.ro: 765843
[2026-03-11 17:37:09] [ERROR] Failed to send verification email to abc123@gmail.ro Reaseon Invalid email domain
[2026-03-11 17:38:04] [INFO] Scheduler is running: queuing task to start_sync_thread.
[2026-03-11 17:38:04] [INFO] Scheduler is running: queuing task to start_sync_thread.
[2026-03-11 17:38:55] [INFO] Application shutting down. Signaling scheduler to stop.
[2026-03-11 17:38:56] [INFO] --- New logging session started: logs\app_20260311.log ---
[2026-03-11 17:38:56] [INFO] Ingredient cache built with 168 items.
[2026-03-11 17:38:56] [INFO] Trie depth: 24
[2026-03-11 17:38:56] [INFO] Recipe cache built with 117 items.
[2026-03-11 17:38:56] [INFO] Trie depth: 30
[2026-03-11 17:38:56] [INFO] Scheduler is running: queuing task to delete_unverified_users.
[2026-03-11 17:38:56] [INFO] Scheduler is running: queuing task to start_sync_thread.
[2026-03-11 17:38:56] [INFO] No unverified users to delete.
[2026-03-11 17:38:56] [INFO] Scheduler is running: queuing task to start_sync_thread.
[2026-03-11 17:38:56] [INFO] Background scheduler for deleting unverified users has been started.
[2026-03-11 17:38:56] [INFO] Application shutting down. Signaling scheduler to stop.
[2026-03-11 17:39:00] [INFO] --- New logging session started: logs\app_20260311.log ---
[2026-03-11 17:39:00] [INFO] Ingredient cache built with 168 items.
[2026-03-11 17:39:00] [INFO] Trie depth: 24
[2026-03-11 17:39:00] [INFO] Recipe cache built with 117 items.
[2026-03-11 17:39:00] [INFO] Trie depth: 30
[2026-03-11 17:39:00] [INFO] Scheduler is running: queuing task to delete_unverified_users.
[2026-03-11 17:39:00] [INFO] Scheduler is running: queuing task to start_sync_thread.
[2026-03-11 17:39:00] [INFO] No unverified users to delete.
[2026-03-11 17:39:00] [INFO] Scheduler is running: queuing task to start_sync_thread.
[2026-03-11 17:39:00] [INFO] Background scheduler for deleting unverified users has been started.
[2026-03-11 17:39:05] [INFO] Generated verification code for abc123@gmail.ro: 732305
[2026-03-11 17:39:05] [ERROR] Failed to send verification email to abc123@gmail.ro Reaseon Invalid email domain
[2026-03-11 17:39:18] [INFO] Generated verification code for abc123@gmail.com: 434228
[2026-03-11 17:39:19] [INFO] User created: abc123
[2026-03-11 17:40:11] [ERROR] Attempt to create a user that already exists: abc123 or abc123@email.com
[2026-03-11 17:40:24] [INFO] Generated verification code for abc123@email.com: 921035
[2026-03-11 17:40:25] [INFO] User created: abc1234
[2026-03-11 17:41:00] [INFO] Scheduler is running: queuing task to start_sync_thread.
[2026-03-11 17:41:00] [INFO] Scheduler is running: queuing task to start_sync_thread.
[2026-03-11 17:43:00] [INFO] Scheduler is running: queuing task to start_sync_thread.
ers.
[2026-03-11 17:43:00] [INFO] Scheduler is running: queuing task to start_sync_thread.
[2026-03-11 17:50:27] [INFO] Deleting unverified user: abc123@gmail.com
[2026-03-11 17:50:27] [INFO] Generated verification code for acb123@email.com: 223827
[2026-03-11 17:50:28] [INFO] User created: acv123
[2026-03-11 17:50:36] [ERROR] Attempt to create a user that already exists: acv123 or acb123@email.com
[2026-03-11 17:50:36] [ERROR] Attempt to create a user that already exists: acv123 or acb123@email.com
[2026-03-11 17:51:01] [INFO] Generated verification code for ac4b123@email.com: 802444
[2026-03-11 17:51:02] [INFO] User created: acv1234
[2026-03-11 17:52:27] [INFO] Scheduler is running: queuing task to start_sync_thread.
[2026-03-11 17:52:27] [INFO] Scheduler is running: queuing task to start_sync_thread.
[2026-03-11 17:53:27] [INFO] Scheduler is running: queuing task to delete_unverified_users.
[2026-03-11 17:53:27] [INFO] Deleting unverified user: abc123@email.com
[2026-03-11 17:54:27] [INFO] Scheduler is running: queuing task to start_sync_thread.
[2026-03-11 17:54:27] [INFO] Scheduler is running: queuing task to start_sync_thread.
[2026-03-11 17:56:27] [INFO] Scheduler is running: queuing task to delete_unverified_users.
[2026-03-11 17:56:27] [INFO] No unverified users to delete.
[2026-03-11 17:56:27] [INFO] Scheduler is running: queuing task to start_sync_thread.
[2026-03-11 17:56:27] [INFO] Scheduler is running: queuing task to start_sync_thread.
[2026-03-11 17:58:27] [INFO] Scheduler is running: queuing task to start_sync_thread.
[2026-03-11 17:58:27] [INFO] Scheduler is running: queuing task to start_sync_thread.
[2026-03-11 17:58:38] [INFO] Generated verification code for abc123@email.com: 376588
[2026-03-11 17:58:39] [INFO] User created: abc123
[2026-03-11 17:59:27] [INFO] Scheduler is running: queuing task to delete_unverified_users.
[2026-03-11 17:59:27] [INFO] No unverified users to delete.
[2026-03-11 18:00:27] [INFO] Scheduler is running: queuing task to start_sync_thread.
[2026-03-11 18:00:27] [INFO] Scheduler is running: queuing task to start_sync_thread.
[2026-03-11 18:02:27] [INFO] Scheduler is running: queuing task to delete_unverified_users.
[2026-03-11 18:02:27] [INFO] Deleting unverified user: acb123@email.com
[2026-03-11 18:02:27] [INFO] Deleting unverified user: ac4b123@email.com
[2026-03-11 18:02:27] [INFO] Scheduler is running: queuing task to start_sync_thread.
[2026-03-11 18:02:27] [INFO] Scheduler is running: queuing task to start_sync_thread.
[2026-03-11 18:04:27] [INFO] Scheduler is running: queuing task to start_sync_thread.
[2026-03-11 18:04:27] [INFO] Scheduler is running: queuing task to start_sync_thread.
[2026-03-11 18:05:06] [INFO] Application shutting down. Signaling scheduler to stop.
[2026-03-11 18:05:07] [INFO] --- New logging session started: logs\app_20260311.log ---
[2026-03-11 18:05:08] [INFO] Ingredient cache built with 168 items.
[2026-03-11 18:05:08] [INFO] Trie depth: 24
[2026-03-11 18:05:08] [INFO] Recipe cache built with 117 items.
[2026-03-11 18:05:08] [INFO] Trie depth: 30
[2026-03-11 18:05:08] [INFO] Scheduler is running: queuing task to delete_unverified_users.
[2026-03-11 18:05:08] [INFO] Scheduler is running: queuing task to start_sync_thread.
[2026-03-11 18:05:08] [INFO] No unverified users to delete.
[2026-03-11 18:05:08] [INFO] Scheduler is running: queuing task to start_sync_thread.
[2026-03-11 18:05:08] [INFO] Background scheduler for deleting unverified users has been started.
[2026-03-11 18:05:08] [INFO] Application shutting down. Signaling scheduler to stop.
[2026-03-11 18:05:10] [INFO] --- New logging session started: logs\app_20260311.log ---
[2026-03-11 18:05:11] [INFO] Ingredient cache built with 168 items.
[2026-03-11 18:05:11] [INFO] Trie depth: 24
[2026-03-11 18:05:11] [INFO] Recipe cache built with 117 items.
[2026-03-11 18:05:11] [INFO] Trie depth: 30
[2026-03-11 18:05:11] [INFO] Scheduler is running: queuing task to delete_unverified_users.
[2026-03-11 18:05:11] [INFO] Scheduler is running: queuing task to start_sync_thread.
[2026-03-11 18:05:11] [INFO] No unverified users to delete.
[2026-03-11 18:05:11] [INFO] Scheduler is running: queuing task to start_sync_thread.
[2026-03-11 18:05:11] [INFO] Background scheduler for deleting unverified users has been started.
[2026-03-11 18:05:42] [INFO] Generated verification code for dum@email.com: 339423
[2026-03-11 18:05:43] [INFO] User created: dummy
[2026-03-11 18:06:07] [INFO] Generated new verification code for dum@email.com: 277317
[2026-03-11 18:06:07] [INFO] Verification code resent to dum@email.com
[2026-03-11 18:06:51] [INFO] Generated new verification code for dum@email.com: 424500
[2026-03-11 18:06:51] [INFO] Verification code resent to dum@email.com
[2026-03-11 18:07:11] [INFO] Scheduler is running: queuing task to start_sync_thread.
[2026-03-11 18:07:11] [INFO] Scheduler is running: queuing task to start_sync_thread.
[2026-03-11 18:08:11] [INFO] Scheduler is running: queuing task to delete_unverified_users.
[2026-03-11 18:08:11] [INFO] No unverified users to delete.
[2026-03-11 18:09:11] [INFO] Scheduler is running: queuing task to start_sync_thread.
[2026-03-11 18:09:11] [INFO] Scheduler is running: queuing task to start_sync_thread.
[2026-03-11 18:11:11] [INFO] Scheduler is running: queuing task to start_sync_thread.
[2026-03-11 18:11:11] [INFO] Scheduler is running: queuing task to start_sync_thread.
[2026-03-11 18:11:11] [INFO] Scheduler is running: queuing task to delete_unverified_users.
[2026-03-11 18:11:11] [INFO] No unverified users to delete.
[2026-03-11 18:13:11] [INFO] Scheduler is running: queuing task to start_sync_thread.
[2026-03-11 18:13:11] [INFO] Scheduler is running: queuing task to start_sync_thread.
[2026-03-11 18:14:11] [INFO] Scheduler is running: queuing task to delete_unverified_users.
[2026-03-11 18:14:11] [INFO] No unverified users to delete.
[2026-03-11 18:15:11] [INFO] Scheduler is running: queuing task to start_sync_thread.
[2026-03-11 18:15:11] [INFO] Scheduler is running: queuing task to start_sync_thread.
[2026-03-11 18:17:11] [INFO] Scheduler is running: queuing task to start_sync_thread.
[2026-03-11 18:17:11] [INFO] Scheduler is running: queuing task to start_sync_thread.
[2026-03-11 18:17:11] [INFO] Scheduler is running: queuing task to delete_unverified_users.
[2026-03-11 18:17:11] [INFO] No unverified users to delete.
[2026-03-11 18:19:11] [INFO] Scheduler is running: queuing task to start_sync_thread.
[2026-03-11 18:19:11] [INFO] Scheduler is running: queuing task to start_sync_thread.
[2026-03-11 18:20:11] [INFO] Scheduler is running: queuing task to delete_unverified_users.
[2026-03-11 18:20:11] [INFO] No unverified users to delete.
[2026-03-11 18:21:11] [INFO] Scheduler is running: queuing task to start_sync_thread.
[2026-03-11 18:21:11] [INFO] Scheduler is running: queuing task to start_sync_thread.
[2026-03-11 18:23:11] [INFO] Scheduler is running: queuing task to start_sync_thread.
[2026-03-11 18:23:11] [INFO] Scheduler is running: queuing task to delete_unverified_users.
[2026-03-11 18:23:11] [INFO] Scheduler is running: queuing task to start_sync_thread.
[2026-03-11 18:23:11] [INFO] No unverified users to delete.
[2026-03-11 18:25:11] [INFO] Scheduler is running: queuing task to start_sync_thread.
[2026-03-11 18:25:11] [INFO] Scheduler is running: queuing task to start_sync_thread.
[2026-03-11 18:26:11] [INFO] Scheduler is running: queuing task to delete_unverified_users.
[2026-03-11 18:26:11] [INFO] No unverified users to delete.
[2026-03-11 18:27:11] [INFO] Scheduler is running: queuing task to start_sync_thread.
[2026-03-11 18:27:11] [INFO] Scheduler is running: queuing task to start_sync_thread.
[2026-03-11 18:29:11] [INFO] Scheduler is running: queuing task to start_sync_thread.
[2026-03-11 18:29:11] [INFO] Scheduler is running: queuing task to delete_unverified_users.
[2026-03-11 18:29:11] [INFO] No unverified users to delete.
[2026-03-11 18:29:11] [INFO] Scheduler is running: queuing task to start_sync_thread.
[2026-03-11 18:30:19] [INFO] Generated verification code for dumy12@mc.com: 832955
[2026-03-11 18:30:19] [ERROR] Failed to send verification email to dumy12@mc.com Reaseon Invalid email domain
[2026-03-11 18:30:42] [INFO] Generated verification code for dumy12@mc.com: 574124
[2026-03-11 18:30:42] [ERROR] Failed to send verification email to dumy12@mc.com Reaseon Invalid email domain
[2026-03-11 18:30:55] [INFO] Generated verification code for dumy12@email.com: 842342
[2026-03-11 18:30:56] [INFO] User created: dumy12
[2026-03-11 18:31:11] [INFO] Scheduler is running: queuing task to start_sync_thread.
[2026-03-11 18:31:11] [INFO] Scheduler is running: queuing task to start_sync_thread.
[2026-03-11 18:31:22] [INFO] Generated new verification code for dumy12@email.com: 165394
[2026-03-11 18:31:22] [INFO] Verification code resent to dumy12@email.com
[2026-03-11 18:32:11] [INFO] Scheduler is running: queuing task to delete_unverified_users.
[2026-03-11 18:32:11] [INFO] No unverified users to delete.
[2026-03-11 18:33:11] [INFO] Scheduler is running: queuing task to start_sync_thread.
[2026-03-11 18:33:11] [INFO] Scheduler is running: queuing task to start_sync_thread.
[2026-03-11 18:35:11] [INFO] Scheduler is running: queuing task to start_sync_thread.
[2026-03-11 18:35:11] [INFO] Scheduler is running: queuing task to delete_unverified_users.
[2026-03-11 18:35:11] [INFO] No unverified users to delete.
[2026-03-11 18:35:11] [INFO] Scheduler is running: queuing task to start_sync_thread.
[2026-03-11 18:37:11] [INFO] Scheduler is running: queuing task to start_sync_thread.
[2026-03-11 18:37:11] [INFO] Scheduler is running: queuing task to start_sync_thread.
[2026-03-11 18:38:11] [INFO] Scheduler is running: queuing task to delete_unverified_users.
[2026-03-11 18:38:11] [INFO] No unverified users to delete.
[2026-03-11 18:39:11] [INFO] Scheduler is running: queuing task to start_sync_thread.
[2026-03-11 18:39:11] [INFO] Scheduler is running: queuing task to start_sync_thread.
[2026-03-11 18:41:11] [INFO] Scheduler is running: queuing task to start_sync_thread.
[2026-03-11 18:41:11] [INFO] Scheduler is running: queuing task to delete_unverified_users.
[2026-03-11 18:41:11] [INFO] No unverified users to delete.
[2026-03-11 18:41:11] [INFO] Scheduler is running: queuing task to start_sync_thread.
[2026-03-11 18:43:11] [INFO] Scheduler is running: queuing task to start_sync_thread.
[2026-03-11 18:43:11] [INFO] Scheduler is running: queuing task to start_sync_thread.
[2026-03-11 18:43:30] [INFO] Generated verification code for advb@email.com: 346551
[2026-03-11 18:43:31] [INFO] User created: ascf
[2026-03-11 18:44:02] [INFO] Generated new verification code for advb@email.com: 471233
[2026-03-11 18:44:02] [INFO] Verification code resent to advb@email.com
[2026-03-11 18:44:11] [INFO] Scheduler is running: queuing task to delete_unverified_users.
[2026-03-11 18:44:11] [INFO] No unverified users to delete.
[2026-03-11 18:45:11] [INFO] Scheduler is running: queuing task to start_sync_thread.
[2026-03-11 18:45:11] [INFO] Scheduler is running: queuing task to start_sync_thread.
[2026-03-11 18:47:11] [INFO] Scheduler is running: queuing task to start_sync_thread.
[2026-03-11 18:47:11] [INFO] Scheduler is running: queuing task to delete_unverified_users.
[2026-03-11 18:47:11] [INFO] No unverified users to delete.
[2026-03-11 18:47:11] [INFO] Scheduler is running: queuing task to start_sync_thread.
[2026-03-11 18:49:11] [INFO] Scheduler is running: queuing task to start_sync_thread.
[2026-03-11 18:49:11] [INFO] Scheduler is running: queuing task to start_sync_thread.
[2026-03-11 18:49:13] [INFO] Generated verification code for eugrr@gkf.com: 946735
[2026-03-11 18:49:13] [INFO] Generated verification code for eugrr@gkf.com: 247654
[2026-03-11 18:49:14] [INFO] User created: eu45
[2026-03-11 18:50:11] [INFO] Scheduler is running: queuing task to delete_unverified_users.
[2026-03-11 18:50:11] [INFO] No unverified users to delete.
[2026-03-11 18:50:15] [INFO] Generated new verification code for eugrr@gkf.com: 978504
[2026-03-11 18:50:15] [INFO] Verification code resent to eugrr@gkf.com
[2026-03-11 18:51:11] [INFO] Scheduler is running: queuing task to start_sync_thread.
[2026-03-11 18:51:11] [INFO] Scheduler is running: queuing task to start_sync_thread.
[2026-03-11 18:53:11] [INFO] Scheduler is running: queuing task to start_sync_thread.
[2026-03-11 18:53:11] [INFO] Scheduler is running: queuing task to delete_unverified_users.
[2026-03-11 18:53:11] [INFO] No unverified users to delete.
[2026-03-11 18:53:11] [INFO] Scheduler is running: queuing task to start_sync_thread.
[2026-03-11 18:55:11] [INFO] Scheduler is running: queuing task to start_sync_thread.
[2026-03-11 18:55:11] [INFO] Scheduler is running: queuing task to start_sync_thread.
[2026-03-11 18:56:11] [INFO] Scheduler is running: queuing task to delete_unverified_users.
[2026-03-11 18:56:11] [INFO] Deleting unverified user: advb@email.com
[2026-03-11 18:57:11] [INFO] Scheduler is running: queuing task to start_sync_thread.
[2026-03-11 18:57:11] [INFO] Scheduler is running: queuing task to start_sync_thread.
[2026-03-11 18:59:11] [INFO] Scheduler is running: queuing task to start_sync_thread.
[2026-03-11 18:59:11] [INFO] Scheduler is running: queuing task to delete_unverified_users.
[2026-03-11 18:59:11] [INFO] No unverified users to delete.
[2026-03-11 18:59:11] [INFO] Scheduler is running: queuing task to start_sync_thread.
[2026-03-11 19:01:11] [INFO] Scheduler is running: queuing task to start_sync_thread.
[2026-03-11 19:01:11] [INFO] Scheduler is running: queuing task to start_sync_thread.
[2026-03-11 19:02:11] [INFO] Scheduler is running: queuing task to delete_unverified_users.
[2026-03-11 19:02:11] [INFO] No unverified users to delete.
[2026-03-11 19:03:11] [INFO] Scheduler is running: queuing task to start_sync_thread.
[2026-03-11 19:03:11] [INFO] Scheduler is running: queuing task to start_sync_thread.
[2026-03-11 19:05:11] [INFO] Scheduler is running: queuing task to start_sync_thread.
[2026-03-11 19:05:11] [INFO] Scheduler is running: queuing task to delete_unverified_users.
[2026-03-11 19:05:11] [INFO] No unverified users to delete.
[2026-03-11 19:05:11] [INFO] Scheduler is running: queuing task to start_sync_thread.
[2026-03-11 19:07:11] [INFO] Scheduler is running: queuing task to start_sync_thread.
[2026-03-11 19:07:11] [INFO] Scheduler is running: queuing task to start_sync_thread.
[2026-03-11 19:08:02] [INFO] Application shutting down. Signaling scheduler to stop.
