[2026-03-13 10:08:33] [INFO] --- New logging session started: logs\app_20260313.log ---
[2026-03-13 10:08:33] [INFO] Ingredient cache built with 168 items.
[2026-03-13 10:08:33] [INFO] Trie depth: 24
[2026-03-13 10:08:33] [INFO] Recipe cache built with 117 items.
[2026-03-13 10:08:33] [INFO] Trie depth: 30
[2026-03-13 10:08:33] [INFO] Scheduler is running: queuing task to delete_unverified_users.
[2026-03-13 10:08:33] [INFO] Scheduler is running: queuing task to start_sync_thread.
[2026-03-13 10:08:33] [INFO] No unverified users to delete.
[2026-03-13 10:08:33] [INFO] Scheduler is running: queuing task to start_sync_thread.
[2026-03-13 10:08:33] [INFO] Background scheduler for deleting unverified users has been started.
[2026-03-13 10:10:01] [INFO] Generated verification code for dgf@email.com: 807143
[2026-03-13 10:10:03] [INFO] User created: tu678
[2026-03-13 10:10:29] [INFO] Generated new verification code for dgf@email.com: 825903
[2026-03-13 10:10:29] [INFO] Verification code resent to dgf@email.com
[2026-03-13 10:10:29] [INFO] Generated new verification code for dgf@email.com: 695100
[2026-03-13 10:10:29] [INFO] Verification code resent to dgf@email.com
[2026-03-13 10:10:33] [INFO] Scheduler is running: queuing task to start_sync_thread.
[2026-03-13 10:10:33] [INFO] Scheduler is running: queuing task to start_sync_thread.
[2026-03-13 10:11:33] [INFO] Scheduler is running: queuing task to delete_unverified_users.
[2026-03-13 10:11:33] [INFO] No unverified users to delete.
[2026-03-13 10:12:33] [INFO] Scheduler is running: queuing task to start_sync_thread.
[2026-03-13 10:12:33] [INFO] Scheduler is running: queuing task to start_sync_thread.
[2026-03-13 10:14:33] [INFO] Scheduler is running: queuing task to delete_unverified_users.
[2026-03-13 10:14:33] [INFO] No unverified users to delete.
[2026-03-13 10:14:33] [INFO] Scheduler is running: queuing task to start_sync_thread.
[2026-03-13 10:14:33] [INFO] Scheduler is running: queuing task to start_sync_thread.
[2026-03-13 10:16:33] [INFO] Scheduler is running: queuing task to start_sync_thread.
[2026-03-13 10:16:33] [INFO] Scheduler is running: queuing task to start_sync_thread.
[2026-03-13 10:17:30] [INFO] Scheduler is running: queuing task to delete_unverified_users.
[2026-03-13 10:17:30] [INFO] No unverified users to delete.
[2026-03-13 10:18:30] [INFO] Scheduler is running: queuing task to start_sync_thread.
[2026-03-13 10:18:30] [INFO] Scheduler is running: queuing task to start_sync_thread.
[2026-03-13 10:20:30] [INFO] Scheduler is running: queuing task to delete_unverified_users.
[2026-03-13 10:20:30] [INFO] No unverified users to delete.
[2026-03-13 10:20:30] [INFO] Scheduler is running: queuing task to start_sync_thread.
[2026-03-13 10:20:30] [INFO] Scheduler is running: queuing task to start_sync_thread.
[2026-03-13 10:21:43] [ERROR] Attempt to create a user that already exists: uuy67 or dgf@email.com
[2026-03-13 10:22:19] [INFO] Generated verification code for dg45f@email.com: 123501
[2026-03-13 10:22:20] [INFO] User created: uuy67
[2026-03-13 10:22:30] [INFO] Scheduler is running: queuing task to start_sync_thread.
[2026-03-13 10:22:30] [INFO] Scheduler is running: queuing task to start_sync_thread.
[2026-03-13 10:22:37] [INFO] Generated new verification code for dg45f@email.com: 986989
[2026-03-13 10:22:37] [INFO] Verification code resent to dg45f@email.com
[2026-03-13 10:23:30] [INFO] Scheduler is running: queuing task to delete_unverified_users.
[2026-03-13 10:23:30] [INFO] Deleting unverified user: dgf@email.com
[2026-03-13 10:24:30] [INFO] Scheduler is running: queuing task to start_sync_thread.
[2026-03-13 10:24:30] [INFO] Scheduler is running: queuing task to start_sync_thread.
[2026-03-13 10:26:30] [INFO] Scheduler is running: queuing task to delete_unverified_users.
[2026-03-13 10:26:30] [INFO] No unverified users to delete.
[2026-03-13 10:26:30] [INFO] Scheduler is running: queuing task to start_sync_thread.
[2026-03-13 10:26:30] [INFO] Scheduler is running: queuing task to start_sync_thread.
[2026-03-13 10:28:30] [INFO] Scheduler is running: queuing task to start_sync_thread.
[2026-03-13 10:28:30] [INFO] Scheduler is running: queuing task to start_sync_thread.
[2026-03-13 10:29:30] [INFO] Scheduler is running: queuing task to delete_unverified_users.
[2026-03-13 10:29:30] [INFO] No unverified users to delete.
[2026-03-13 10:30:30] [INFO] Scheduler is running: queuing task to start_sync_thread.
[2026-03-13 10:30:30] [INFO] Scheduler is running: queuing task to start_sync_thread.
[2026-03-13 10:32:30] [INFO] Scheduler is running: queuing task to delete_unverified_users.
[2026-03-13 10:32:30] [INFO] No unverified users to delete.
[2026-03-13 10:32:30] [INFO] Scheduler is running: queuing task to start_sync_thread.
[2026-03-13 10:32:30] [INFO] Scheduler is running: queuing task to start_sync_thread.
[2026-03-13 10:34:30] [INFO] Scheduler is running: queuing task to start_sync_thread.
[2026-03-13 10:34:30] [INFO] Scheduler is running: queuing task to start_sync_thread.
[2026-03-13 10:35:30] [INFO] Scheduler is running: queuing task to delete_unverified_users.
[2026-03-13 10:35:30] [INFO] No unverified users to delete.
[2026-03-13 10:36:30] [INFO] Scheduler is running: queuing task to start_sync_thread.
[2026-03-13 10:36:30] [INFO] Scheduler is running: queuing task to start_sync_thread.
[2026-03-13 10:38:30] [INFO] Scheduler is running: queuing task to delete_unverified_users.
[2026-03-13 10:38:30] [INFO] No unverified users to delete.
[2026-03-13 10:38:30] [INFO] Scheduler is running: queuing task to start_sync_thread.
[2026-03-13 10:38:30] [INFO] Scheduler is running: queuing task to start_sync_thread.
[2026-03-13 10:40:30] [INFO] Scheduler is running: queuing task to start_sync_thread.
[2026-03-13 10:40:30] [INFO] Scheduler is running: queuing task to start_sync_thread.
[2026-03-13 10:41:30] [INFO] Scheduler is running: queuing task to delete_unverified_users.
[2026-03-13 10:41:30] [INFO] No unverified users to delete.
[2026-03-13 10:42:30] [INFO] Scheduler is running: queuing task to start_sync_thread.
[2026-03-13 10:42:30] [INFO] Scheduler is running: queuing task to start_sync_thread.
[2026-03-13 10:44:30] [INFO] Scheduler is running: queuing task to delete_unverified_users.
[2026-03-13 10:44:30] [INFO] No unverified users to delete.
[2026-03-13 10:44:30] [INFO] Scheduler is running: queuing task to start_sync_thread.
[2026-03-13 10:44:30] [INFO] Scheduler is running: queuing task to start_sync_thread.
[2026-03-13 10:46:30] [INFO] Scheduler is running: queuing task to start_sync_thread.
[2026-03-13 10:46:30] [INFO] Scheduler is running: queuing task to start_sync_thread.
[2026-03-13 10:47:30] [INFO] Scheduler is running: queuing task to delete_unverified_users.
[2026-03-13 10:47:30] [INFO] No unverified users to delete.
[2026-03-13 10:48:30] [INFO] Scheduler is running: queuing task to start_sync_thread.
[2026-03-13 10:48:30] [INFO] Scheduler is running: queuing task to start_sync_thread.
[2026-03-13 10:50:30] [INFO] Scheduler is running: queuing task to delete_unverified_users.
[2026-03-13 10:50:30] [INFO] No unverified users to delete.
[2026-03-13 10:50:30] [INFO] Scheduler is running: queuing task to start_sync_thread.
[2026-03-13 10:50:30] [INFO] Scheduler is running: queuing task to start_sync_thread.
[2026-03-13 10:52:30] [INFO] Scheduler is running: queuing task to start_sync_thread.
[2026-03-13 10:52:30] [INFO] Scheduler is running: queuing task to start_sync_thread.
[2026-03-13 10:53:30] [INFO] Scheduler is running: queuing task to delete_unverified_users.
[2026-03-13 10:53:30] [INFO] No unverified users to delete.
[2026-03-13 10:54:30] [INFO] Scheduler is running: queuing task to start_sync_thread.
[2026-03-13 10:54:30] [INFO] Scheduler is running: queuing task to start_sync_thread.
[2026-03-13 10:56:30] [INFO] Scheduler is running: queuing task to delete_unverified_users.
[2026-03-13 10:56:30] [INFO] No unverified users to delete.
[2026-03-13 10:56:30] [INFO] Scheduler is running: queuing task to start_sync_thread.
[2026-03-13 10:56:30] [INFO] Scheduler is running: queuing task to start_sync_thread.
[2026-03-13 10:58:30] [INFO] Scheduler is running: queuing task to start_sync_thread.
[2026-03-13 10:58:30] [INFO] Scheduler is running: queuing task to start_sync_thread.
[2026-03-13 10:59:30] [INFO] Scheduler is running: queuing task to delete_unverified_users.
[2026-03-13 10:59:30] [INFO] No unverified users to delete.
[2026-03-13 11:00:30] [INFO] Scheduler is running: queuing task to start_sync_thread.
[2026-03-13 11:00:30] [INFO] Scheduler is running: queuing task to start_sync_thread.
[2026-03-13 11:02:30] [INFO] Scheduler is running: queuing task to delete_unverified_users.
[2026-03-13 11:02:30] [INFO] No unverified users to delete.
[2026-03-13 11:02:30] [INFO] Scheduler is running: queuing task to start_sync_thread.
[2026-03-13 11:02:30] [INFO] Scheduler is running: queuing task to start_sync_thread.
[2026-03-13 11:04:30] [INFO] Scheduler is running: queuing task to start_sync_thread.
[2026-03-13 11:04:30] [INFO] Scheduler is running: queuing task to start_sync_thread.
[2026-03-13 11:05:30] [INFO] Scheduler is running: queuing task to delete_unverified_users.
[2026-03-13 11:05:30] [INFO] No unverified users to delete.
[2026-03-13 11:06:30] [INFO] Scheduler is running: queuing task to start_sync_thread.
[2026-03-13 11:06:30] [INFO] Scheduler is running: queuing task to start_sync_thread.
[2026-03-13 11:08:30] [INFO] Scheduler is running: queuing task to delete_unverified_users.
[2026-03-13 11:08:30] [INFO] No unverified users to delete.
[2026-03-13 11:08:30] [INFO] Scheduler is running: queuing task to start_sync_thread.
[2026-03-13 11:08:30] [INFO] Scheduler is running: queuing task to start_sync_thread.
[2026-03-13 11:10:30] [INFO] Scheduler is running: queuing task to start_sync_thread.
[2026-03-13 11:10:30] [INFO] Scheduler is running: queuing task to start_sync_thread.
[2026-03-13 11:11:30] [INFO] Scheduler is running: queuing task to delete_unverified_users.
[2026-03-13 11:11:30] [INFO] No unverified users to delete.
[2026-03-13 11:12:30] [INFO] Scheduler is running: queuing task to start_sync_thread.
[2026-03-13 11:12:30] [INFO] Scheduler is running: queuing task to start_sync_thread.
[2026-03-13 11:14:30] [INFO] Scheduler is running: queuing task to delete_unverified_users.
[2026-03-13 11:14:30] [INFO] No unverified users to delete.
[2026-03-13 11:14:30] [INFO] Scheduler is running: queuing task to start_sync_thread.
[2026-03-13 11:14:30] [INFO] Scheduler is running: queuing task to start_sync_thread.
[2026-03-13 11:16:30] [INFO] Scheduler is running: queuing task to start_sync_thread.
[2026-03-13 11:16:30] [INFO] Scheduler is running: queuing task to start_sync_thread.
[2026-03-13 11:17:30] [INFO] Scheduler is running: queuing task to delete_unverified_users.
[2026-03-13 11:17:30] [INFO] No unverified users to delete.
[2026-03-13 11:18:30] [INFO] Scheduler is running: queuing task to start_sync_thread.
[2026-03-13 11:18:30] [INFO] Scheduler is running: queuing task to start_sync_thread.
[2026-03-13 11:20:30] [INFO] Scheduler is running: queuing task to delete_unverified_users.
[2026-03-13 11:20:30] [INFO] No unverified users to delete.
[2026-03-13 11:20:30] [INFO] Scheduler is running: queuing task to start_sync_thread.
[2026-03-13 11:20:30] [INFO] Scheduler is running: queuing task to start_sync_thread.
[2026-03-13 11:22:30] [INFO] Scheduler is running: queuing task to start_sync_thread.
[2026-03-13 11:22:30] [INFO] Scheduler is running: queuing task to start_sync_thread.
[2026-03-13 11:23:30] [INFO] Scheduler is running: queuing task to delete_unverified_users.
[2026-03-13 11:23:30] [INFO] No unverified users to delete.
[2026-03-13 11:24:30] [INFO] Scheduler is running: queuing task to start_sync_thread.
[2026-03-13 11:24:30] [INFO] Scheduler is running: queuing task to start_sync_thread.
[2026-03-13 11:26:30] [INFO] Scheduler is running: queuing task to delete_unverified_users.
[2026-03-13 11:26:30] [INFO] No unverified users to delete.
[2026-03-13 11:26:30] [INFO] Scheduler is running: queuing task to start_sync_thread.
[2026-03-13 11:26:30] [INFO] Scheduler is running: queuing task to start_sync_thread.
[2026-03-13 11:28:30] [INFO] Scheduler is running: queuing task to start_sync_thread.
[2026-03-13 11:28:30] [INFO] Scheduler is running: queuing task to start_sync_thread.
[2026-03-13 11:29:30] [INFO] Scheduler is running: queuing task to delete_unverified_users.
[2026-03-13 11:29:30] [INFO] No unverified users to delete.
[2026-03-13 11:30:30] [INFO] Scheduler is running: queuing task to start_sync_thread.
[2026-03-13 11:30:30] [INFO] Scheduler is running: queuing task to start_sync_thread.
[2026-03-13 11:32:30] [INFO] Scheduler is running: queuing task to delete_unverified_users.
[2026-03-13 11:32:30] [INFO] No unverified users to delete.
[2026-03-13 11:32:30] [INFO] Scheduler is running: queuing task to start_sync_thread.
[2026-03-13 11:32:30] [INFO] Scheduler is running: queuing task to start_sync_thread.
[2026-03-13 11:34:30] [INFO] Scheduler is running: queuing task to start_sync_thread.
[2026-03-13 11:34:30] [INFO] Scheduler is running: queuing task to start_sync_thread.
[2026-03-13 11:35:30] [INFO] Scheduler is running: queuing task to delete_unverified_users.
[2026-03-13 11:35:30] [INFO] No unverified users to delete.
[2026-03-13 11:36:30] [INFO] Scheduler is running: queuing task to start_sync_thread.
[2026-03-13 11:36:30] [INFO] Scheduler is running: queuing task to start_sync_thread.
[2026-03-13 11:38:30] [INFO] Scheduler is running: queuing task to delete_unverified_users.
[2026-03-13 11:38:30] [INFO] No unverified users to delete.
[2026-03-13 11:38:30] [INFO] Scheduler is running: queuing task to start_sync_thread.
[2026-03-13 11:38:30] [INFO] Scheduler is running: queuing task to start_sync_thread.
[2026-03-13 11:40:30] [INFO] Scheduler is running: queuing task to start_sync_thread.
[2026-03-13 11:40:30] [INFO] Scheduler is running: queuing task to start_sync_thread.
[2026-03-13 11:41:30] [INFO] Scheduler is running: queuing task to delete_unverified_users.
[2026-03-13 11:41:30] [INFO] No unverified users to delete.
[2026-03-13 11:42:30] [INFO] Scheduler is running: queuing task to start_sync_thread.
[2026-03-13 11:42:30] [INFO] Scheduler is running: queuing task to start_sync_thread.
[2026-03-13 11:44:30] [INFO] Scheduler is running: queuing task to delete_unverified_users.
[2026-03-13 11:44:30] [INFO] No unverified users to delete.
[2026-03-13 11:44:30] [INFO] Scheduler is running: queuing task to start_sync_thread.
[2026-03-13 11:44:30] [INFO] Scheduler is running: queuing task to start_sync_thread.
[2026-03-13 11:46:30] [INFO] Scheduler is running: queuing task to start_sync_thread.
[2026-03-13 11:46:30] [INFO] Scheduler is running: queuing task to start_sync_thread.
[2026-03-13 11:47:30] [INFO] Scheduler is running: queuing task to delete_unverified_users.
[2026-03-13 11:47:30] [INFO] No unverified users to delete.
[2026-03-13 11:48:30] [INFO] Scheduler is running: queuing task to start_sync_thread.
[2026-03-13 11:48:30] [INFO] Scheduler is running: queuing task to start_sync_thread.
[2026-03-13 11:50:30] [INFO] Scheduler is running: queuing task to delete_unverified_users.
[2026-03-13 11:50:30] [INFO] No unverified users to delete.
[2026-03-13 11:50:30] [INFO] Scheduler is running: queuing task to start_sync_thread.
[2026-03-13 11:50:30] [INFO] Scheduler is running: queuing task to start_sync_thread.
[2026-03-13 11:52:20] [INFO] Generated verification code for dex@email.com: 379274
[2026-03-13 11:52:21] [INFO] User created: dexter
[2026-03-13 11:52:30] [INFO] Scheduler is running: queuing task to start_sync_thread.
[2026-03-13 11:52:30] [INFO] Scheduler is running: queuing task to start_sync_thread.
[2026-03-13 11:53:30] [INFO] Scheduler is running: queuing task to delete_unverified_users.
[2026-03-13 11:53:30] [INFO] No unverified users to delete.
[2026-03-13 11:54:30] [INFO] Scheduler is running: queuing task to start_sync_thread.
[2026-03-13 11:54:30] [INFO] Scheduler is running: queuing task to start_sync_thread.
[2026-03-13 11:56:30] [INFO] Scheduler is running: queuing task to delete_unverified_users.
[2026-03-13 11:56:30] [INFO] No unverified users to delete.
[2026-03-13 11:56:30] [INFO] Scheduler is running: queuing task to start_sync_thread.
[2026-03-13 11:56:30] [INFO] Scheduler is running: queuing task to start_sync_thread.
[2026-03-13 11:58:30] [INFO] Scheduler is running: queuing task to start_sync_thread.
[2026-03-13 11:58:30] [INFO] Scheduler is running: queuing task to start_sync_thread.
[2026-03-13 11:59:30] [INFO] Scheduler is running: queuing task to delete_unverified_users.
[2026-03-13 11:59:30] [INFO] No unverified users to delete.
[2026-03-13 12:00:24] [INFO] Generated verification code for wkgkjrttuj@email.com: 887062
[2026-03-13 12:00:25] [INFO] User created: e234q
[2026-03-13 12:00:30] [INFO] Scheduler is running: queuing task to start_sync_thread.
[2026-03-13 12:00:30] [INFO] Scheduler is running: queuing task to start_sync_thread.
[2026-03-13 12:02:30] [INFO] Scheduler is running: queuing task to delete_unverified_users.
[2026-03-13 12:02:30] [INFO] No unverified users to delete.
[2026-03-13 12:02:30] [INFO] Scheduler is running: queuing task to start_sync_thread.
[2026-03-13 12:02:30] [INFO] Scheduler is running: queuing task to start_sync_thread.
[2026-03-13 12:04:30] [INFO] Scheduler is running: queuing task to start_sync_thread.
[2026-03-13 12:04:30] [INFO] Scheduler is running: queuing task to start_sync_thread.
[2026-03-13 12:05:30] [INFO] Scheduler is running: queuing task to delete_unverified_users.
[2026-03-13 12:05:30] [INFO] No unverified users to delete.
[2026-03-13 12:06:30] [INFO] Scheduler is running: queuing task to start_sync_thread.
[2026-03-13 12:06:30] [INFO] Scheduler is running: queuing task to start_sync_thread.
[2026-03-13 12:06:50] [INFO] Generated verification code for ;rt;rktr@email.com: 341106
[2026-03-13 12:06:51] [INFO] User created: lkglkrjetl
[2026-03-13 12:08:30] [INFO] Scheduler is running: queuing task to delete_unverified_users.
[2026-03-13 12:08:30] [INFO] No unverified users to delete.
[2026-03-13 12:08:30] [INFO] Scheduler is running: queuing task to start_sync_thread.
[2026-03-13 12:08:30] [INFO] Scheduler is running: queuing task to start_sync_thread.
[2026-03-13 12:10:30] [INFO] Scheduler is running: queuing task to start_sync_thread.
[2026-03-13 12:10:30] [INFO] Scheduler is running: queuing task to start_sync_thread.
[2026-03-13 12:11:30] [INFO] Scheduler is running: queuing task to delete_unverified_users.
[2026-03-13 12:11:30] [INFO] No unverified users to delete.
[2026-03-13 12:12:30] [INFO] Scheduler is running: queuing task to start_sync_thread.
[2026-03-13 12:12:30] [INFO] Scheduler is running: queuing task to start_sync_thread.
[2026-03-13 12:14:30] [INFO] Scheduler is running: queuing task to delete_unverified_users.
[2026-03-13 12:14:30] [INFO] No unverified users to delete.
[2026-03-13 12:14:30] [INFO] Scheduler is running: queuing task to start_sync_thread.
[2026-03-13 12:14:30] [INFO] Scheduler is running: queuing task to start_sync_thread.
[2026-03-13 12:16:30] [INFO] Scheduler is running: queuing task to start_sync_thread.
[2026-03-13 12:16:30] [INFO] Scheduler is running: queuing task to start_sync_thread.
[2026-03-13 12:17:30] [INFO] Scheduler is running: queuing task to delete_unverified_users.
[2026-03-13 12:17:30] [INFO] No unverified users to delete.
[2026-03-13 12:18:30] [INFO] Scheduler is running: queuing task to start_sync_thread.
[2026-03-13 12:18:30] [INFO] Scheduler is running: queuing task to start_sync_thread.
[2026-03-13 12:20:30] [INFO] Scheduler is running: queuing task to delete_unverified_users.
[2026-03-13 12:20:30] [INFO] Deleting unverified user: ;rt;rktr@email.com
[2026-03-13 12:20:30] [INFO] Scheduler is running: queuing task to start_sync_thread.
[2026-03-13 12:20:30] [INFO] Scheduler is running: queuing task to start_sync_thread.
[2026-03-13 12:22:30] [INFO] Scheduler is running: queuing task to start_sync_thread.
[2026-03-13 12:22:30] [INFO] Scheduler is running: queuing task to start_sync_thread.
[2026-03-13 12:23:30] [INFO] Scheduler is running: queuing task to delete_unverified_users.
[2026-03-13 12:23:30] [INFO] No unverified users to delete.
[2026-03-13 12:24:30] [INFO] Scheduler is running: queuing task to start_sync_thread.
[2026-03-13 12:24:30] [INFO] Scheduler is running: queuing task to start_sync_thread.
[2026-03-13 12:24:56] [INFO] Generated verification code for fke;q;p@email.com: 408414
[2026-03-13 12:24:57] [INFO] User created: krtkekee
[2026-03-13 12:26:30] [INFO] Scheduler is running: queuing task to delete_unverified_users.
[2026-03-13 12:26:30] [INFO] No unverified users to delete.
[2026-03-13 12:26:30] [INFO] Scheduler is running: queuing task to start_sync_thread.
[2026-03-13 12:26:30] [INFO] Scheduler is running: queuing task to start_sync_thread.
[2026-03-13 12:28:30] [INFO] Scheduler is running: queuing task to start_sync_thread.
[2026-03-13 12:28:30] [INFO] Scheduler is running: queuing task to start_sync_thread.
[2026-03-13 12:29:30] [INFO] Scheduler is running: queuing task to delete_unverified_users.
[2026-03-13 12:29:30] [INFO] No unverified users to delete.
[2026-03-13 12:30:30] [INFO] Scheduler is running: queuing task to start_sync_thread.
[2026-03-13 12:30:30] [INFO] Scheduler is running: queuing task to start_sync_thread.
[2026-03-13 12:32:30] [INFO] Scheduler is running: queuing task to delete_unverified_users.
[2026-03-13 12:32:30] [INFO] No unverified users to delete.
[2026-03-13 12:32:30] [INFO] Scheduler is running: queuing task to start_sync_thread.
[2026-03-13 12:32:30] [INFO] Scheduler is running: queuing task to start_sync_thread.
[2026-03-13 12:34:30] [INFO] Scheduler is running: queuing task to start_sync_thread.
[2026-03-13 12:34:30] [INFO] Scheduler is running: queuing task to start_sync_thread.
[2026-03-13 12:35:30] [INFO] Scheduler is running: queuing task to delete_unverified_users.
[2026-03-13 12:35:30] [INFO] No unverified users to delete.
[2026-03-13 12:36:30] [INFO] Scheduler is running: queuing task to start_sync_thread.
[2026-03-13 12:36:30] [INFO] Scheduler is running: queuing task to start_sync_thread.
[2026-03-13 12:38:30] [INFO] Scheduler is running: queuing task to delete_unverified_users.
[2026-03-13 12:38:30] [INFO] No unverified users to delete.
[2026-03-13 12:38:30] [INFO] Scheduler is running: queuing task to start_sync_thread.
[2026-03-13 12:38:31] [INFO] Scheduler is running: queuing task to start_sync_thread.
[2026-03-13 12:40:30] [INFO] Scheduler is running: queuing task to start_sync_thread.
[2026-03-13 12:40:31] [INFO] Scheduler is running: queuing task to start_sync_thread.
[2026-03-13 12:41:30] [INFO] Scheduler is running: queuing task to delete_unverified_users.
[2026-03-13 12:41:30] [INFO] No unverified users to delete.
[2026-03-13 12:42:30] [INFO] Scheduler is running: queuing task to start_sync_thread.
[2026-03-13 12:42:31] [INFO] Scheduler is running: queuing task to start_sync_thread.
[2026-03-13 12:44:30] [INFO] Scheduler is running: queuing task to delete_unverified_users.
[2026-03-13 12:44:30] [INFO] No unverified users to delete.
[2026-03-13 12:44:30] [INFO] Scheduler is running: queuing task to start_sync_thread.
[2026-03-13 12:44:31] [INFO] Scheduler is running: queuing task to start_sync_thread.
[2026-03-13 12:46:30] [INFO] Scheduler is running: queuing task to start_sync_thread.
[2026-03-13 12:46:31] [INFO] Scheduler is running: queuing task to start_sync_thread.
[2026-03-13 12:47:30] [INFO] Scheduler is running: queuing task to delete_unverified_users.
[2026-03-13 12:47:30] [INFO] No unverified users to delete.
[2026-03-13 12:48:30] [INFO] Scheduler is running: queuing task to start_sync_thread.
[2026-03-13 12:48:31] [INFO] Scheduler is running: queuing task to start_sync_thread.
[2026-03-13 12:50:30] [INFO] Scheduler is running: queuing task to delete_unverified_users.
[2026-03-13 12:50:30] [INFO] No unverified users to delete.
[2026-03-13 12:50:30] [INFO] Scheduler is running: queuing task to start_sync_thread.
[2026-03-13 12:50:31] [INFO] Scheduler is running: queuing task to start_sync_thread.
[2026-03-13 12:52:30] [INFO] Scheduler is running: queuing task to start_sync_thread.
[2026-03-13 12:52:31] [INFO] Scheduler is running: queuing task to start_sync_thread.
[2026-03-13 12:53:30] [INFO] Scheduler is running: queuing task to delete_unverified_users.
[2026-03-13 12:53:30] [INFO] No unverified users to delete.
[2026-03-13 12:54:30] [INFO] Scheduler is running: queuing task to start_sync_thread.
[2026-03-13 12:54:31] [INFO] Scheduler is running: queuing task to start_sync_thread.
[2026-03-13 12:56:30] [INFO] Scheduler is running: queuing task to delete_unverified_users.
[2026-03-13 12:56:30] [INFO] No unverified users to delete.
[2026-03-13 12:56:30] [INFO] Scheduler is running: queuing task to start_sync_thread.
[2026-03-13 12:56:31] [INFO] Scheduler is running: queuing task to start_sync_thread.
[2026-03-13 12:58:30] [INFO] Scheduler is running: queuing task to start_sync_thread.
[2026-03-13 12:58:31] [INFO] Scheduler is running: queuing task to start_sync_thread.
[2026-03-13 12:59:30] [INFO] Scheduler is running: queuing task to delete_unverified_users.
[2026-03-13 12:59:30] [INFO] No unverified users to delete.
[2026-03-13 13:00:30] [INFO] Scheduler is running: queuing task to start_sync_thread.
[2026-03-13 13:00:31] [INFO] Scheduler is running: queuing task to start_sync_thread.
[2026-03-13 13:02:30] [INFO] Scheduler is running: queuing task to delete_unverified_users.
[2026-03-13 13:02:30] [INFO] No unverified users to delete.
[2026-03-13 13:02:30] [INFO] Scheduler is running: queuing task to start_sync_thread.
[2026-03-13 13:02:31] [INFO] Scheduler is running: queuing task to start_sync_thread.
[2026-03-13 13:04:30] [INFO] Scheduler is running: queuing task to start_sync_thread.
[2026-03-13 13:04:31] [INFO] Scheduler is running: queuing task to start_sync_thread.
[2026-03-13 13:05:30] [INFO] Scheduler is running: queuing task to delete_unverified_users.
[2026-03-13 13:05:30] [INFO] No unverified users to delete.
[2026-03-13 13:06:30] [INFO] Scheduler is running: queuing task to start_sync_thread.
[2026-03-13 13:06:31] [INFO] Scheduler is running: queuing task to start_sync_thread.
[2026-03-13 13:08:30] [INFO] Scheduler is running: queuing task to delete_unverified_users.
[2026-03-13 13:08:30] [INFO] No unverified users to delete.
[2026-03-13 13:08:30] [INFO] Scheduler is running: queuing task to start_sync_thread.
[2026-03-13 13:08:31] [INFO] Scheduler is running: queuing task to start_sync_thread.
[2026-03-13 13:10:30] [INFO] Scheduler is running: queuing task to start_sync_thread.
[2026-03-13 13:10:31] [INFO] Scheduler is running: queuing task to start_sync_thread.
[2026-03-13 13:11:30] [INFO] Scheduler is running: queuing task to delete_unverified_users.
[2026-03-13 13:11:30] [INFO] No unverified users to delete.
[2026-03-13 13:12:30] [INFO] Scheduler is running: queuing task to start_sync_thread.
[2026-03-13 13:12:31] [INFO] Scheduler is running: queuing task to start_sync_thread.
[2026-03-13 13:14:30] [INFO] Scheduler is running: queuing task to delete_unverified_users.
[2026-03-13 13:14:30] [INFO] No unverified users to delete.
[2026-03-13 13:14:30] [INFO] Scheduler is running: queuing task to start_sync_thread.
[2026-03-13 13:14:31] [INFO] Scheduler is running: queuing task to start_sync_thread.
[2026-03-13 13:16:30] [INFO] Scheduler is running: queuing task to start_sync_thread.
[2026-03-13 13:16:31] [INFO] Scheduler is running: queuing task to start_sync_thread.
[2026-03-13 13:17:30] [INFO] Scheduler is running: queuing task to delete_unverified_users.
[2026-03-13 13:17:30] [INFO] No unverified users to delete.
[2026-03-13 13:18:30] [INFO] Scheduler is running: queuing task to start_sync_thread.
[2026-03-13 13:18:31] [INFO] Scheduler is running: queuing task to start_sync_thread.
[2026-03-13 13:20:30] [INFO] Scheduler is running: queuing task to delete_unverified_users.
[2026-03-13 13:20:30] [INFO] No unverified users to delete.
[2026-03-13 13:20:30] [INFO] Scheduler is running: queuing task to start_sync_thread.
[2026-03-13 13:20:31] [INFO] Scheduler is running: queuing task to start_sync_thread.
[2026-03-13 13:22:30] [INFO] Scheduler is running: queuing task to start_sync_thread.
[2026-03-13 13:22:31] [INFO] Scheduler is running: queuing task to start_sync_thread.
[2026-03-13 13:23:30] [INFO] Scheduler is running: queuing task to delete_unverified_users.
[2026-03-13 13:23:30] [INFO] No unverified users to delete.
[2026-03-13 13:24:30] [INFO] Scheduler is running: queuing task to start_sync_thread.
[2026-03-13 13:24:31] [INFO] Scheduler is running: queuing task to start_sync_thread.
[2026-03-13 13:26:30] [INFO] Scheduler is running: queuing task to delete_unverified_users.
[2026-03-13 13:26:30] [INFO] No unverified users to delete.
[2026-03-13 13:26:30] [INFO] Scheduler is running: queuing task to start_sync_thread.
[2026-03-13 13:26:31] [INFO] Scheduler is running: queuing task to start_sync_thread.
[2026-03-13 13:28:30] [INFO] Scheduler is running: queuing task to start_sync_thread.
[2026-03-13 13:28:31] [INFO] Scheduler is running: queuing task to start_sync_thread.
[2026-03-13 13:29:30] [INFO] Scheduler is running: queuing task to delete_unverified_users.
[2026-03-13 13:29:30] [INFO] No unverified users to delete.
[2026-03-13 13:30:30] [INFO] Scheduler is running: queuing task to start_sync_thread.
[2026-03-13 13:30:31] [INFO] Scheduler is running: queuing task to start_sync_thread.
[2026-03-13 13:32:30] [INFO] Scheduler is running: queuing task to delete_unverified_users.
[2026-03-13 13:32:30] [INFO] No unverified users to delete.
[2026-03-13 13:32:30] [INFO] Scheduler is running: queuing task to start_sync_thread.
[2026-03-13 13:32:31] [INFO] Scheduler is running: queuing task to start_sync_thread.
[2026-03-13 13:34:30] [INFO] Scheduler is running: queuing task to start_sync_thread.
[2026-03-13 13:34:31] [INFO] Scheduler is running: queuing task to start_sync_thread.
[2026-03-13 13:35:30] [INFO] Scheduler is running: queuing task to delete_unverified_users.
[2026-03-13 13:35:30] [INFO] No unverified users to delete.
[2026-03-13 13:36:30] [INFO] Scheduler is running: queuing task to start_sync_thread.
[2026-03-13 13:36:31] [INFO] Scheduler is running: queuing task to start_sync_thread.
[2026-03-13 13:38:30] [INFO] Scheduler is running: queuing task to delete_unverified_users.
[2026-03-13 13:38:30] [INFO] No unverified users to delete.
[2026-03-13 13:38:30] [INFO] Scheduler is running: queuing task to start_sync_thread.
[2026-03-13 13:38:31] [INFO] Scheduler is running: queuing task to start_sync_thread.
[2026-03-13 13:40:30] [INFO] Scheduler is running: queuing task to start_sync_thread.
[2026-03-13 13:40:31] [INFO] Scheduler is running: queuing task to start_sync_thread.
[2026-03-13 13:41:30] [INFO] Scheduler is running: queuing task to delete_unverified_users.
[2026-03-13 13:41:30] [INFO] No unverified users to delete.
[2026-03-13 13:42:30] [INFO] Scheduler is running: queuing task to start_sync_thread.
[2026-03-13 13:42:31] [INFO] Scheduler is running: queuing task to start_sync_thread.
[2026-03-13 13:44:30] [INFO] Scheduler is running: queuing task to delete_unverified_users.
[2026-03-13 13:44:30] [INFO] No unverified users to delete.
[2026-03-13 13:44:30] [INFO] Scheduler is running: queuing task to start_sync_thread.
[2026-03-13 13:44:31] [INFO] Scheduler is running: queuing task to start_sync_thread.
[2026-03-13 13:46:30] [INFO] Scheduler is running: queuing task to start_sync_thread.
[2026-03-13 13:46:31] [INFO] Scheduler is running: queuing task to start_sync_thread.
[2026-03-13 13:47:30] [INFO] Scheduler is running: queuing task to delete_unverified_users.
[2026-03-13 13:47:30] [INFO] No unverified users to delete.
[2026-03-13 13:48:30] [INFO] Scheduler is running: queuing task to start_sync_thread.
[2026-03-13 13:48:31] [INFO] Scheduler is running: queuing task to start_sync_thread.
[2026-03-13 13:50:30] [INFO] Scheduler is running: queuing task to delete_unverified_users.
[2026-03-13 13:50:30] [INFO] No unverified users to delete.
[2026-03-13 13:50:30] [INFO] Scheduler is running: queuing task to start_sync_thread.
[2026-03-13 13:50:31] [INFO] Scheduler is running: queuing task to start_sync_thread.
[2026-03-13 13:52:30] [INFO] Scheduler is running: queuing task to start_sync_thread.
[2026-03-13 13:52:31] [INFO] Scheduler is running: queuing task to start_sync_thread.
[2026-03-13 13:53:30] [INFO] Scheduler is running: queuing task to delete_unverified_users.
[2026-03-13 13:53:30] [INFO] No unverified users to delete.
[2026-03-13 13:54:30] [INFO] Scheduler is running: queuing task to start_sync_thread.
[2026-03-13 13:54:31] [INFO] Scheduler is running: queuing task to start_sync_thread.
[2026-03-13 13:56:30] [INFO] Scheduler is running: queuing task to delete_unverified_users.
[2026-03-13 13:56:30] [INFO] No unverified users to delete.
[2026-03-13 13:56:30] [INFO] Scheduler is running: queuing task to start_sync_thread.
[2026-03-13 13:56:31] [INFO] Scheduler is running: queuing task to start_sync_thread.
[2026-03-13 13:58:30] [INFO] Scheduler is running: queuing task to start_sync_thread.
[2026-03-13 13:58:31] [INFO] Scheduler is running: queuing task to start_sync_thread.
[2026-03-13 13:59:30] [INFO] Scheduler is running: queuing task to delete_unverified_users.
[2026-03-13 13:59:30] [INFO] No unverified users to delete.
[2026-03-13 14:00:30] [INFO] Scheduler is running: queuing task to start_sync_thread.
[2026-03-13 14:00:31] [INFO] Scheduler is running: queuing task to start_sync_thread.
[2026-03-13 14:02:30] [INFO] Scheduler is running: queuing task to delete_unverified_users.
[2026-03-13 14:02:30] [INFO] No unverified users to delete.
[2026-03-13 14:02:30] [INFO] Scheduler is running: queuing task to start_sync_thread.
[2026-03-13 14:02:31] [INFO] Scheduler is running: queuing task to start_sync_thread.
[2026-03-13 14:04:30] [INFO] Scheduler is running: queuing task to start_sync_thread.
[2026-03-13 14:04:31] [INFO] Scheduler is running: queuing task to start_sync_thread.
[2026-03-13 14:05:30] [INFO] Scheduler is running: queuing task to delete_unverified_users.
[2026-03-13 14:05:30] [INFO] No unverified users to delete.
[2026-03-13 14:06:30] [INFO] Scheduler is running: queuing task to start_sync_thread.
[2026-03-13 14:06:31] [INFO] Scheduler is running: queuing task to start_sync_thread.
[2026-03-13 14:08:30] [INFO] Scheduler is running: queuing task to delete_unverified_users.
[2026-03-13 14:08:30] [INFO] No unverified users to delete.
[2026-03-13 14:08:30] [INFO] Scheduler is running: queuing task to start_sync_thread.
[2026-03-13 14:08:31] [INFO] Scheduler is running: queuing task to start_sync_thread.
[2026-03-13 14:10:30] [INFO] Scheduler is running: queuing task to start_sync_thread.
[2026-03-13 14:10:31] [INFO] Scheduler is running: queuing task to start_sync_thread.
[2026-03-13 14:11:30] [INFO] Scheduler is running: queuing task to delete_unverified_users.
[2026-03-13 14:11:30] [INFO] No unverified users to delete.
[2026-03-13 14:12:30] [INFO] Scheduler is running: queuing task to start_sync_thread.
[2026-03-13 14:12:31] [INFO] Scheduler is running: queuing task to start_sync_thread.
[2026-03-13 14:14:30] [INFO] Scheduler is running: queuing task to delete_unverified_users.
[2026-03-13 14:14:30] [INFO] No unverified users to delete.
[2026-03-13 14:14:30] [INFO] Scheduler is running: queuing task to start_sync_thread.
[2026-03-13 14:14:31] [INFO] Scheduler is running: queuing task to start_sync_thread.
[2026-03-13 14:16:30] [INFO] Scheduler is running: queuing task to start_sync_thread.
[2026-03-13 14:16:31] [INFO] Scheduler is running: queuing task to start_sync_thread.
[2026-03-13 14:17:30] [INFO] Scheduler is running: queuing task to delete_unverified_users.
[2026-03-13 14:17:30] [INFO] No unverified users to delete.
[2026-03-13 14:18:30] [INFO] Scheduler is running: queuing task to start_sync_thread.
[2026-03-13 14:18:31] [INFO] Scheduler is running: queuing task to start_sync_thread.
[2026-03-13 14:20:30] [INFO] Scheduler is running: queuing task to delete_unverified_users.
[2026-03-13 14:20:30] [INFO] No unverified users to delete.
[2026-03-13 14:20:30] [INFO] Scheduler is running: queuing task to start_sync_thread.
[2026-03-13 14:20:31] [INFO] Scheduler is running: queuing task to start_sync_thread.
[2026-03-13 14:22:30] [INFO] Scheduler is running: queuing task to start_sync_thread.
[2026-03-13 14:22:31] [INFO] Scheduler is running: queuing task to start_sync_thread.
[2026-03-13 14:23:11] [INFO] Application shutting down. Signaling scheduler to stop.
[2026-03-13 14:23:18] [INFO] --- New logging session started: logs\app_20260313.log ---
[2026-03-13 14:23:20] [INFO] Ingredient cache built with 168 items.
[2026-03-13 14:23:20] [INFO] Trie depth: 24
[2026-03-13 14:23:20] [INFO] Recipe cache built with 117 items.
[2026-03-13 14:23:20] [INFO] Trie depth: 30
[2026-03-13 14:23:20] [INFO] Scheduler is running: queuing task to delete_unverified_users.
[2026-03-13 14:23:20] [INFO] Scheduler is running: queuing task to start_sync_thread.
[2026-03-13 14:23:20] [INFO] Background scheduler for deleting unverified users has been started.
[2026-03-13 14:23:20] [INFO] No unverified users to delete.
[2026-03-13 14:25:20] [INFO] Scheduler is running: queuing task to start_sync_thread.
[2026-03-13 14:25:20] [INFO] Scheduler is running: queuing task to start_sync_thread.
[2026-03-13 14:26:20] [INFO] Scheduler is running: queuing task to delete_unverified_users.
[2026-03-13 14:26:20] [INFO] No unverified users to delete.
[2026-03-13 14:27:20] [INFO] Scheduler is running: queuing task to start_sync_thread.
[2026-03-13 14:27:20] [INFO] Scheduler is running: queuing task to start_sync_thread.
[2026-03-13 14:29:20] [INFO] Scheduler is running: queuing task to delete_unverified_users.
[2026-03-13 14:29:20] [INFO] No unverified users to delete.
[2026-03-13 14:29:20] [INFO] Scheduler is running: queuing task to start_sync_thread.
[2026-03-13 14:29:20] [INFO] Scheduler is running: queuing task to start_sync_thread.
[2026-03-13 14:31:20] [INFO] Scheduler is running: queuing task to start_sync_thread.
[2026-03-13 14:31:20] [INFO] Scheduler is running: queuing task to start_sync_thread.
[2026-03-13 14:32:20] [INFO] Scheduler is running: queuing task to delete_unverified_users.
[2026-03-13 14:32:20] [INFO] No unverified users to delete.
[2026-03-13 14:33:20] [INFO] Scheduler is running: queuing task to start_sync_thread.
[2026-03-13 14:33:20] [INFO] Scheduler is running: queuing task to start_sync_thread.
[2026-03-13 14:35:03] [INFO] Application shutting down. Signaling scheduler to stop.
[2026-03-13 14:35:07] [INFO] --- New logging session started: logs\app_20260313.log ---
[2026-03-13 14:35:07] [INFO] Ingredient cache built with 168 items.
[2026-03-13 14:35:07] [INFO] Trie depth: 24
[2026-03-13 14:35:07] [INFO] Recipe cache built with 117 items.
[2026-03-13 14:35:07] [INFO] Trie depth: 30
[2026-03-13 14:35:07] [INFO] Scheduler is running: queuing task to delete_unverified_users.
[2026-03-13 14:35:07] [INFO] Scheduler is running: queuing task to start_sync_thread.
[2026-03-13 14:35:07] [INFO] No unverified users to delete.
[2026-03-13 14:35:07] [INFO] Background scheduler for deleting unverified users has been started.
[2026-03-13 14:37:07] [INFO] Scheduler is running: queuing task to start_sync_thread.
[2026-03-13 14:37:07] [INFO] Scheduler is running: queuing task to start_sync_thread.
[2026-03-13 14:38:07] [INFO] Scheduler is running: queuing task to delete_unverified_users.
[2026-03-13 14:38:07] [INFO] No unverified users to delete.
[2026-03-13 14:39:07] [INFO] Scheduler is running: queuing task to start_sync_thread.
[2026-03-13 14:39:07] [INFO] Scheduler is running: queuing task to start_sync_thread.
[2026-03-13 14:41:07] [INFO] Scheduler is running: queuing task to delete_unverified_users.
[2026-03-13 14:41:07] [INFO] Scheduler is running: queuing task to start_sync_thread.
[2026-03-13 14:44:54] [INFO] No unverified users to delete.
sk to start_sync_thread.
[2026-03-13 14:44:56] [INFO] Application shutting down. Signaling scheduler to stop.
[2026-03-13 14:48:04] [INFO] --- New logging session started: logs\app_20260313.log ---
[2026-03-13 14:48:04] [INFO] Ingredient cache built with 168 items.
[2026-03-13 14:48:04] [INFO] Trie depth: 24
[2026-03-13 14:48:04] [INFO] Recipe cache built with 117 items.
[2026-03-13 14:48:04] [INFO] Trie depth: 30
[2026-03-13 14:48:04] [INFO] Scheduler is running: queuing task to delete_unverified_users.
[2026-03-13 14:48:04] [INFO] Scheduler is running: queuing task to start_sync_thread.
[2026-03-13 14:48:04] [INFO] Scheduler is running: queuing task to start_sync_thread.
[2026-03-13 14:48:04] [INFO] Background scheduler for deleting unverified users has been started.
[2026-03-13 14:48:04] [INFO] No unverified users to delete.
[2026-03-13 14:49:34] [INFO] --- New logging session started: logs\app_20260313.log ---
[2026-03-13 14:49:34] [INFO] Ingredient cache built with 168 items.
[2026-03-13 14:49:34] [INFO] Trie depth: 24
[2026-03-13 14:49:34] [INFO] Recipe cache built with 117 items.
[2026-03-13 14:49:34] [INFO] Trie depth: 30
[2026-03-13 14:49:34] [INFO] Scheduler is running: queuing task to delete_unverified_users.
[2026-03-13 14:49:34] [INFO] Scheduler is running: queuing task to start_sync_thread.
[2026-03-13 14:49:34] [INFO] Scheduler is running: queuing task to start_sync_thread.
[2026-03-13 14:49:34] [INFO] Background scheduler for deleting unverified users has been started.
[2026-03-13 14:49:34] [INFO] No unverified users to delete.
[2026-03-13 14:49:59] [ERROR] Invalid email address: ;mkgr
[2026-03-13 14:51:26] [INFO] Application shutting down. Signaling scheduler to stop.
[2026-03-13 14:51:28] [INFO] --- New logging session started: logs\app_20260313.log ---
[2026-03-13 14:51:28] [INFO] Ingredient cache built with 168 items.
[2026-03-13 14:51:28] [INFO] Trie depth: 24
[2026-03-13 14:51:28] [INFO] Recipe cache built with 117 items.
[2026-03-13 14:51:28] [INFO] Trie depth: 30
[2026-03-13 14:51:28] [INFO] Scheduler is running: queuing task to delete_unverified_users.
[2026-03-13 14:51:28] [INFO] No unverified users to delete.
[2026-03-13 14:51:28] [INFO] Scheduler is running: queuing task to start_sync_thread.
[2026-03-13 14:51:28] [INFO] Scheduler is running: queuing task to start_sync_thread.
[2026-03-13 14:51:28] [INFO] Background scheduler for deleting unverified users has been started.
[2026-03-13 14:51:29] [INFO] Application shutting down. Signaling scheduler to stop.
[2026-03-13 14:51:34] [INFO] --- New logging session started: logs\app_20260313.log ---
[2026-03-13 14:51:34] [INFO] Ingredient cache built with 168 items.
[2026-03-13 14:51:34] [INFO] Trie depth: 24
[2026-03-13 14:51:34] [INFO] Recipe cache built with 117 items.
[2026-03-13 14:51:34] [INFO] Trie depth: 30
[2026-03-13 14:51:34] [INFO] Scheduler is running: queuing task to delete_unverified_users.
[2026-03-13 14:51:34] [INFO] Scheduler is running: queuing task to start_sync_thread.
[2026-03-13 14:51:34] [INFO] Scheduler is running: queuing task to start_sync_thread.
[2026-03-13 14:51:34] [INFO] Background scheduler for deleting unverified users has been started.
[2026-03-13 14:51:34] [INFO] No unverified users to delete.
[2026-03-13 14:51:44] [ERROR] Invalid email address: ;mkgr
[2026-03-13 14:52:20] [INFO] Application shutting down. Signaling scheduler to stop.
[2026-03-13 14:52:21] [INFO] --- New logging session started: logs\app_20260313.log ---
[2026-03-13 14:52:21] [INFO] Ingredient cache built with 168 items.
[2026-03-13 14:52:21] [INFO] Trie depth: 24
[2026-03-13 14:52:21] [INFO] Recipe cache built with 117 items.
[2026-03-13 14:52:21] [INFO] Trie depth: 30
[2026-03-13 14:52:21] [INFO] Scheduler is running: queuing task to delete_unverified_users.
[2026-03-13 14:52:21] [INFO] Scheduler is running: queuing task to start_sync_thread.
[2026-03-13 14:52:21] [INFO] Scheduler is running: queuing task to start_sync_thread.
[2026-03-13 14:52:21] [INFO] Background scheduler for deleting unverified users has been started.
[2026-03-13 14:52:21] [INFO] No unverified users to delete.
[2026-03-13 14:52:24] [INFO] Application shutting down. Signaling scheduler to stop.
[2026-03-13 14:52:33] [INFO] --- New logging session started: logs\app_20260313.log ---
[2026-03-13 14:52:33] [INFO] Ingredient cache built with 168 items.
[2026-03-13 14:52:33] [INFO] Trie depth: 24
[2026-03-13 14:52:33] [INFO] Recipe cache built with 117 items.
[2026-03-13 14:52:33] [INFO] Trie depth: 30
[2026-03-13 14:52:33] [INFO] Scheduler is running: queuing task to delete_unverified_users.
[2026-03-13 14:52:33] [INFO] Scheduler is running: queuing task to start_sync_thread.
[2026-03-13 14:52:33] [INFO] Scheduler is running: queuing task to start_sync_thread.
[2026-03-13 14:52:33] [INFO] Background scheduler for deleting unverified users has been started.
[2026-03-13 14:52:33] [INFO] No unverified users to delete.
[2026-03-13 14:52:50] [ERROR] Invalid email address: ;mkgr
[2026-03-13 14:54:33] [INFO] Scheduler is running: queuing task to start_sync_thread.
[2026-03-13 14:54:33] [INFO] Scheduler is running: queuing task to start_sync_thread.
[2026-03-13 14:55:33] [INFO] Scheduler is running: queuing task to delete_unverified_users.
[2026-03-13 14:55:33] [INFO] No unverified users to delete.
[2026-03-13 14:56:33] [INFO] Scheduler is running: queuing task to start_sync_thread.
[2026-03-13 14:56:33] [INFO] Scheduler is running: queuing task to start_sync_thread.
[2026-03-13 14:58:33] [INFO] Scheduler is running: queuing task to delete_unverified_users.
[2026-03-13 14:58:33] [INFO] No unverified users to delete.
[2026-03-13 14:58:33] [INFO] Scheduler is running: queuing task to start_sync_thread.
[2026-03-13 14:58:33] [INFO] Scheduler is running: queuing task to start_sync_thread.
[2026-03-13 14:59:09] [INFO] Generated verification code for first@email.com: 721839
[2026-03-13 15:00:33] [INFO] Generated verification code for first@email.com: 952122
[2026-03-13 15:00:33] [INFO] Scheduler is running: queuing task to start_sync_thread.
[2026-03-13 15:00:33] [INFO] Scheduler is running: queuing task to start_sync_thread.
[2026-03-13 15:01:04] [INFO] Application shutting down. Signaling scheduler to stop.
[2026-03-13 15:01:05] [INFO] User created: firstaccount
[2026-03-13 15:01:09] [INFO] --- New logging session started: logs\app_20260313.log ---
[2026-03-13 15:01:09] [INFO] Ingredient cache built with 168 items.
[2026-03-13 15:01:09] [INFO] Trie depth: 24
[2026-03-13 15:01:09] [INFO] Recipe cache built with 117 items.
[2026-03-13 15:01:09] [INFO] Trie depth: 30
[2026-03-13 15:01:09] [INFO] Scheduler is running: queuing task to delete_unverified_users.
[2026-03-13 15:01:09] [INFO] Scheduler is running: queuing task to start_sync_thread.
[2026-03-13 15:01:09] [INFO] Background scheduler for deleting unverified users has been started.
[2026-03-13 15:01:09] [INFO] No unverified users to delete.
[2026-03-13 15:01:25] [ERROR] Attempt to create a user that already exists: firstaccount or first@email.com
[2026-03-13 15:01:51] [INFO] Generated verification code for first1@email.com: 923005
[2026-03-13 15:01:52] [INFO] User created: firstaccount1
[2026-03-13 15:02:11] [INFO] Generated new verification code for first1@email.com: 333329
[2026-03-13 15:02:11] [INFO] Verification code resent to first1@email.com
[2026-03-13 15:03:09] [INFO] Scheduler is running: queuing task to start_sync_thread.
[2026-03-13 15:03:09] [INFO] Scheduler is running: queuing task to start_sync_thread.
[2026-03-13 15:04:09] [INFO] Scheduler is running: queuing task to delete_unverified_users.
[2026-03-13 15:04:09] [INFO] No unverified users to delete.
[2026-03-13 15:04:41] [INFO] Generated new verification code for first1@email.com: 571234
[2026-03-13 15:04:41] [INFO] Verification code resent to first1@email.com
[2026-03-13 15:05:09] [INFO] Scheduler is running: queuing task to start_sync_thread.
[2026-03-13 15:05:09] [INFO] Scheduler is running: queuing task to start_sync_thread.
[2026-03-13 15:05:45] [INFO] Generated verification code for second@gmail.com: 351494
[2026-03-13 15:05:47] [INFO] User created: second
[2026-03-13 15:05:51] [INFO] Generated new verification code for second@gmail.com: 633885
[2026-03-13 15:05:51] [INFO] Verification code resent to second@gmail.com
[2026-03-13 15:07:09] [INFO] Scheduler is running: queuing task to delete_unverified_users.
[2026-03-13 15:07:09] [INFO] No unverified users to delete.
[2026-03-13 15:07:09] [INFO] Scheduler is running: queuing task to start_sync_thread.
[2026-03-13 15:07:09] [INFO] Scheduler is running: queuing task to start_sync_thread.
[2026-03-13 15:09:09] [INFO] Scheduler is running: queuing task to start_sync_thread.
[2026-03-13 15:09:09] [INFO] Scheduler is running: queuing task to start_sync_thread.
[2026-03-13 15:10:09] [INFO] Scheduler is running: queuing task to delete_unverified_users.
[2026-03-13 15:10:09] [INFO] No unverified users to delete.
[2026-03-13 15:11:09] [INFO] Scheduler is running: queuing task to start_sync_thread.
[2026-03-13 15:11:09] [INFO] Scheduler is running: queuing task to start_sync_thread.
[2026-03-13 15:13:09] [INFO] Scheduler is running: queuing task to delete_unverified_users.
[2026-03-13 15:13:09] [INFO] Deleting unverified user: first@email.com
[2026-03-13 15:13:09] [INFO] Scheduler is running: queuing task to start_sync_thread.
[2026-03-13 15:13:09] [INFO] Scheduler is running: queuing task to start_sync_thread.
[2026-03-13 15:15:09] [INFO] Scheduler is running: queuing task to start_sync_thread.
[2026-03-13 15:15:09] [INFO] Scheduler is running: queuing task to start_sync_thread.
[2026-03-13 15:16:09] [INFO] Scheduler is running: queuing task to delete_unverified_users.
[2026-03-13 15:16:09] [INFO] No unverified users to delete.
[2026-03-13 15:17:09] [INFO] Scheduler is running: queuing task to start_sync_thread.
[2026-03-13 15:17:09] [INFO] Scheduler is running: queuing task to start_sync_thread.
[2026-03-13 15:19:09] [INFO] Scheduler is running: queuing task to delete_unverified_users.
[2026-03-13 15:19:09] [INFO] No unverified users to delete.
[2026-03-13 15:19:09] [INFO] Scheduler is running: queuing task to start_sync_thread.
[2026-03-13 15:19:09] [INFO] Scheduler is running: queuing task to start_sync_thread.
[2026-03-13 15:21:09] [INFO] Scheduler is running: queuing task to start_sync_thread.
[2026-03-13 15:21:09] [INFO] Scheduler is running: queuing task to start_sync_thread.
[2026-03-13 15:22:09] [INFO] Scheduler is running: queuing task to delete_unverified_users.
[2026-03-13 15:22:09] [INFO] No unverified users to delete.
[2026-03-13 15:23:09] [INFO] Scheduler is running: queuing task to start_sync_thread.
[2026-03-13 15:23:09] [INFO] Scheduler is running: queuing task to start_sync_thread.
[2026-03-13 15:25:09] [INFO] Scheduler is running: queuing task to delete_unverified_users.
[2026-03-13 15:25:09] [INFO] No unverified users to delete.
[2026-03-13 15:25:09] [INFO] Scheduler is running: queuing task to start_sync_thread.
[2026-03-13 15:25:09] [INFO] Scheduler is running: queuing task to start_sync_thread.
[2026-03-13 15:27:09] [INFO] Scheduler is running: queuing task to start_sync_thread.
[2026-03-13 15:27:09] [INFO] Scheduler is running: queuing task to start_sync_thread.
[2026-03-13 15:28:09] [INFO] Scheduler is running: queuing task to delete_unverified_users.
[2026-03-13 15:28:09] [INFO] No unverified users to delete.
[2026-03-13 15:29:09] [INFO] Scheduler is running: queuing task to start_sync_thread.
[2026-03-13 15:29:09] [INFO] Scheduler is running: queuing task to start_sync_thread.
[2026-03-13 15:31:09] [INFO] Scheduler is running: queuing task to delete_unverified_users.
[2026-03-13 15:31:09] [INFO] No unverified users to delete.
[2026-03-13 15:31:09] [INFO] Scheduler is running: queuing task to start_sync_thread.
[2026-03-13 15:31:09] [INFO] Scheduler is running: queuing task to start_sync_thread.
[2026-03-13 15:33:09] [INFO] Scheduler is running: queuing task to start_sync_thread.
[2026-03-13 15:33:09] [INFO] Scheduler is running: queuing task to start_sync_thread.
[2026-03-13 15:34:09] [INFO] Scheduler is running: queuing task to delete_unverified_users.
[2026-03-13 15:34:09] [INFO] No unverified users to delete.
[2026-03-13 15:35:09] [INFO] Scheduler is running: queuing task to start_sync_thread.
[2026-03-13 15:35:09] [INFO] Scheduler is running: queuing task to start_sync_thread.
[2026-03-13 15:36:53] [INFO] Application shutting down. Signaling scheduler to stop.
[2026-03-13 15:36:55] [INFO] --- New logging session started: logs\app_20260313.log ---
[2026-03-13 15:36:55] [INFO] Ingredient cache built with 168 items.
[2026-03-13 15:36:55] [INFO] Trie depth: 24
[2026-03-13 15:36:55] [INFO] Recipe cache built with 117 items.
[2026-03-13 15:36:55] [INFO] Trie depth: 30
[2026-03-13 15:36:55] [INFO] Scheduler is running: queuing task to delete_unverified_users.
[2026-03-13 15:36:55] [INFO] Scheduler is running: queuing task to start_sync_thread.
[2026-03-13 15:36:55] [INFO] Scheduler is running: queuing task to start_sync_thread.
[2026-03-13 15:36:55] [INFO] Background scheduler for deleting unverified users has been started.
[2026-03-13 15:36:55] [INFO] No unverified users to delete.
[2026-03-13 15:38:46] [INFO] Application shutting down. Signaling scheduler to stop.
[2026-03-13 15:38:47] [INFO] --- New logging session started: logs\app_20260313.log ---
[2026-03-13 15:38:48] [INFO] Ingredient cache built with 168 items.
[2026-03-13 15:38:48] [INFO] Trie depth: 24
[2026-03-13 15:38:48] [INFO] Recipe cache built with 117 items.
[2026-03-13 15:38:48] [INFO] Trie depth: 30
[2026-03-13 15:38:48] [INFO] Scheduler is running: queuing task to delete_unverified_users.
[2026-03-13 15:38:48] [INFO] Scheduler is running: queuing task to start_sync_thread.
[2026-03-13 15:38:48] [INFO] Background scheduler for deleting unverified users has been started.
[2026-03-13 15:38:48] [INFO] Scheduler is running: queuing task to start_sync_thread.
[2026-03-13 15:38:48] [INFO] No unverified users to delete.
[2026-03-13 15:39:32] [INFO] Application shutting down. Signaling scheduler to stop.
[2026-03-13 15:39:34] [INFO] --- New logging session started: logs\app_20260313.log ---
[2026-03-13 15:39:34] [INFO] Ingredient cache built with 168 items.
[2026-03-13 15:39:34] [INFO] Trie depth: 24
[2026-03-13 15:39:34] [INFO] Recipe cache built with 117 items.
[2026-03-13 15:39:34] [INFO] Trie depth: 30
[2026-03-13 15:39:34] [INFO] Scheduler is running: queuing task to delete_unverified_users.
[2026-03-13 15:39:34] [INFO] Scheduler is running: queuing task to start_sync_thread.
[2026-03-13 15:39:34] [INFO] Scheduler is running: queuing task to start_sync_thread.
[2026-03-13 15:39:34] [INFO] Background scheduler for deleting unverified users has been started.
[2026-03-13 15:39:34] [INFO] No unverified users to delete.
[2026-03-13 15:41:34] [INFO] Scheduler is running: queuing task to start_sync_thread.
[2026-03-13 15:41:34] [INFO] Scheduler is running: queuing task to start_sync_thread.
[2026-03-13 15:42:34] [INFO] Scheduler is running: queuing task to delete_unverified_users.
[2026-03-13 15:42:34] [INFO] No unverified users to delete.
[2026-03-13 15:43:34] [INFO] Scheduler is running: queuing task to start_sync_thread.
[2026-03-13 15:43:34] [INFO] Scheduler is running: queuing task to start_sync_thread.
[2026-03-13 15:45:34] [INFO] Scheduler is running: queuing task to delete_unverified_users.
[2026-03-13 15:45:34] [INFO] No unverified users to delete.
[2026-03-13 15:45:34] [INFO] Scheduler is running: queuing task to start_sync_thread.
[2026-03-13 15:45:34] [INFO] Scheduler is running: queuing task to start_sync_thread.
[2026-03-13 15:47:03] [INFO] Application shutting down. Signaling scheduler to stop.
[2026-03-13 15:47:04] [INFO] --- New logging session started: logs\app_20260313.log ---
[2026-03-13 15:47:04] [INFO] Ingredient cache built with 168 items.
[2026-03-13 15:47:04] [INFO] Trie depth: 24
[2026-03-13 15:47:04] [INFO] Recipe cache built with 117 items.
[2026-03-13 15:47:04] [INFO] Trie depth: 30
[2026-03-13 15:47:04] [INFO] Scheduler is running: queuing task to delete_unverified_users.
[2026-03-13 15:47:04] [INFO] Scheduler is running: queuing task to start_sync_thread.
[2026-03-13 15:47:04] [INFO] Scheduler is running: queuing task to start_sync_thread.
[2026-03-13 15:47:04] [INFO] Background scheduler for deleting unverified users has been started.
[2026-03-13 15:47:04] [INFO] No unverified users to delete.
[2026-03-13 15:49:04] [INFO] Scheduler is running: queuing task to start_sync_thread.
[2026-03-13 15:49:04] [INFO] Scheduler is running: queuing task to start_sync_thread.
[2026-03-13 15:50:04] [INFO] Scheduler is running: queuing task to delete_unverified_users.
[2026-03-13 15:50:04] [INFO] No unverified users to delete.
[2026-03-13 15:51:04] [INFO] Scheduler is running: queuing task to start_sync_thread.
[2026-03-13 15:51:04] [INFO] Scheduler is running: queuing task to start_sync_thread.
[2026-03-13 15:53:04] [INFO] Scheduler is running: queuing task to delete_unverified_users.
[2026-03-13 15:53:04] [INFO] No unverified users to delete.
[2026-03-13 15:53:04] [INFO] Scheduler is running: queuing task to start_sync_thread.
[2026-03-13 15:53:05] [INFO] Scheduler is running: queuing task to start_sync_thread.
[2026-03-13 15:55:04] [INFO] Scheduler is running: queuing task to start_sync_thread.
[2026-03-13 15:55:05] [INFO] Scheduler is running: queuing task to start_sync_thread.
[2026-03-13 15:56:04] [INFO] Scheduler is running: queuing task to delete_unverified_users.
[2026-03-13 15:56:04] [INFO] No unverified users to delete.
[2026-03-13 15:57:04] [INFO] Scheduler is running: queuing task to start_sync_thread.
[2026-03-13 15:57:05] [INFO] Scheduler is running: queuing task to start_sync_thread.
[2026-03-13 15:59:04] [INFO] Scheduler is running: queuing task to delete_unverified_users.
[2026-03-13 15:59:04] [INFO] No unverified users to delete.
[2026-03-13 15:59:04] [INFO] Scheduler is running: queuing task to start_sync_thread.
[2026-03-13 15:59:05] [INFO] Scheduler is running: queuing task to start_sync_thread.
[2026-03-13 16:01:04] [INFO] Scheduler is running: queuing task to start_sync_thread.
[2026-03-13 16:01:05] [INFO] Scheduler is running: queuing task to start_sync_thread.
[2026-03-13 16:02:04] [INFO] Scheduler is running: queuing task to delete_unverified_users.
[2026-03-13 16:02:04] [INFO] No unverified users to delete.
[2026-03-13 16:03:05] [INFO] Scheduler is running: queuing task to start_sync_thread.
[2026-03-13 16:03:05] [INFO] Scheduler is running: queuing task to start_sync_thread.
[2026-03-13 16:05:04] [INFO] Scheduler is running: queuing task to delete_unverified_users.
[2026-03-13 16:05:04] [INFO] No unverified users to delete.
[2026-03-13 16:05:05] [INFO] Scheduler is running: queuing task to start_sync_thread.
[2026-03-13 16:05:05] [INFO] Scheduler is running: queuing task to start_sync_thread.
[2026-03-13 16:06:10] [INFO] Generated verification code for eu545@email.com: 289591
[2026-03-13 16:06:11] [INFO] User created: u345
[2026-03-13 16:07:05] [INFO] Scheduler is running: queuing task to start_sync_thread.
[2026-03-13 16:07:05] [INFO] Scheduler is running: queuing task to start_sync_thread.
[2026-03-13 16:08:04] [INFO] Scheduler is running: queuing task to delete_unverified_users.
[2026-03-13 16:08:04] [INFO] No unverified users to delete.
[2026-03-13 16:09:05] [INFO] Scheduler is running: queuing task to start_sync_thread.
[2026-03-13 16:09:05] [INFO] Scheduler is running: queuing task to start_sync_thread.
[2026-03-13 16:10:01] [INFO] Generated verification code for lflrl3@email.com: 882524
[2026-03-13 16:10:02] [INFO] User created: kktkr2
[2026-03-13 16:11:04] [INFO] Scheduler is running: queuing task to delete_unverified_users.
[2026-03-13 16:11:05] [INFO] No unverified users to delete.
[2026-03-13 16:11:05] [INFO] Scheduler is running: queuing task to start_sync_thread.
[2026-03-13 16:11:05] [INFO] Scheduler is running: queuing task to start_sync_thread.
[2026-03-13 16:13:05] [INFO] Scheduler is running: queuing task to start_sync_thread.
[2026-03-13 16:13:05] [INFO] Scheduler is running: queuing task to start_sync_thread.
[2026-03-13 16:14:05] [INFO] Scheduler is running: queuing task to delete_unverified_users.
[2026-03-13 16:14:05] [INFO] No unverified users to delete.
[2026-03-13 16:15:05] [INFO] Scheduler is running: queuing task to start_sync_thread.
[2026-03-13 16:15:05] [INFO] Scheduler is running: queuing task to start_sync_thread.
[2026-03-13 16:17:05] [INFO] Scheduler is running: queuing task to delete_unverified_users.
[2026-03-13 16:17:05] [INFO] No unverified users to delete.
[2026-03-13 16:17:05] [INFO] Scheduler is running: queuing task to start_sync_thread.
[2026-03-13 16:17:05] [INFO] Scheduler is running: queuing task to start_sync_thread.
[2026-03-13 16:19:05] [INFO] Scheduler is running: queuing task to start_sync_thread.
[2026-03-13 16:19:05] [INFO] Scheduler is running: queuing task to start_sync_thread.
[2026-03-13 16:20:05] [INFO] Scheduler is running: queuing task to delete_unverified_users.
[2026-03-13 16:20:05] [INFO] No unverified users to delete.
[2026-03-13 16:21:05] [INFO] Scheduler is running: queuing task to start_sync_thread.
[2026-03-13 16:21:05] [INFO] Scheduler is running: queuing task to start_sync_thread.
[2026-03-13 16:23:05] [INFO] Scheduler is running: queuing task to delete_unverified_users.
[2026-03-13 16:23:05] [INFO] No unverified users to delete.
[2026-03-13 16:23:05] [INFO] Scheduler is running: queuing task to start_sync_thread.
[2026-03-13 16:23:05] [INFO] Scheduler is running: queuing task to start_sync_thread.
[2026-03-13 16:25:05] [INFO] Scheduler is running: queuing task to start_sync_thread.
[2026-03-13 16:25:05] [INFO] Scheduler is running: queuing task to start_sync_thread.
[2026-03-13 16:26:05] [INFO] Scheduler is running: queuing task to delete_unverified_users.
[2026-03-13 16:26:05] [INFO] No unverified users to delete.
[2026-03-13 16:27:05] [INFO] Scheduler is running: queuing task to start_sync_thread.
[2026-03-13 16:27:05] [INFO] Scheduler is running: queuing task to start_sync_thread.
[2026-03-13 16:29:05] [INFO] Scheduler is running: queuing task to start_sync_thread.
[2026-03-13 16:29:05] [INFO] Scheduler is running: queuing task to start_sync_thread.
[2026-03-13 16:29:05] [INFO] Scheduler is running: queuing task to delete_unverified_users.
[2026-03-13 16:29:05] [INFO] No unverified users to delete.
[2026-03-13 16:31:05] [INFO] Scheduler is running: queuing task to start_sync_thread.
[2026-03-13 16:31:05] [INFO] Scheduler is running: queuing task to start_sync_thread.
[2026-03-13 16:32:05] [INFO] Scheduler is running: queuing task to delete_unverified_users.
[2026-03-13 16:32:05] [INFO] No unverified users to delete.
[2026-03-13 16:33:05] [INFO] Scheduler is running: queuing task to start_sync_thread.
[2026-03-13 16:33:05] [INFO] Scheduler is running: queuing task to start_sync_thread.
[2026-03-13 16:35:05] [INFO] Scheduler is running: queuing task to start_sync_thread.
[2026-03-13 16:35:05] [INFO] Scheduler is running: queuing task to start_sync_thread.
[2026-03-13 16:35:05] [INFO] Scheduler is running: queuing task to delete_unverified_users.
[2026-03-13 16:35:05] [INFO] No unverified users to delete.
[2026-03-13 16:37:05] [INFO] Scheduler is running: queuing task to start_sync_thread.
[2026-03-13 16:37:05] [INFO] Scheduler is running: queuing task to start_sync_thread.
[2026-03-13 16:38:05] [INFO] Scheduler is running: queuing task to delete_unverified_users.
[2026-03-13 16:38:05] [INFO] No unverified users to delete.
[2026-03-13 16:39:05] [INFO] Scheduler is running: queuing task to start_sync_thread.
[2026-03-13 16:39:05] [INFO] Scheduler is running: queuing task to start_sync_thread.
[2026-03-13 16:41:05] [INFO] Scheduler is running: queuing task to start_sync_thread.
[2026-03-13 16:41:05] [INFO] Scheduler is running: queuing task to start_sync_thread.
[2026-03-13 16:41:05] [INFO] Scheduler is running: queuing task to delete_unverified_users.
[2026-03-13 16:41:05] [INFO] No unverified users to delete.
[2026-03-13 16:43:05] [INFO] Scheduler is running: queuing task to start_sync_thread.
[2026-03-13 16:43:05] [INFO] Scheduler is running: queuing task to start_sync_thread.
[2026-03-13 16:44:05] [INFO] Scheduler is running: queuing task to delete_unverified_users.
[2026-03-13 16:44:05] [INFO] No unverified users to delete.
[2026-03-13 16:45:05] [INFO] Scheduler is running: queuing task to start_sync_thread.
[2026-03-13 16:45:05] [INFO] Scheduler is running: queuing task to start_sync_thread.
[2026-03-13 16:47:05] [INFO] Scheduler is running: queuing task to start_sync_thread.
[2026-03-13 16:47:05] [INFO] Scheduler is running: queuing task to delete_unverified_users.
[2026-03-13 16:47:05] [INFO] Scheduler is running: queuing task to start_sync_thread.
[2026-03-13 16:47:05] [INFO] No unverified users to delete.
[2026-03-13 16:49:05] [INFO] Scheduler is running: queuing task to start_sync_thread.
[2026-03-13 16:49:05] [INFO] Scheduler is running: queuing task to start_sync_thread.
[2026-03-13 16:50:05] [INFO] Scheduler is running: queuing task to delete_unverified_users.
[2026-03-13 16:50:05] [INFO] No unverified users to delete.
[2026-03-13 16:51:05] [INFO] Scheduler is running: queuing task to start_sync_thread.
[2026-03-13 16:51:05] [INFO] Scheduler is running: queuing task to start_sync_thread.
[2026-03-13 16:53:05] [INFO] Scheduler is running: queuing task to start_sync_thread.
[2026-03-13 16:53:05] [INFO] Scheduler is running: queuing task to delete_unverified_users.
[2026-03-13 16:53:05] [INFO] No unverified users to delete.
[2026-03-13 16:53:05] [INFO] Scheduler is running: queuing task to start_sync_thread.
[2026-03-13 16:55:05] [INFO] Scheduler is running: queuing task to start_sync_thread.
[2026-03-13 16:55:05] [INFO] Scheduler is running: queuing task to start_sync_thread.
[2026-03-13 16:56:05] [INFO] Scheduler is running: queuing task to delete_unverified_users.
[2026-03-13 16:56:05] [INFO] No unverified users to delete.
[2026-03-13 16:57:05] [INFO] Scheduler is running: queuing task to start_sync_thread.
[2026-03-13 16:57:05] [INFO] Scheduler is running: queuing task to start_sync_thread.
[2026-03-13 16:59:05] [INFO] Scheduler is running: queuing task to start_sync_thread.
[2026-03-13 16:59:05] [INFO] Scheduler is running: queuing task to delete_unverified_users.
[2026-03-13 16:59:05] [INFO] No unverified users to delete.
[2026-03-13 16:59:05] [INFO] Scheduler is running: queuing task to start_sync_thread.
[2026-03-13 17:01:05] [INFO] Scheduler is running: queuing task to start_sync_thread.
[2026-03-13 17:01:05] [INFO] Scheduler is running: queuing task to start_sync_thread.
[2026-03-13 17:02:05] [INFO] Scheduler is running: queuing task to delete_unverified_users.
[2026-03-13 17:02:05] [INFO] No unverified users to delete.
[2026-03-13 17:03:05] [INFO] Scheduler is running: queuing task to start_sync_thread.
[2026-03-13 17:03:05] [INFO] Scheduler is running: queuing task to start_sync_thread.
[2026-03-13 17:05:05] [INFO] Scheduler is running: queuing task to start_sync_thread.
[2026-03-13 17:05:05] [INFO] Scheduler is running: queuing task to delete_unverified_users.
[2026-03-13 17:05:05] [INFO] No unverified users to delete.
[2026-03-13 17:05:05] [INFO] Scheduler is running: queuing task to start_sync_thread.
[2026-03-13 17:07:05] [INFO] Scheduler is running: queuing task to start_sync_thread.
[2026-03-13 17:07:05] [INFO] Scheduler is running: queuing task to start_sync_thread.
[2026-03-13 17:08:05] [INFO] Scheduler is running: queuing task to delete_unverified_users.
[2026-03-13 17:08:05] [INFO] No unverified users to delete.
[2026-03-13 17:09:05] [INFO] Scheduler is running: queuing task to start_sync_thread.
[2026-03-13 17:09:05] [INFO] Scheduler is running: queuing task to start_sync_thread.
[2026-03-13 17:11:05] [INFO] Scheduler is running: queuing task to start_sync_thread.
[2026-03-13 17:11:05] [INFO] Scheduler is running: queuing task to delete_unverified_users.
[2026-03-13 17:11:05] [INFO] No unverified users to delete.
[2026-03-13 17:11:05] [INFO] Scheduler is running: queuing task to start_sync_thread.
[2026-03-13 17:13:05] [INFO] Scheduler is running: queuing task to start_sync_thread.
[2026-03-13 17:13:05] [INFO] Scheduler is running: queuing task to start_sync_thread.
[2026-03-13 17:14:05] [INFO] Scheduler is running: queuing task to delete_unverified_users.
[2026-03-13 17:14:05] [INFO] No unverified users to delete.
[2026-03-13 17:15:05] [INFO] Scheduler is running: queuing task to start_sync_thread.
[2026-03-13 17:15:05] [INFO] Scheduler is running: queuing task to start_sync_thread.
[2026-03-13 17:16:36] [INFO] Application shutting down. Signaling scheduler to stop.
