[2026-03-17 10:40:20] [INFO] --- New logging session started: logs\app_20260317.log ---
[2026-03-17 10:40:22] [INFO] Ingredient cache built with 168 items.
[2026-03-17 10:40:22] [INFO] Trie depth: 24
[2026-03-17 10:40:22] [INFO] Recipe cache built with 117 items.
[2026-03-17 10:40:22] [INFO] Trie depth: 30
[2026-03-17 10:40:22] [INFO] Scheduler is running: queuing task to delete_unverified_users.
[2026-03-17 10:40:22] [INFO] Scheduler is running: queuing task to start_sync_thread.
[2026-03-17 10:40:22] [INFO] Scheduler is running: queuing task to start_sync_thread.
[2026-03-17 10:40:22] [INFO] Background scheduler for deleting unverified users has been started.
[2026-03-17 10:40:22] [INFO] No unverified users to delete.
[2026-03-17 10:42:22] [INFO] Scheduler is running: queuing task to start_sync_thread.
[2026-03-17 10:42:22] [INFO] Scheduler is running: queuing task to start_sync_thread.
[2026-03-17 10:43:22] [INFO] Scheduler is running: queuing task to delete_unverified_users.
[2026-03-17 10:43:22] [INFO] No unverified users to delete.
[2026-03-17 10:44:22] [INFO] Scheduler is running: queuing task to start_sync_thread.
[2026-03-17 10:44:22] [INFO] Scheduler is running: queuing task to start_sync_thread.
[2026-03-17 10:46:22] [INFO] Scheduler is running: queuing task to delete_unverified_users.
[2026-03-17 10:46:22] [INFO] No unverified users to delete.
[2026-03-17 10:46:22] [INFO] Scheduler is running: queuing task to start_sync_thread.
[2026-03-17 10:46:22] [INFO] Scheduler is running: queuing task to start_sync_thread.
[2026-03-17 10:48:22] [INFO] Scheduler is running: queuing task to start_sync_thread.
[2026-03-17 10:48:22] [INFO] Scheduler is running: queuing task to start_sync_thread.
[2026-03-17 10:49:22] [INFO] Scheduler is running: queuing task to delete_unverified_users.
[2026-03-17 10:49:22] [INFO] No unverified users to delete.
[2026-03-17 10:50:22] [INFO] Scheduler is running: queuing task to start_sync_thread.
[2026-03-17 10:50:22] [INFO] Scheduler is running: queuing task to start_sync_thread.
[2026-03-17 10:52:22] [INFO] Scheduler is running: queuing task to delete_unverified_users.
[2026-03-17 10:52:22] [INFO] No unverified users to delete.
[2026-03-17 10:52:22] [INFO] Scheduler is running: queuing task to start_sync_thread.
[2026-03-17 10:52:22] [INFO] Scheduler is running: queuing task to start_sync_thread.
[2026-03-17 10:54:22] [INFO] Scheduler is running: queuing task to start_sync_thread.
[2026-03-17 10:54:22] [INFO] Scheduler is running: queuing task to start_sync_thread.
[2026-03-17 10:55:22] [INFO] Scheduler is running: queuing task to delete_unverified_users.
[2026-03-17 10:55:22] [INFO] No unverified users to delete.
[2026-03-17 10:56:22] [INFO] Scheduler is running: queuing task to start_sync_thread.
[2026-03-17 10:56:22] [INFO] Scheduler is running: queuing task to start_sync_thread.
[2026-03-17 10:57:22] [INFO] Generated verification code for first@email.com: 351427
[2026-03-17 10:57:23] [INFO] User created: fistuser
[2026-03-17 10:58:22] [INFO] Scheduler is running: queuing task to delete_unverified_users.
[2026-03-17 10:58:22] [INFO] No unverified users to delete.
[2026-03-17 10:58:22] [INFO] Scheduler is running: queuing task to start_sync_thread.
[2026-03-17 10:58:22] [INFO] Scheduler is running: queuing task to start_sync_thread.
[2026-03-17 11:00:22] [INFO] Scheduler is running: queuing task to start_sync_thread.
[2026-03-17 11:00:22] [INFO] Scheduler is running: queuing task to start_sync_thread.
[2026-03-17 11:01:22] [INFO] Scheduler is running: queuing task to delete_unverified_users.
[2026-03-17 11:01:22] [INFO] No unverified users to delete.
[2026-03-17 11:02:22] [INFO] Scheduler is running: queuing task to start_sync_thread.
[2026-03-17 11:02:22] [INFO] Scheduler is running: queuing task to start_sync_thread.
[2026-03-17 11:04:22] [INFO] Scheduler is running: queuing task to delete_unverified_users.
[2026-03-17 11:04:22] [INFO] No unverified users to delete.
[2026-03-17 11:04:22] [INFO] Scheduler is running: queuing task to start_sync_thread.
[2026-03-17 11:04:22] [INFO] Scheduler is running: queuing task to start_sync_thread.
[2026-03-17 11:06:22] [INFO] Scheduler is running: queuing task to start_sync_thread.
[2026-03-17 11:06:22] [INFO] Scheduler is running: queuing task to start_sync_thread.
[2026-03-17 11:06:47] [INFO] Generated new verification code for first@email.com: 508576
[2026-03-17 11:06:47] [INFO] Verification code resent to first@email.com
[2026-03-17 11:07:22] [INFO] Scheduler is running: queuing task to delete_unverified_users.
[2026-03-17 11:07:22] [INFO] No unverified users to delete.
[2026-03-17 11:08:05] [INFO] Generated verification code for first12@email.com: 340403
[2026-03-17 11:08:06] [INFO] User created: first123
[2026-03-17 11:08:22] [INFO] Scheduler is running: queuing task to start_sync_thread.
[2026-03-17 11:08:22] [INFO] Scheduler is running: queuing task to start_sync_thread.
[2026-03-17 11:10:22] [INFO] Scheduler is running: queuing task to delete_unverified_users.
[2026-03-17 11:10:22] [INFO] No unverified users to delete.
[2026-03-17 11:10:22] [INFO] Scheduler is running: queuing task to start_sync_thread.
[2026-03-17 11:10:22] [INFO] Scheduler is running: queuing task to start_sync_thread.
[2026-03-17 11:10:28] [INFO] Generated verification code for second@email.com: 870087
[2026-03-17 11:10:29] [INFO] User created: second_user
[2026-03-17 11:10:36] [INFO] Generated new verification code for second@email.com: 833010
[2026-03-17 11:10:36] [INFO] Verification code resent to second@email.com
[2026-03-17 11:11:37] [INFO] Generated new verification code for second@email.com: 969279
[2026-03-17 11:11:37] [INFO] Verification code resent to second@email.com
[2026-03-17 11:12:22] [INFO] Scheduler is running: queuing task to start_sync_thread.
[2026-03-17 11:12:22] [INFO] Scheduler is running: queuing task to start_sync_thread.
[2026-03-17 11:13:22] [INFO] Scheduler is running: queuing task to delete_unverified_users.
[2026-03-17 11:13:22] [INFO] No unverified users to delete.
[2026-03-17 11:14:22] [INFO] Scheduler is running: queuing task to start_sync_thread.
[2026-03-17 11:14:22] [INFO] Scheduler is running: queuing task to start_sync_thread.
[2026-03-17 11:16:22] [INFO] Scheduler is running: queuing task to delete_unverified_users.
[2026-03-17 11:16:22] [INFO] Scheduler is running: queuing task to start_sync_thread.
[2026-03-17 11:16:22] [INFO] No unverified users to delete.
[2026-03-17 11:16:22] [INFO] Scheduler is running: queuing task to start_sync_thread.
[2026-03-17 11:18:22] [INFO] Scheduler is running: queuing task to start_sync_thread.
[2026-03-17 11:18:22] [INFO] Scheduler is running: queuing task to start_sync_thread.
[2026-03-17 11:19:22] [INFO] Scheduler is running: queuing task to delete_unverified_users.
[2026-03-17 11:19:22] [INFO] No unverified users to delete.
[2026-03-17 11:20:22] [INFO] Scheduler is running: queuing task to start_sync_thread.
[2026-03-17 11:20:22] [INFO] Scheduler is running: queuing task to start_sync_thread.
[2026-03-17 11:22:22] [INFO] Scheduler is running: queuing task to start_sync_thread.
[2026-03-17 11:22:22] [INFO] Scheduler is running: queuing task to delete_unverified_users.
[2026-03-17 11:22:22] [INFO] Scheduler is running: queuing task to start_sync_thread.
[2026-03-17 11:22:22] [INFO] No unverified users to delete.
[2026-03-17 11:24:22] [INFO] Scheduler is running: queuing task to start_sync_thread.
[2026-03-17 11:24:22] [INFO] Scheduler is running: queuing task to start_sync_thread.
[2026-03-17 11:25:22] [INFO] Scheduler is running: queuing task to delete_unverified_users.
[2026-03-17 11:25:22] [INFO] No unverified users to delete.
[2026-03-17 11:26:22] [INFO] Scheduler is running: queuing task to start_sync_thread.
[2026-03-17 11:26:22] [INFO] Scheduler is running: queuing task to start_sync_thread.
[2026-03-17 11:28:22] [INFO] Scheduler is running: queuing task to start_sync_thread.
[2026-03-17 11:28:22] [INFO] Scheduler is running: queuing task to delete_unverified_users.
[2026-03-17 11:28:22] [INFO] No unverified users to delete.
[2026-03-17 11:28:22] [INFO] Scheduler is running: queuing task to start_sync_thread.
[2026-03-17 11:30:22] [INFO] Scheduler is running: queuing task to start_sync_thread.
[2026-03-17 11:30:22] [INFO] Scheduler is running: queuing task to start_sync_thread.
[2026-03-17 11:31:22] [INFO] Scheduler is running: queuing task to delete_unverified_users.
[2026-03-17 11:31:22] [INFO] No unverified users to delete.
[2026-03-17 11:32:22] [INFO] Scheduler is running: queuing task to start_sync_thread.
[2026-03-17 11:32:22] [INFO] Scheduler is running: queuing task to start_sync_thread.
[2026-03-17 11:34:22] [INFO] Scheduler is running: queuing task to start_sync_thread.
[2026-03-17 11:34:22] [INFO] Scheduler is running: queuing task to delete_unverified_users.
[2026-03-17 11:34:22] [INFO] No unverified users to delete.
[2026-03-17 11:34:22] [INFO] Scheduler is running: queuing task to start_sync_thread.
[2026-03-17 11:36:22] [INFO] Scheduler is running: queuing task to start_sync_thread.
[2026-03-17 11:36:22] [INFO] Scheduler is running: queuing task to start_sync_thread.
[2026-03-17 11:37:22] [INFO] Scheduler is running: queuing task to delete_unverified_users.
[2026-03-17 11:37:22] [INFO] No unverified users to delete.
[2026-03-17 11:38:22] [INFO] Scheduler is running: queuing task to start_sync_thread.
[2026-03-17 11:38:22] [INFO] Scheduler is running: queuing task to start_sync_thread.
[2026-03-17 11:40:22] [INFO] Scheduler is running: queuing task to delete_unverified_users.
[2026-03-17 11:40:22] [INFO] No unverified users to delete.
[2026-03-17 11:40:22] [INFO] Scheduler is running: queuing task to start_sync_thread.
[2026-03-17 11:40:22] [INFO] Scheduler is running: queuing task to start_sync_thread.
[2026-03-17 11:42:22] [INFO] Scheduler is running: queuing task to start_sync_thread.
[2026-03-17 11:42:22] [INFO] Scheduler is running: queuing task to start_sync_thread.
[2026-03-17 11:43:22] [INFO] Scheduler is running: queuing task to delete_unverified_users.
[2026-03-17 11:43:22] [INFO] No unverified users to delete.
[2026-03-17 11:44:22] [INFO] Scheduler is running: queuing task to start_sync_thread.
[2026-03-17 11:44:22] [INFO] Scheduler is running: queuing task to start_sync_thread.
[2026-03-17 11:46:22] [INFO] Scheduler is running: queuing task to delete_unverified_users.
[2026-03-17 11:46:22] [INFO] No unverified users to delete.
[2026-03-17 11:46:22] [INFO] Scheduler is running: queuing task to start_sync_thread.
[2026-03-17 11:46:22] [INFO] Scheduler is running: queuing task to start_sync_thread.
[2026-03-17 11:48:22] [INFO] Scheduler is running: queuing task to start_sync_thread.
[2026-03-17 11:48:22] [INFO] Scheduler is running: queuing task to start_sync_thread.
[2026-03-17 11:49:22] [INFO] Scheduler is running: queuing task to delete_unverified_users.
[2026-03-17 11:49:22] [INFO] No unverified users to delete.
[2026-03-17 11:50:22] [INFO] Scheduler is running: queuing task to start_sync_thread.
[2026-03-17 11:50:22] [INFO] Scheduler is running: queuing task to start_sync_thread.
[2026-03-17 11:52:22] [INFO] Scheduler is running: queuing task to delete_unverified_users.
[2026-03-17 11:52:22] [INFO] No unverified users to delete.
[2026-03-17 11:52:22] [INFO] Scheduler is running: queuing task to start_sync_thread.
[2026-03-17 11:52:22] [INFO] Scheduler is running: queuing task to start_sync_thread.
[2026-03-17 11:54:22] [INFO] Scheduler is running: queuing task to start_sync_thread.
[2026-03-17 11:54:22] [INFO] Scheduler is running: queuing task to start_sync_thread.
[2026-03-17 11:55:22] [INFO] Scheduler is running: queuing task to delete_unverified_users.
[2026-03-17 11:55:22] [INFO] No unverified users to delete.
[2026-03-17 11:56:22] [INFO] Scheduler is running: queuing task to start_sync_thread.
[2026-03-17 11:56:22] [INFO] Scheduler is running: queuing task to start_sync_thread.
[2026-03-17 11:58:22] [INFO] Scheduler is running: queuing task to delete_unverified_users.
[2026-03-17 11:58:22] [INFO] No unverified users to delete.
[2026-03-17 11:58:22] [INFO] Scheduler is running: queuing task to start_sync_thread.
[2026-03-17 11:58:22] [INFO] Scheduler is running: queuing task to start_sync_thread.
[2026-03-17 12:00:22] [INFO] Scheduler is running: queuing task to start_sync_thread.
[2026-03-17 12:00:22] [INFO] Scheduler is running: queuing task to start_sync_thread.
[2026-03-17 12:00:26] [INFO] Generated verification code for jon@email.com: 797424
[2026-03-17 12:00:27] [INFO] User created: johnsins
[2026-03-17 12:01:22] [INFO] Scheduler is running: queuing task to delete_unverified_users.
[2026-03-17 12:01:22] [INFO] No unverified users to delete.
[2026-03-17 12:02:22] [INFO] Scheduler is running: queuing task to start_sync_thread.
[2026-03-17 12:02:22] [INFO] Scheduler is running: queuing task to start_sync_thread.
[2026-03-17 12:03:26] [INFO] Generated verification code for first@email.cort: 848243
[2026-03-17 12:03:26] [ERROR] Failed to send verification email to first@email.cort Reaseon Invalid email domain
[2026-03-17 12:03:37] [INFO] Generated verification code for first@email.com: 425247
[2026-03-17 12:03:38] [INFO] User created: first
[2026-03-17 12:04:19] [INFO] Generated new verification code for first@email.com: 606550
[2026-03-17 12:04:19] [INFO] Verification code resent to first@email.com
[2026-03-17 12:04:22] [INFO] Scheduler is running: queuing task to delete_unverified_users.
[2026-03-17 12:04:22] [INFO] No unverified users to delete.
[2026-03-17 12:04:22] [INFO] Scheduler is running: queuing task to start_sync_thread.
[2026-03-17 12:04:22] [INFO] Scheduler is running: queuing task to start_sync_thread.
[2026-03-17 12:06:22] [INFO] Scheduler is running: queuing task to start_sync_thread.
[2026-03-17 12:06:22] [INFO] Scheduler is running: queuing task to start_sync_thread.
[2026-03-17 12:07:22] [INFO] Scheduler is running: queuing task to delete_unverified_users.
[2026-03-17 12:07:22] [INFO] No unverified users to delete.
[2026-03-17 12:08:22] [INFO] Scheduler is running: queuing task to start_sync_thread.
[2026-03-17 12:08:22] [INFO] Scheduler is running: queuing task to start_sync_thread.
[2026-03-17 12:10:22] [INFO] Scheduler is running: queuing task to delete_unverified_users.
[2026-03-17 12:10:22] [INFO] No unverified users to delete.
[2026-03-17 12:10:22] [INFO] Scheduler is running: queuing task to start_sync_thread.
[2026-03-17 12:10:22] [INFO] Scheduler is running: queuing task to start_sync_thread.
[2026-03-17 12:12:22] [INFO] Scheduler is running: queuing task to start_sync_thread.
[2026-03-17 12:12:22] [INFO] Scheduler is running: queuing task to start_sync_thread.
[2026-03-17 12:12:58] [INFO] Generated new verification code for first@email.com: 429192
[2026-03-17 12:12:58] [INFO] Verification code resent to first@email.com
[2026-03-17 12:13:04] [INFO] Generated new verification code for first@email.com: 256013
[2026-03-17 12:13:04] [INFO] Verification code resent to first@email.com
[2026-03-17 12:13:22] [INFO] Scheduler is running: queuing task to delete_unverified_users.
[2026-03-17 12:13:22] [INFO] No unverified users to delete.
[2026-03-17 12:14:22] [INFO] Scheduler is running: queuing task to start_sync_thread.
[2026-03-17 12:14:22] [INFO] Scheduler is running: queuing task to start_sync_thread.
[2026-03-17 12:16:22] [INFO] Scheduler is running: queuing task to delete_unverified_users.
[2026-03-17 12:16:22] [INFO] No unverified users to delete.
[2026-03-17 12:16:22] [INFO] Scheduler is running: queuing task to start_sync_thread.
[2026-03-17 12:16:22] [INFO] Scheduler is running: queuing task to start_sync_thread.
[2026-03-17 12:18:22] [INFO] Scheduler is running: queuing task to start_sync_thread.
[2026-03-17 12:18:22] [INFO] Scheduler is running: queuing task to start_sync_thread.
[2026-03-17 12:19:22] [INFO] Scheduler is running: queuing task to delete_unverified_users.
[2026-03-17 12:19:22] [INFO] No unverified users to delete.
[2026-03-17 12:20:22] [INFO] Scheduler is running: queuing task to start_sync_thread.
[2026-03-17 12:20:22] [INFO] Scheduler is running: queuing task to start_sync_thread.
[2026-03-17 12:22:22] [INFO] Scheduler is running: queuing task to delete_unverified_users.
[2026-03-17 12:22:22] [INFO] No unverified users to delete.
[2026-03-17 12:22:22] [INFO] Scheduler is running: queuing task to start_sync_thread.
[2026-03-17 12:22:22] [INFO] Scheduler is running: queuing task to start_sync_thread.
[2026-03-17 12:24:22] [INFO] Scheduler is running: queuing task to start_sync_thread.
[2026-03-17 12:24:22] [INFO] Scheduler is running: queuing task to start_sync_thread.
[2026-03-17 12:25:22] [INFO] Scheduler is running: queuing task to delete_unverified_users.
[2026-03-17 12:25:22] [INFO] No unverified users to delete.
[2026-03-17 12:25:40] [INFO] Generated new verification code for first@email.com: 518694
[2026-03-17 12:25:40] [INFO] Verification code resent to first@email.com
[2026-03-17 12:26:22] [INFO] Scheduler is running: queuing task to start_sync_thread.
[2026-03-17 12:26:22] [INFO] Scheduler is running: queuing task to start_sync_thread.
[2026-03-17 12:28:22] [INFO] Scheduler is running: queuing task to delete_unverified_users.
[2026-03-17 12:28:22] [INFO] No unverified users to delete.
[2026-03-17 12:28:22] [INFO] Scheduler is running: queuing task to start_sync_thread.
[2026-03-17 12:28:22] [INFO] Scheduler is running: queuing task to start_sync_thread.
[2026-03-17 12:30:22] [INFO] Scheduler is running: queuing task to start_sync_thread.
[2026-03-17 12:30:22] [INFO] Scheduler is running: queuing task to start_sync_thread.
[2026-03-17 12:31:22] [INFO] Scheduler is running: queuing task to delete_unverified_users.
[2026-03-17 12:31:22] [INFO] No unverified users to delete.
[2026-03-17 12:32:22] [INFO] Scheduler is running: queuing task to start_sync_thread.
[2026-03-17 12:32:22] [INFO] Scheduler is running: queuing task to start_sync_thread.
[2026-03-17 12:34:22] [INFO] Scheduler is running: queuing task to delete_unverified_users.
[2026-03-17 12:34:22] [INFO] No unverified users to delete.
[2026-03-17 12:34:22] [INFO] Scheduler is running: queuing task to start_sync_thread.
[2026-03-17 12:34:22] [INFO] Scheduler is running: queuing task to start_sync_thread.
[2026-03-17 12:35:41] [INFO] Generated new verification code for first@email.com: 603508
[2026-03-17 12:35:41] [INFO] Verification code resent to first@email.com
[2026-03-17 12:35:48] [INFO] Generated new verification code for first@email.com: 471390
[2026-03-17 12:35:48] [INFO] Verification code resent to first@email.com
[2026-03-17 12:36:06] [INFO] Generated new verification code for first@email.com: 618695
[2026-03-17 12:36:06] [INFO] Verification code resent to first@email.com
[2026-03-17 12:36:22] [INFO] Scheduler is running: queuing task to start_sync_thread.
[2026-03-17 12:36:22] [INFO] Scheduler is running: queuing task to start_sync_thread.
[2026-03-17 12:37:22] [INFO] Scheduler is running: queuing task to delete_unverified_users.
[2026-03-17 12:37:22] [INFO] No unverified users to delete.
[2026-03-17 12:38:22] [INFO] Scheduler is running: queuing task to start_sync_thread.
[2026-03-17 12:38:22] [INFO] Scheduler is running: queuing task to start_sync_thread.
[2026-03-17 12:39:00] [INFO] Generated new verification code for first@email.com: 666858
[2026-03-17 12:39:00] [INFO] Verification code resent to first@email.com
[2026-03-17 12:40:22] [INFO] Scheduler is running: queuing task to delete_unverified_users.
[2026-03-17 12:40:22] [INFO] No unverified users to delete.
[2026-03-17 12:40:22] [INFO] Scheduler is running: queuing task to start_sync_thread.
[2026-03-17 12:40:22] [INFO] Scheduler is running: queuing task to start_sync_thread.
[2026-03-17 12:42:22] [INFO] Scheduler is running: queuing task to start_sync_thread.
[2026-03-17 12:42:22] [INFO] Scheduler is running: queuing task to start_sync_thread.
[2026-03-17 12:43:22] [INFO] Scheduler is running: queuing task to delete_unverified_users.
[2026-03-17 12:43:22] [INFO] No unverified users to delete.
[2026-03-17 12:43:31] [INFO] Generated new verification code for first@email.com: 900501
[2026-03-17 12:43:31] [INFO] Verification code resent to first@email.com
[2026-03-17 12:44:22] [INFO] Scheduler is running: queuing task to start_sync_thread.
[2026-03-17 12:44:22] [INFO] Scheduler is running: queuing task to start_sync_thread.
[2026-03-17 12:46:22] [INFO] Scheduler is running: queuing task to delete_unverified_users.
[2026-03-17 12:46:22] [INFO] No unverified users to delete.
[2026-03-17 12:46:22] [INFO] Scheduler is running: queuing task to start_sync_thread.
[2026-03-17 12:46:22] [INFO] Scheduler is running: queuing task to start_sync_thread.
[2026-03-17 12:48:15] [INFO] Generated new verification code for first@email.com: 533295
[2026-03-17 12:48:15] [INFO] Verification code resent to first@email.com
[2026-03-17 12:48:22] [INFO] Scheduler is running: queuing task to start_sync_thread.
[2026-03-17 12:48:22] [INFO] Scheduler is running: queuing task to start_sync_thread.
[2026-03-17 12:49:22] [INFO] Scheduler is running: queuing task to delete_unverified_users.
[2026-03-17 12:49:22] [INFO] No unverified users to delete.
[2026-03-17 12:50:22] [INFO] Scheduler is running: queuing task to start_sync_thread.
[2026-03-17 12:50:22] [INFO] Scheduler is running: queuing task to start_sync_thread.
[2026-03-17 12:52:22] [INFO] Scheduler is running: queuing task to delete_unverified_users.
[2026-03-17 12:52:22] [INFO] No unverified users to delete.
[2026-03-17 12:52:22] [INFO] Scheduler is running: queuing task to start_sync_thread.
[2026-03-17 12:52:22] [INFO] Scheduler is running: queuing task to start_sync_thread.
[2026-03-17 12:54:22] [INFO] Scheduler is running: queuing task to start_sync_thread.
[2026-03-17 12:54:22] [INFO] Scheduler is running: queuing task to start_sync_thread.
[2026-03-17 12:55:22] [INFO] Scheduler is running: queuing task to delete_unverified_users.
[2026-03-17 12:55:22] [INFO] No unverified users to delete.
[2026-03-17 12:56:22] [INFO] Scheduler is running: queuing task to start_sync_thread.
[2026-03-17 12:56:22] [INFO] Scheduler is running: queuing task to start_sync_thread.
[2026-03-17 12:58:22] [INFO] Scheduler is running: queuing task to delete_unverified_users.
[2026-03-17 12:58:22] [INFO] No unverified users to delete.
[2026-03-17 12:58:22] [INFO] Scheduler is running: queuing task to start_sync_thread.
[2026-03-17 12:58:22] [INFO] Scheduler is running: queuing task to start_sync_thread.
[2026-03-17 13:00:22] [INFO] Scheduler is running: queuing task to start_sync_thread.
[2026-03-17 13:00:22] [INFO] Scheduler is running: queuing task to start_sync_thread.
[2026-03-17 13:01:22] [INFO] Scheduler is running: queuing task to delete_unverified_users.
[2026-03-17 13:01:22] [INFO] No unverified users to delete.
[2026-03-17 13:02:22] [INFO] Scheduler is running: queuing task to start_sync_thread.
[2026-03-17 13:02:22] [INFO] Scheduler is running: queuing task to start_sync_thread.
[2026-03-17 13:04:22] [INFO] Scheduler is running: queuing task to delete_unverified_users.
[2026-03-17 13:04:22] [INFO] No unverified users to delete.
[2026-03-17 13:04:22] [INFO] Scheduler is running: queuing task to start_sync_thread.
[2026-03-17 13:04:22] [INFO] Scheduler is running: queuing task to start_sync_thread.
[2026-03-17 13:06:22] [INFO] Scheduler is running: queuing task to start_sync_thread.
[2026-03-17 13:06:22] [INFO] Scheduler is running: queuing task to start_sync_thread.
[2026-03-17 13:07:22] [INFO] Scheduler is running: queuing task to delete_unverified_users.
[2026-03-17 13:07:22] [INFO] No unverified users to delete.
[2026-03-17 13:08:22] [INFO] Scheduler is running: queuing task to start_sync_thread.
[2026-03-17 13:08:22] [INFO] Scheduler is running: queuing task to start_sync_thread.
[2026-03-17 13:10:22] [INFO] Scheduler is running: queuing task to delete_unverified_users.
[2026-03-17 13:10:22] [INFO] No unverified users to delete.
[2026-03-17 13:10:22] [INFO] Scheduler is running: queuing task to start_sync_thread.
[2026-03-17 13:10:22] [INFO] Scheduler is running: queuing task to start_sync_thread.
[2026-03-17 13:12:22] [INFO] Scheduler is running: queuing task to start_sync_thread.
[2026-03-17 13:12:22] [INFO] Scheduler is running: queuing task to start_sync_thread.
[2026-03-17 13:13:22] [INFO] Scheduler is running: queuing task to delete_unverified_users.
[2026-03-17 13:13:22] [INFO] No unverified users to delete.
[2026-03-17 13:14:22] [INFO] Scheduler is running: queuing task to start_sync_thread.
[2026-03-17 13:14:22] [INFO] Scheduler is running: queuing task to start_sync_thread.
[2026-03-17 13:16:22] [INFO] Scheduler is running: queuing task to delete_unverified_users.
[2026-03-17 13:16:22] [INFO] No unverified users to delete.
[2026-03-17 13:16:22] [INFO] Scheduler is running: queuing task to start_sync_thread.
[2026-03-17 13:16:22] [INFO] Scheduler is running: queuing task to start_sync_thread.
[2026-03-17 13:18:22] [INFO] Scheduler is running: queuing task to start_sync_thread.
[2026-03-17 13:18:22] [INFO] Scheduler is running: queuing task to start_sync_thread.
[2026-03-17 13:19:22] [INFO] Scheduler is running: queuing task to delete_unverified_users.
[2026-03-17 13:19:22] [INFO] No unverified users to delete.
[2026-03-17 13:20:22] [INFO] Scheduler is running: queuing task to start_sync_thread.
[2026-03-17 13:20:22] [INFO] Scheduler is running: queuing task to start_sync_thread.
[2026-03-17 13:22:22] [INFO] Scheduler is running: queuing task to delete_unverified_users.
[2026-03-17 13:22:22] [INFO] No unverified users to delete.
[2026-03-17 13:22:22] [INFO] Scheduler is running: queuing task to start_sync_thread.
[2026-03-17 13:22:22] [INFO] Scheduler is running: queuing task to start_sync_thread.
[2026-03-17 13:24:22] [INFO] Scheduler is running: queuing task to start_sync_thread.
[2026-03-17 13:24:22] [INFO] Scheduler is running: queuing task to start_sync_thread.
[2026-03-17 13:25:22] [INFO] Scheduler is running: queuing task to delete_unverified_users.
[2026-03-17 13:25:22] [INFO] No unverified users to delete.
[2026-03-17 13:26:22] [INFO] Scheduler is running: queuing task to start_sync_thread.
[2026-03-17 13:26:22] [INFO] Scheduler is running: queuing task to start_sync_thread.
[2026-03-17 13:28:22] [INFO] Scheduler is running: queuing task to delete_unverified_users.
[2026-03-17 13:28:22] [INFO] No unverified users to delete.
[2026-03-17 13:28:22] [INFO] Scheduler is running: queuing task to start_sync_thread.
[2026-03-17 13:28:22] [INFO] Scheduler is running: queuing task to start_sync_thread.
[2026-03-17 13:30:22] [INFO] Scheduler is running: queuing task to start_sync_thread.
[2026-03-17 13:30:22] [INFO] Scheduler is running: queuing task to start_sync_thread.
[2026-03-17 13:31:22] [INFO] Scheduler is running: queuing task to delete_unverified_users.
[2026-03-17 13:31:22] [INFO] No unverified users to delete.
[2026-03-17 13:32:22] [INFO] Scheduler is running: queuing task to start_sync_thread.
[2026-03-17 13:32:22] [INFO] Scheduler is running: queuing task to start_sync_thread.
[2026-03-17 13:34:22] [INFO] Scheduler is running: queuing task to delete_unverified_users.
[2026-03-17 13:34:22] [INFO] No unverified users to delete.
[2026-03-17 13:34:22] [INFO] Scheduler is running: queuing task to start_sync_thread.
[2026-03-17 13:34:22] [INFO] Scheduler is running: queuing task to start_sync_thread.
[2026-03-17 13:36:22] [INFO] Scheduler is running: queuing task to start_sync_thread.
[2026-03-17 13:36:22] [INFO] Scheduler is running: queuing task to start_sync_thread.
[2026-03-17 13:37:22] [INFO] Scheduler is running: queuing task to delete_unverified_users.
[2026-03-17 13:37:22] [INFO] No unverified users to delete.
[2026-03-17 13:38:22] [INFO] Scheduler is running: queuing task to start_sync_thread.
[2026-03-17 13:38:22] [INFO] Scheduler is running: queuing task to start_sync_thread.
[2026-03-17 13:40:22] [INFO] Scheduler is running: queuing task to delete_unverified_users.
[2026-03-17 13:40:22] [INFO] No unverified users to delete.
[2026-03-17 13:40:22] [INFO] Scheduler is running: queuing task to start_sync_thread.
[2026-03-17 13:40:22] [INFO] Scheduler is running: queuing task to start_sync_thread.
[2026-03-17 13:41:27] [INFO] Generated new verification code for first@email.com: 979521
[2026-03-17 13:41:27] [INFO] Verification code resent to first@email.com
[2026-03-17 13:42:22] [INFO] Scheduler is running: queuing task to start_sync_thread.
[2026-03-17 13:42:22] [INFO] Scheduler is running: queuing task to start_sync_thread.
[2026-03-17 13:43:01] [INFO] Generated new verification code for first@email.com: 300654
[2026-03-17 13:43:02] [INFO] Verification code resent to first@email.com
[2026-03-17 13:43:14] [INFO] Generated new verification code for first@email.com: 219140
[2026-03-17 13:43:14] [INFO] Verification code resent to first@email.com
[2026-03-17 13:43:22] [INFO] Scheduler is running: queuing task to delete_unverified_users.
[2026-03-17 13:43:22] [INFO] No unverified users to delete.
[2026-03-17 13:44:22] [INFO] Scheduler is running: queuing task to start_sync_thread.
[2026-03-17 13:44:22] [INFO] Scheduler is running: queuing task to start_sync_thread.
[2026-03-17 13:46:22] [INFO] Scheduler is running: queuing task to delete_unverified_users.
[2026-03-17 13:46:22] [INFO] No unverified users to delete.
[2026-03-17 13:46:22] [INFO] Scheduler is running: queuing task to start_sync_thread.
[2026-03-17 13:46:22] [INFO] Scheduler is running: queuing task to start_sync_thread.
[2026-03-17 13:48:22] [INFO] Scheduler is running: queuing task to start_sync_thread.
[2026-03-17 13:48:22] [INFO] Scheduler is running: queuing task to start_sync_thread.
[2026-03-17 13:49:22] [INFO] Scheduler is running: queuing task to delete_unverified_users.
[2026-03-17 13:49:22] [INFO] No unverified users to delete.
[2026-03-17 13:50:22] [INFO] Scheduler is running: queuing task to start_sync_thread.
[2026-03-17 13:50:22] [INFO] Scheduler is running: queuing task to start_sync_thread.
[2026-03-17 13:52:22] [INFO] Scheduler is running: queuing task to delete_unverified_users.
[2026-03-17 13:52:22] [INFO] No unverified users to delete.
[2026-03-17 13:52:22] [INFO] Scheduler is running: queuing task to start_sync_thread.
[2026-03-17 13:52:22] [INFO] Scheduler is running: queuing task to start_sync_thread.
[2026-03-17 13:54:22] [INFO] Scheduler is running: queuing task to start_sync_thread.
[2026-03-17 13:54:22] [INFO] Scheduler is running: queuing task to start_sync_thread.
[2026-03-17 13:55:13] [INFO] Generated new verification code for first@email.com: 126750
[2026-03-17 13:55:13] [INFO] Verification code resent to first@email.com
[2026-03-17 13:55:22] [INFO] Scheduler is running: queuing task to delete_unverified_users.
[2026-03-17 13:55:22] [INFO] No unverified users to delete.
[2026-03-17 13:56:22] [INFO] Scheduler is running: queuing task to start_sync_thread.
[2026-03-17 13:56:22] [INFO] Scheduler is running: queuing task to start_sync_thread.
[2026-03-17 13:58:22] [INFO] Scheduler is running: queuing task to delete_unverified_users.
[2026-03-17 13:58:22] [INFO] No unverified users to delete.
[2026-03-17 13:58:22] [INFO] Scheduler is running: queuing task to start_sync_thread.
[2026-03-17 13:58:22] [INFO] Scheduler is running: queuing task to start_sync_thread.
[2026-03-17 14:00:22] [INFO] Scheduler is running: queuing task to start_sync_thread.
[2026-03-17 14:00:22] [INFO] Scheduler is running: queuing task to start_sync_thread.
[2026-03-17 14:01:22] [INFO] Scheduler is running: queuing task to delete_unverified_users.
[2026-03-17 14:01:22] [INFO] No unverified users to delete.
[2026-03-17 14:01:57] [INFO] Generated new verification code for first@email.com: 729538
[2026-03-17 14:01:57] [INFO] Verification code resent to first@email.com
[2026-03-17 14:02:22] [INFO] Scheduler is running: queuing task to start_sync_thread.
[2026-03-17 14:02:22] [INFO] Scheduler is running: queuing task to start_sync_thread.
[2026-03-17 14:04:22] [INFO] Scheduler is running: queuing task to delete_unverified_users.
[2026-03-17 14:04:22] [INFO] No unverified users to delete.
[2026-03-17 14:04:22] [INFO] Scheduler is running: queuing task to start_sync_thread.
[2026-03-17 14:04:22] [INFO] Scheduler is running: queuing task to start_sync_thread.
[2026-03-17 14:06:22] [INFO] Scheduler is running: queuing task to start_sync_thread.
[2026-03-17 14:06:22] [INFO] Scheduler is running: queuing task to start_sync_thread.
[2026-03-17 14:07:22] [INFO] Scheduler is running: queuing task to delete_unverified_users.
[2026-03-17 14:07:22] [INFO] No unverified users to delete.
[2026-03-17 14:08:21] [INFO] Generated new verification code for first@email.com: 300501
[2026-03-17 14:08:21] [INFO] Verification code resent to first@email.com
[2026-03-17 14:08:22] [INFO] Scheduler is running: queuing task to start_sync_thread.
[2026-03-17 14:08:22] [INFO] Scheduler is running: queuing task to start_sync_thread.
[2026-03-17 14:10:22] [INFO] Scheduler is running: queuing task to delete_unverified_users.
[2026-03-17 14:10:22] [INFO] No unverified users to delete.
[2026-03-17 14:10:22] [INFO] Scheduler is running: queuing task to start_sync_thread.
[2026-03-17 14:10:22] [INFO] Scheduler is running: queuing task to start_sync_thread.
[2026-03-17 14:10:46] [INFO] Generated new verification code for first@email.com: 814460
[2026-03-17 14:10:46] [INFO] Verification code resent to first@email.com
[2026-03-17 14:12:22] [INFO] Scheduler is running: queuing task to start_sync_thread.
[2026-03-17 14:12:22] [INFO] Scheduler is running: queuing task to start_sync_thread.
[2026-03-17 14:13:22] [INFO] Scheduler is running: queuing task to delete_unverified_users.
[2026-03-17 14:13:22] [INFO] No unverified users to delete.
[2026-03-17 14:14:21] [INFO] Generated new verification code for first@email.com: 787758
[2026-03-17 14:14:21] [INFO] Verification code resent to first@email.com
[2026-03-17 14:14:22] [INFO] Scheduler is running: queuing task to start_sync_thread.
[2026-03-17 14:14:22] [INFO] Scheduler is running: queuing task to start_sync_thread.
[2026-03-17 14:16:22] [INFO] Scheduler is running: queuing task to delete_unverified_users.
[2026-03-17 14:16:22] [INFO] No unverified users to delete.
[2026-03-17 14:16:22] [INFO] Scheduler is running: queuing task to start_sync_thread.
[2026-03-17 14:16:22] [INFO] Scheduler is running: queuing task to start_sync_thread.
[2026-03-17 14:18:22] [INFO] Scheduler is running: queuing task to start_sync_thread.
[2026-03-17 14:18:22] [INFO] Scheduler is running: queuing task to start_sync_thread.
[2026-03-17 14:19:22] [INFO] Scheduler is running: queuing task to delete_unverified_users.
[2026-03-17 14:19:22] [INFO] No unverified users to delete.
[2026-03-17 14:20:22] [INFO] Scheduler is running: queuing task to start_sync_thread.
[2026-03-17 14:20:22] [INFO] Scheduler is running: queuing task to start_sync_thread.
[2026-03-17 14:22:22] [INFO] Scheduler is running: queuing task to delete_unverified_users.
[2026-03-17 14:22:22] [INFO] No unverified users to delete.
[2026-03-17 14:22:22] [INFO] Scheduler is running: queuing task to start_sync_thread.
[2026-03-17 14:22:22] [INFO] Scheduler is running: queuing task to start_sync_thread.
[2026-03-17 14:24:22] [INFO] Scheduler is running: queuing task to start_sync_thread.
[2026-03-17 14:24:22] [INFO] Scheduler is running: queuing task to start_sync_thread.
[2026-03-17 14:25:22] [INFO] Scheduler is running: queuing task to delete_unverified_users.
[2026-03-17 14:25:22] [INFO] No unverified users to delete.
[2026-03-17 14:26:22] [INFO] Scheduler is running: queuing task to start_sync_thread.
[2026-03-17 14:26:22] [INFO] Scheduler is running: queuing task to start_sync_thread.
[2026-03-17 14:28:22] [INFO] Scheduler is running: queuing task to delete_unverified_users.
[2026-03-17 14:28:22] [INFO] No unverified users to delete.
[2026-03-17 14:28:22] [INFO] Scheduler is running: queuing task to start_sync_thread.
[2026-03-17 14:28:22] [INFO] Scheduler is running: queuing task to start_sync_thread.
[2026-03-17 14:29:49] [INFO] Generated new verification code for first@email.com: 453138
[2026-03-17 14:29:49] [INFO] Verification code resent to first@email.com
[2026-03-17 14:30:22] [INFO] Scheduler is running: queuing task to start_sync_thread.
[2026-03-17 14:30:22] [INFO] Scheduler is running: queuing task to start_sync_thread.
[2026-03-17 14:31:22] [INFO] Scheduler is running: queuing task to delete_unverified_users.
[2026-03-17 14:31:22] [INFO] No unverified users to delete.
[2026-03-17 14:31:33] [INFO] Generated new verification code for first@email.com: 276340
[2026-03-17 14:31:33] [INFO] Verification code resent to first@email.com
[2026-03-17 14:32:22] [INFO] Scheduler is running: queuing task to start_sync_thread.
[2026-03-17 14:32:22] [INFO] Scheduler is running: queuing task to start_sync_thread.
[2026-03-17 14:34:22] [INFO] Scheduler is running: queuing task to delete_unverified_users.
[2026-03-17 14:34:22] [INFO] No unverified users to delete.
[2026-03-17 14:34:22] [INFO] Scheduler is running: queuing task to start_sync_thread.
[2026-03-17 14:34:22] [INFO] Scheduler is running: queuing task to start_sync_thread.
[2026-03-17 14:36:22] [INFO] Scheduler is running: queuing task to start_sync_thread.
[2026-03-17 14:36:22] [INFO] Scheduler is running: queuing task to start_sync_thread.
[2026-03-17 14:37:22] [INFO] Scheduler is running: queuing task to delete_unverified_users.
[2026-03-17 14:37:22] [INFO] No unverified users to delete.
[2026-03-17 14:38:22] [INFO] Scheduler is running: queuing task to start_sync_thread.
[2026-03-17 14:38:22] [INFO] Scheduler is running: queuing task to start_sync_thread.
[2026-03-17 14:38:49] [INFO] Generated new verification code for first@email.com: 573289
[2026-03-17 14:38:49] [INFO] Verification code resent to first@email.com
[2026-03-17 14:40:22] [INFO] Scheduler is running: queuing task to delete_unverified_users.
[2026-03-17 14:40:22] [INFO] No unverified users to delete.
[2026-03-17 14:40:22] [INFO] Scheduler is running: queuing task to start_sync_thread.
[2026-03-17 14:40:22] [INFO] Scheduler is running: queuing task to start_sync_thread.
[2026-03-17 14:42:22] [INFO] Scheduler is running: queuing task to start_sync_thread.
[2026-03-17 14:42:22] [INFO] Scheduler is running: queuing task to start_sync_thread.
[2026-03-17 14:43:22] [INFO] Scheduler is running: queuing task to delete_unverified_users.
[2026-03-17 14:43:22] [INFO] No unverified users to delete.
[2026-03-17 14:44:22] [INFO] Scheduler is running: queuing task to start_sync_thread.
[2026-03-17 14:44:22] [INFO] Scheduler is running: queuing task to start_sync_thread.
[2026-03-17 14:46:22] [INFO] Scheduler is running: queuing task to delete_unverified_users.
[2026-03-17 14:46:22] [INFO] No unverified users to delete.
[2026-03-17 14:46:22] [INFO] Scheduler is running: queuing task to start_sync_thread.
[2026-03-17 14:46:22] [INFO] Scheduler is running: queuing task to start_sync_thread.
[2026-03-17 14:48:22] [INFO] Scheduler is running: queuing task to start_sync_thread.
[2026-03-17 14:48:22] [INFO] Scheduler is running: queuing task to start_sync_thread.
[2026-03-17 14:49:22] [INFO] Scheduler is running: queuing task to delete_unverified_users.
[2026-03-17 14:49:22] [INFO] No unverified users to delete.
[2026-03-17 14:50:22] [INFO] Scheduler is running: queuing task to start_sync_thread.
[2026-03-17 14:50:22] [INFO] Scheduler is running: queuing task to start_sync_thread.
[2026-03-17 14:52:22] [INFO] Scheduler is running: queuing task to delete_unverified_users.
[2026-03-17 14:52:22] [INFO] No unverified users to delete.
[2026-03-17 14:52:22] [INFO] Scheduler is running: queuing task to start_sync_thread.
[2026-03-17 14:52:22] [INFO] Scheduler is running: queuing task to start_sync_thread.
[2026-03-17 14:54:22] [INFO] Scheduler is running: queuing task to start_sync_thread.
[2026-03-17 14:54:22] [INFO] Scheduler is running: queuing task to start_sync_thread.
[2026-03-17 14:55:22] [INFO] Scheduler is running: queuing task to delete_unverified_users.
[2026-03-17 14:55:22] [INFO] No unverified users to delete.
[2026-03-17 14:56:22] [INFO] Scheduler is running: queuing task to start_sync_thread.
[2026-03-17 14:56:22] [INFO] Scheduler is running: queuing task to start_sync_thread.
[2026-03-17 14:58:22] [INFO] Scheduler is running: queuing task to delete_unverified_users.
[2026-03-17 14:58:22] [INFO] No unverified users to delete.
[2026-03-17 14:58:22] [INFO] Scheduler is running: queuing task to start_sync_thread.
[2026-03-17 14:58:22] [INFO] Scheduler is running: queuing task to start_sync_thread.
[2026-03-17 15:00:22] [INFO] Scheduler is running: queuing task to start_sync_thread.
[2026-03-17 15:00:22] [INFO] Scheduler is running: queuing task to start_sync_thread.
[2026-03-17 15:01:22] [INFO] Scheduler is running: queuing task to delete_unverified_users.
[2026-03-17 15:01:22] [INFO] No unverified users to delete.
[2026-03-17 15:02:22] [INFO] Scheduler is running: queuing task to start_sync_thread.
[2026-03-17 15:02:22] [INFO] Scheduler is running: queuing task to start_sync_thread.
[2026-03-17 15:04:22] [INFO] Scheduler is running: queuing task to delete_unverified_users.
[2026-03-17 15:04:22] [INFO] No unverified users to delete.
[2026-03-17 15:04:22] [INFO] Scheduler is running: queuing task to start_sync_thread.
[2026-03-17 15:04:22] [INFO] Scheduler is running: queuing task to start_sync_thread.
[2026-03-17 15:06:22] [INFO] Scheduler is running: queuing task to start_sync_thread.
[2026-03-17 15:06:22] [INFO] Scheduler is running: queuing task to start_sync_thread.
[2026-03-17 15:07:22] [INFO] Scheduler is running: queuing task to delete_unverified_users.
[2026-03-17 15:07:22] [INFO] No unverified users to delete.
[2026-03-17 15:08:22] [INFO] Scheduler is running: queuing task to start_sync_thread.
[2026-03-17 15:08:22] [INFO] Scheduler is running: queuing task to start_sync_thread.
[2026-03-17 15:10:22] [INFO] Scheduler is running: queuing task to delete_unverified_users.
[2026-03-17 15:10:22] [INFO] No unverified users to delete.
[2026-03-17 15:10:22] [INFO] Scheduler is running: queuing task to start_sync_thread.
[2026-03-17 15:10:22] [INFO] Scheduler is running: queuing task to start_sync_thread.
[2026-03-17 15:12:22] [INFO] Scheduler is running: queuing task to start_sync_thread.
[2026-03-17 15:12:22] [INFO] Scheduler is running: queuing task to start_sync_thread.
[2026-03-17 15:13:22] [INFO] Scheduler is running: queuing task to delete_unverified_users.
[2026-03-17 15:13:22] [INFO] No unverified users to delete.
[2026-03-17 15:14:22] [INFO] Scheduler is running: queuing task to start_sync_thread.
[2026-03-17 15:14:23] [INFO] Scheduler is running: queuing task to start_sync_thread.
[2026-03-17 15:16:22] [INFO] Scheduler is running: queuing task to delete_unverified_users.
[2026-03-17 15:16:22] [INFO] No unverified users to delete.
[2026-03-17 15:16:22] [INFO] Scheduler is running: queuing task to start_sync_thread.
[2026-03-17 15:16:23] [INFO] Scheduler is running: queuing task to start_sync_thread.
[2026-03-17 15:18:22] [INFO] Scheduler is running: queuing task to start_sync_thread.
[2026-03-17 15:18:23] [INFO] Scheduler is running: queuing task to start_sync_thread.
[2026-03-17 15:19:22] [INFO] Scheduler is running: queuing task to delete_unverified_users.
[2026-03-17 15:19:22] [INFO] No unverified users to delete.
[2026-03-17 15:20:22] [INFO] Scheduler is running: queuing task to start_sync_thread.
[2026-03-17 15:20:23] [INFO] Scheduler is running: queuing task to start_sync_thread.
[2026-03-17 15:22:22] [INFO] Scheduler is running: queuing task to delete_unverified_users.
[2026-03-17 15:22:22] [INFO] No unverified users to delete.
[2026-03-17 15:22:22] [INFO] Scheduler is running: queuing task to start_sync_thread.
[2026-03-17 15:22:23] [INFO] Scheduler is running: queuing task to start_sync_thread.
[2026-03-17 15:24:22] [INFO] Scheduler is running: queuing task to start_sync_thread.
[2026-03-17 15:24:23] [INFO] Scheduler is running: queuing task to start_sync_thread.
[2026-03-17 15:25:22] [INFO] Scheduler is running: queuing task to delete_unverified_users.
[2026-03-17 15:25:22] [INFO] No unverified users to delete.
[2026-03-17 15:26:22] [INFO] Scheduler is running: queuing task to start_sync_thread.
[2026-03-17 15:26:23] [INFO] Scheduler is running: queuing task to start_sync_thread.
[2026-03-17 15:28:22] [INFO] Scheduler is running: queuing task to delete_unverified_users.
[2026-03-17 15:28:22] [INFO] No unverified users to delete.
[2026-03-17 15:28:22] [INFO] Scheduler is running: queuing task to start_sync_thread.
[2026-03-17 15:28:23] [INFO] Scheduler is running: queuing task to start_sync_thread.
[2026-03-17 15:30:22] [INFO] Scheduler is running: queuing task to start_sync_thread.
[2026-03-17 15:30:23] [INFO] Scheduler is running: queuing task to start_sync_thread.
[2026-03-17 15:31:22] [INFO] Scheduler is running: queuing task to delete_unverified_users.
[2026-03-17 15:31:22] [INFO] No unverified users to delete.
[2026-03-17 15:32:22] [INFO] Scheduler is running: queuing task to start_sync_thread.
[2026-03-17 15:32:23] [INFO] Scheduler is running: queuing task to start_sync_thread.
[2026-03-17 15:34:22] [INFO] Scheduler is running: queuing task to delete_unverified_users.
[2026-03-17 15:34:22] [INFO] No unverified users to delete.
[2026-03-17 15:34:22] [INFO] Scheduler is running: queuing task to start_sync_thread.
[2026-03-17 15:34:23] [INFO] Scheduler is running: queuing task to start_sync_thread.
[2026-03-17 15:36:22] [INFO] Scheduler is running: queuing task to start_sync_thread.
[2026-03-17 15:36:23] [INFO] Scheduler is running: queuing task to start_sync_thread.
[2026-03-17 15:37:22] [INFO] Scheduler is running: queuing task to delete_unverified_users.
[2026-03-17 15:37:22] [INFO] No unverified users to delete.
[2026-03-17 15:37:33] [INFO] Application shutting down. Signaling scheduler to stop.
[2026-03-17 15:37:40] [INFO] --- New logging session started: logs\app_20260317.log ---
[2026-03-17 15:37:42] [INFO] Ingredient cache built with 168 items.
[2026-03-17 15:37:42] [INFO] Trie depth: 24
[2026-03-17 15:37:42] [INFO] Recipe cache built with 117 items.
[2026-03-17 15:37:42] [INFO] Trie depth: 30
[2026-03-17 15:37:42] [INFO] Scheduler is running: queuing task to delete_unverified_users.
[2026-03-17 15:37:42] [INFO] Scheduler is running: queuing task to start_sync_thread.
[2026-03-17 15:37:42] [INFO] No unverified users to delete.
[2026-03-17 15:37:42] [INFO] Scheduler is running: queuing task to start_sync_thread.
[2026-03-17 15:37:42] [INFO] Background scheduler for deleting unverified users has been started.
[2026-03-17 15:39:42] [INFO] Scheduler is running: queuing task to start_sync_thread.
[2026-03-17 15:39:42] [INFO] Scheduler is running: queuing task to start_sync_thread.
[2026-03-17 15:40:42] [INFO] Scheduler is running: queuing task to delete_unverified_users.
[2026-03-17 15:40:42] [INFO] No unverified users to delete.
[2026-03-17 15:41:42] [INFO] Scheduler is running: queuing task to start_sync_thread.
[2026-03-17 15:41:42] [INFO] Scheduler is running: queuing task to start_sync_thread.
[2026-03-17 15:43:42] [INFO] Scheduler is running: queuing task to delete_unverified_users.
[2026-03-17 15:43:42] [INFO] No unverified users to delete.
[2026-03-17 15:43:42] [INFO] Scheduler is running: queuing task to start_sync_thread.
[2026-03-17 15:43:42] [INFO] Scheduler is running: queuing task to start_sync_thread.
[2026-03-17 15:45:42] [INFO] Scheduler is running: queuing task to start_sync_thread.
[2026-03-17 15:45:42] [INFO] Scheduler is running: queuing task to start_sync_thread.
[2026-03-17 15:46:42] [INFO] Scheduler is running: queuing task to delete_unverified_users.
[2026-03-17 15:46:42] [INFO] No unverified users to delete.
