[2026-03-25 12:13:33] [INFO] --- New logging session started: logs\app_20260325.log ---
[2026-03-25 12:13:36] [INFO] Ingredient cache built with 168 items.
[2026-03-25 12:13:36] [INFO] Trie depth: 24
[2026-03-25 12:13:36] [INFO] Recipe cache built with 117 items.
[2026-03-25 12:13:36] [INFO] Trie depth: 30
[2026-03-25 12:13:36] [INFO] Scheduler is running: queuing task to delete_unverified_users.
[2026-03-25 12:13:36] [INFO] Scheduler is running: queuing task to start_sync_thread.
[2026-03-25 12:13:36] [INFO] Scheduler is running: queuing task to start_sync_thread.
[2026-03-25 12:13:36] [INFO] Background scheduler for deleting unverified users has been started.
[2026-03-25 12:13:36] [INFO] No unverified users to delete.
[2026-03-25 12:15:36] [INFO] Scheduler is running: queuing task to start_sync_thread.
[2026-03-25 12:15:36] [INFO] Scheduler is running: queuing task to start_sync_thread.
[2026-03-25 12:16:36] [INFO] Scheduler is running: queuing task to delete_unverified_users.
[2026-03-25 12:16:36] [INFO] No unverified users to delete.
[2026-03-25 12:17:36] [INFO] Scheduler is running: queuing task to start_sync_thread.
[2026-03-25 12:17:36] [INFO] Scheduler is running: queuing task to start_sync_thread.
[2026-03-25 12:19:36] [INFO] Scheduler is running: queuing task to delete_unverified_users.
[2026-03-25 12:19:36] [INFO] No unverified users to delete.
[2026-03-25 12:19:36] [INFO] Scheduler is running: queuing task to start_sync_thread.
[2026-03-25 12:19:36] [INFO] Scheduler is running: queuing task to start_sync_thread.
[2026-03-25 12:21:36] [INFO] Scheduler is running: queuing task to start_sync_thread.
[2026-03-25 12:21:36] [INFO] Scheduler is running: queuing task to start_sync_thread.
[2026-03-25 12:22:36] [INFO] Scheduler is running: queuing task to delete_unverified_users.
[2026-03-25 12:22:36] [INFO] No unverified users to delete.
[2026-03-25 12:23:36] [INFO] Scheduler is running: queuing task to start_sync_thread.
[2026-03-25 12:23:36] [INFO] Scheduler is running: queuing task to start_sync_thread.
[2026-03-25 12:25:36] [INFO] Scheduler is running: queuing task to delete_unverified_users.
[2026-03-25 12:25:36] [INFO] No unverified users to delete.
[2026-03-25 12:25:36] [INFO] Scheduler is running: queuing task to start_sync_thread.
[2026-03-25 12:25:36] [INFO] Scheduler is running: queuing task to start_sync_thread.
[2026-03-25 12:27:36] [INFO] Scheduler is running: queuing task to start_sync_thread.
[2026-03-25 12:27:36] [INFO] Scheduler is running: queuing task to start_sync_thread.
[2026-03-25 12:28:36] [INFO] Scheduler is running: queuing task to delete_unverified_users.
[2026-03-25 12:28:36] [INFO] No unverified users to delete.
[2026-03-25 12:29:36] [INFO] Scheduler is running: queuing task to start_sync_thread.
[2026-03-25 12:29:36] [INFO] Scheduler is running: queuing task to start_sync_thread.
[2026-03-25 12:31:36] [INFO] Scheduler is running: queuing task to delete_unverified_users.
[2026-03-25 12:31:36] [INFO] No unverified users to delete.
[2026-03-25 12:31:36] [INFO] Scheduler is running: queuing task to start_sync_thread.
[2026-03-25 12:31:36] [INFO] Scheduler is running: queuing task to start_sync_thread.
[2026-03-25 12:33:36] [INFO] Scheduler is running: queuing task to start_sync_thread.
[2026-03-25 12:33:36] [INFO] Scheduler is running: queuing task to start_sync_thread.
[2026-03-25 12:34:36] [INFO] Scheduler is running: queuing task to delete_unverified_users.
[2026-03-25 12:34:36] [INFO] No unverified users to delete.
[2026-03-25 12:35:36] [INFO] Scheduler is running: queuing task to start_sync_thread.
[2026-03-25 12:35:36] [INFO] Scheduler is running: queuing task to start_sync_thread.
[2026-03-25 12:37:36] [INFO] Scheduler is running: queuing task to delete_unverified_users.
[2026-03-25 12:37:36] [INFO] No unverified users to delete.
[2026-03-25 12:37:36] [INFO] Scheduler is running: queuing task to start_sync_thread.
[2026-03-25 12:37:36] [INFO] Scheduler is running: queuing task to start_sync_thread.
[2026-03-25 12:39:36] [INFO] Scheduler is running: queuing task to start_sync_thread.
[2026-03-25 12:39:36] [INFO] Scheduler is running: queuing task to start_sync_thread.
[2026-03-25 12:40:36] [INFO] Scheduler is running: queuing task to delete_unverified_users.
[2026-03-25 12:40:36] [INFO] No unverified users to delete.
[2026-03-25 12:41:36] [INFO] Scheduler is running: queuing task to start_sync_thread.
[2026-03-25 12:41:36] [INFO] Scheduler is running: queuing task to start_sync_thread.
[2026-03-25 12:43:36] [INFO] Scheduler is running: queuing task to delete_unverified_users.
[2026-03-25 12:43:36] [INFO] No unverified users to delete.
[2026-03-25 12:43:36] [INFO] Scheduler is running: queuing task to start_sync_thread.
[2026-03-25 12:43:36] [INFO] Scheduler is running: queuing task to start_sync_thread.
[2026-03-25 12:45:36] [INFO] Scheduler is running: queuing task to start_sync_thread.
[2026-03-25 12:45:36] [INFO] Scheduler is running: queuing task to start_sync_thread.
[2026-03-25 12:46:36] [INFO] Scheduler is running: queuing task to delete_unverified_users.
[2026-03-25 12:46:36] [INFO] No unverified users to delete.
[2026-03-25 12:47:36] [INFO] Scheduler is running: queuing task to start_sync_thread.
[2026-03-25 12:47:36] [INFO] Scheduler is running: queuing task to start_sync_thread.
[2026-03-25 12:49:36] [INFO] Scheduler is running: queuing task to delete_unverified_users.
[2026-03-25 12:49:36] [INFO] No unverified users to delete.
[2026-03-25 12:49:36] [INFO] Scheduler is running: queuing task to start_sync_thread.
[2026-03-25 12:49:36] [INFO] Scheduler is running: queuing task to start_sync_thread.
[2026-03-25 12:51:36] [INFO] Scheduler is running: queuing task to start_sync_thread.
[2026-03-25 12:51:36] [INFO] Scheduler is running: queuing task to start_sync_thread.
[2026-03-25 12:52:36] [INFO] Scheduler is running: queuing task to delete_unverified_users.
[2026-03-25 12:52:36] [INFO] No unverified users to delete.
[2026-03-25 12:53:36] [INFO] Scheduler is running: queuing task to start_sync_thread.
[2026-03-25 12:53:36] [INFO] Scheduler is running: queuing task to start_sync_thread.
[2026-03-25 12:55:36] [INFO] Scheduler is running: queuing task to delete_unverified_users.
[2026-03-25 12:55:36] [INFO] No unverified users to delete.
[2026-03-25 12:55:36] [INFO] Scheduler is running: queuing task to start_sync_thread.
[2026-03-25 12:55:36] [INFO] Scheduler is running: queuing task to start_sync_thread.
[2026-03-25 12:57:36] [INFO] Scheduler is running: queuing task to start_sync_thread.
[2026-03-25 12:57:36] [INFO] Scheduler is running: queuing task to start_sync_thread.
[2026-03-25 12:58:36] [INFO] Scheduler is running: queuing task to delete_unverified_users.
[2026-03-25 12:58:36] [INFO] No unverified users to delete.
[2026-03-25 12:59:36] [INFO] Scheduler is running: queuing task to start_sync_thread.
[2026-03-25 12:59:36] [INFO] Scheduler is running: queuing task to start_sync_thread.
[2026-03-25 13:01:36] [INFO] Scheduler is running: queuing task to delete_unverified_users.
[2026-03-25 13:01:36] [INFO] Scheduler is running: queuing task to start_sync_thread.
[2026-03-25 13:01:36] [INFO] Scheduler is running: queuing task to start_sync_thread.
[2026-03-25 13:01:36] [INFO] No unverified users to delete.
[2026-03-25 13:03:36] [INFO] Scheduler is running: queuing task to start_sync_thread.
[2026-03-25 13:03:36] [INFO] Scheduler is running: queuing task to start_sync_thread.
[2026-03-25 13:04:36] [INFO] Scheduler is running: queuing task to delete_unverified_users.
[2026-03-25 13:04:36] [INFO] No unverified users to delete.
[2026-03-25 13:05:36] [INFO] Scheduler is running: queuing task to start_sync_thread.
[2026-03-25 13:05:36] [INFO] Scheduler is running: queuing task to start_sync_thread.
[2026-03-25 13:07:36] [INFO] Scheduler is running: queuing task to delete_unverified_users.
[2026-03-25 13:07:36] [INFO] No unverified users to delete.
[2026-03-25 13:07:36] [INFO] Scheduler is running: queuing task to start_sync_thread.
[2026-03-25 13:07:36] [INFO] Scheduler is running: queuing task to start_sync_thread.
[2026-03-25 13:09:36] [INFO] Scheduler is running: queuing task to start_sync_thread.
[2026-03-25 13:09:36] [INFO] Scheduler is running: queuing task to start_sync_thread.
[2026-03-25 13:10:36] [INFO] Scheduler is running: queuing task to delete_unverified_users.
[2026-03-25 13:10:36] [INFO] No unverified users to delete.
[2026-03-25 13:11:36] [INFO] Scheduler is running: queuing task to start_sync_thread.
[2026-03-25 13:11:36] [INFO] Scheduler is running: queuing task to start_sync_thread.
[2026-03-25 13:13:36] [INFO] Scheduler is running: queuing task to delete_unverified_users.
[2026-03-25 13:13:36] [INFO] No unverified users to delete.
[2026-03-25 13:13:36] [INFO] Scheduler is running: queuing task to start_sync_thread.
[2026-03-25 13:13:36] [INFO] Scheduler is running: queuing task to start_sync_thread.
[2026-03-25 13:15:36] [INFO] Scheduler is running: queuing task to start_sync_thread.
[2026-03-25 13:15:36] [INFO] Scheduler is running: queuing task to start_sync_thread.
[2026-03-25 13:16:36] [INFO] Scheduler is running: queuing task to delete_unverified_users.
[2026-03-25 13:16:36] [INFO] No unverified users to delete.
[2026-03-25 13:17:36] [INFO] Scheduler is running: queuing task to start_sync_thread.
[2026-03-25 13:17:36] [INFO] Scheduler is running: queuing task to start_sync_thread.
[2026-03-25 13:19:36] [INFO] Scheduler is running: queuing task to delete_unverified_users.
[2026-03-25 13:19:36] [INFO] No unverified users to delete.
[2026-03-25 13:19:36] [INFO] Scheduler is running: queuing task to start_sync_thread.
[2026-03-25 13:19:36] [INFO] Scheduler is running: queuing task to start_sync_thread.
[2026-03-25 13:21:36] [INFO] Scheduler is running: queuing task to start_sync_thread.
[2026-03-25 13:21:36] [INFO] Scheduler is running: queuing task to start_sync_thread.
[2026-03-25 13:22:36] [INFO] Scheduler is running: queuing task to delete_unverified_users.
[2026-03-25 13:22:36] [INFO] No unverified users to delete.
[2026-03-25 13:23:36] [INFO] Scheduler is running: queuing task to start_sync_thread.
[2026-03-25 13:23:36] [INFO] Scheduler is running: queuing task to start_sync_thread.
[2026-03-25 13:25:36] [INFO] Scheduler is running: queuing task to delete_unverified_users.
[2026-03-25 13:25:36] [INFO] No unverified users to delete.
[2026-03-25 13:25:36] [INFO] Scheduler is running: queuing task to start_sync_thread.
[2026-03-25 13:25:36] [INFO] Scheduler is running: queuing task to start_sync_thread.
[2026-03-25 13:27:36] [INFO] Scheduler is running: queuing task to start_sync_thread.
[2026-03-25 13:27:36] [INFO] Scheduler is running: queuing task to start_sync_thread.
[2026-03-25 13:28:36] [INFO] Scheduler is running: queuing task to delete_unverified_users.
[2026-03-25 13:28:36] [INFO] No unverified users to delete.
[2026-03-25 13:29:36] [INFO] Scheduler is running: queuing task to start_sync_thread.
[2026-03-25 13:29:36] [INFO] Scheduler is running: queuing task to start_sync_thread.
[2026-03-25 13:31:36] [INFO] Scheduler is running: queuing task to delete_unverified_users.
[2026-03-25 13:31:36] [INFO] No unverified users to delete.
[2026-03-25 13:31:36] [INFO] Scheduler is running: queuing task to start_sync_thread.
[2026-03-25 13:31:36] [INFO] Scheduler is running: queuing task to start_sync_thread.
[2026-03-25 13:33:36] [INFO] Scheduler is running: queuing task to start_sync_thread.
[2026-03-25 13:33:36] [INFO] Scheduler is running: queuing task to start_sync_thread.
[2026-03-25 13:34:36] [INFO] Scheduler is running: queuing task to delete_unverified_users.
[2026-03-25 13:34:36] [INFO] No unverified users to delete.
[2026-03-25 13:35:36] [INFO] Scheduler is running: queuing task to start_sync_thread.
[2026-03-25 13:35:36] [INFO] Scheduler is running: queuing task to start_sync_thread.
[2026-03-25 13:37:36] [INFO] Scheduler is running: queuing task to delete_unverified_users.
[2026-03-25 13:37:36] [INFO] No unverified users to delete.
[2026-03-25 13:37:36] [INFO] Scheduler is running: queuing task to start_sync_thread.
[2026-03-25 13:37:36] [INFO] Scheduler is running: queuing task to start_sync_thread.
