[2026-03-10 18:20:18] [INFO] --- New logging session started: logs\app_20260310.log ---
[2026-03-10 18:20:18] [INFO] Ingredient cache built with 168 items.
[2026-03-10 18:20:18] [INFO] Trie depth: 24
[2026-03-10 18:20:18] [INFO] Recipe cache built with 117 items.
[2026-03-10 18:20:18] [INFO] Trie depth: 30
[2026-03-10 18:20:18] [INFO] Scheduler is running: queuing task to start_sync_thread.
ers.
[2026-03-10 18:20:18] [INFO] Scheduler is running: queuing task to start_sync_thread.
[2026-03-10 18:20:18] [INFO] Background scheduler for deleting unverified users has been started.
[2026-03-10 18:20:18] [INFO] No unverified users to delete.
[2026-03-10 18:22:18] [INFO] Scheduler is running: queuing task to start_sync_thread.
[2026-03-10 18:22:18] [INFO] Scheduler is running: queuing task to start_sync_thread.
[2026-03-10 18:22:22] [INFO] Generated verification code for geogeo@email.com: 762442
[2026-03-10 18:22:23] [INFO] User created: geogeo
[2026-03-10 18:23:18] [INFO] Scheduler is running: queuing task to delete_unverified_users.
[2026-03-10 18:23:18] [INFO] No unverified users to delete.
[2026-03-10 18:24:18] [INFO] Scheduler is running: queuing task to start_sync_thread.
[2026-03-10 18:24:18] [INFO] Scheduler is running: queuing task to start_sync_thread.
[2026-03-10 18:24:57] [INFO] Application shutting down. Signaling scheduler to stop.
[2026-03-10 18:25:01] [INFO] --- New logging session started: logs\app_20260310.log ---
[2026-03-10 18:25:01] [INFO] Ingredient cache built with 168 items.
[2026-03-10 18:25:01] [INFO] Trie depth: 24
[2026-03-10 18:25:01] [INFO] Recipe cache built with 117 items.
[2026-03-10 18:25:01] [INFO] Trie depth: 30
[2026-03-10 18:25:01] [INFO] Scheduler is running: queuing task to delete_unverified_users.
[2026-03-10 18:25:01] [INFO] Scheduler is running: queuing task to start_sync_thread.
[2026-03-10 18:25:01] [INFO] No unverified users to delete.
[2026-03-10 18:25:01] [INFO] Scheduler is running: queuing task to start_sync_thread.
[2026-03-10 18:25:01] [INFO] Background scheduler for deleting unverified users has been started.
[2026-03-10 18:26:01] [INFO] Application shutting down. Signaling scheduler to stop.
[2026-03-10 18:30:17] [INFO] --- New logging session started: logs\app_20260310.log ---
[2026-03-10 18:30:18] [INFO] Ingredient cache built with 168 items.
[2026-03-10 18:30:18] [INFO] Trie depth: 24
[2026-03-10 18:30:18] [INFO] Recipe cache built with 117 items.
[2026-03-10 18:30:18] [INFO] Trie depth: 30
[2026-03-10 18:30:18] [INFO] Scheduler is running: queuing task to delete_unverified_users.
[2026-03-10 18:30:18] [INFO] Scheduler is running: queuing task to start_sync_thread.
[2026-03-10 18:30:18] [INFO] No unverified users to delete.
[2026-03-10 18:30:18] [INFO] Scheduler is running: queuing task to start_sync_thread.
[2026-03-10 18:30:18] [INFO] Background scheduler for deleting unverified users has been started.
[2026-03-10 18:32:18] [INFO] Scheduler is running: queuing task to start_sync_thread.
[2026-03-10 18:32:18] [INFO] Scheduler is running: queuing task to start_sync_thread.
[2026-03-10 18:33:03] [INFO] Generated verification code for abcd@gg.com: 649858
[2026-03-10 18:33:05] [INFO] User created: abcd
[2026-03-10 18:33:18] [INFO] Scheduler is running: queuing task to delete_unverified_users.
[2026-03-10 18:33:18] [INFO] No unverified users to delete.
[2026-03-10 18:34:18] [INFO] Scheduler is running: queuing task to start_sync_thread.
[2026-03-10 18:34:18] [INFO] Scheduler is running: queuing task to start_sync_thread.
[2026-03-10 18:36:12] [ERROR] Attempt to create a user that already exists: abcd or abc@gg.com
[2026-03-10 18:34:50] [ERROR] Attempt to create a user that already exists: abcd or abc@gg.com
[2026-03-10 18:36:18] [INFO] Scheduler is running: queuing task to delete_unverified_users.
[2026-03-10 18:38:48] [INFO] Deleting unverified user: geogeo@email.com
[2026-03-10 18:39:05] [ERROR] Attempt to create a user that already exists: abcd or abc@gg.com
[2026-03-10 18:40:48] [INFO] Scheduler is running: queuing task to start_sync_thread.
[2026-03-10 18:40:48] [INFO] Scheduler is running: queuing task to start_sync_thread.
[2026-03-10 18:41:48] [INFO] Scheduler is running: queuing task to delete_unverified_users.
[2026-03-10 18:41:48] [INFO] No unverified users to delete.
[2026-03-10 18:42:48] [INFO] Scheduler is running: queuing task to start_sync_thread.
[2026-03-10 18:42:48] [INFO] Scheduler is running: queuing task to start_sync_thread.
[2026-03-10 18:44:48] [INFO] Scheduler is running: queuing task to start_sync_thread.
[2026-03-10 18:44:48] [INFO] Scheduler is running: queuing task to start_sync_thread.
[2026-03-10 18:44:48] [INFO] Scheduler is running: queuing task to delete_unverified_users.
[2026-03-10 18:44:48] [INFO] Deleting unverified user: abcd@gg.com
[2026-03-10 18:46:48] [INFO] Scheduler is running: queuing task to start_sync_thread.
[2026-03-10 18:46:48] [INFO] Scheduler is running: queuing task to start_sync_thread.
[2026-03-10 18:47:48] [INFO] Scheduler is running: queuing task to delete_unverified_users.
[2026-03-10 18:47:48] [INFO] No unverified users to delete.
[2026-03-10 18:48:48] [INFO] Scheduler is running: queuing task to start_sync_thread.
[2026-03-10 18:48:48] [INFO] Scheduler is running: queuing task to start_sync_thread.
[2026-03-10 18:50:48] [INFO] Scheduler is running: queuing task to start_sync_thread.
[2026-03-10 18:50:48] [INFO] Scheduler is running: queuing task to start_sync_thread.
[2026-03-10 18:50:48] [INFO] Scheduler is running: queuing task to delete_unverified_users.
[2026-03-10 18:50:48] [INFO] No unverified users to delete.
[2026-03-10 18:52:48] [INFO] Scheduler is running: queuing task to start_sync_thread.
[2026-03-10 18:52:48] [INFO] Scheduler is running: queuing task to start_sync_thread.
[2026-03-10 18:53:48] [INFO] Scheduler is running: queuing task to delete_unverified_users.
[2026-03-10 18:53:48] [INFO] No unverified users to delete.
[2026-03-10 18:54:48] [INFO] Scheduler is running: queuing task to start_sync_thread.
[2026-03-10 18:54:48] [INFO] Scheduler is running: queuing task to start_sync_thread.
[2026-03-10 18:56:48] [INFO] Scheduler is running: queuing task to start_sync_thread.
[2026-03-10 18:56:48] [INFO] Scheduler is running: queuing task to start_sync_thread.
[2026-03-10 18:56:48] [INFO] Scheduler is running: queuing task to delete_unverified_users.
[2026-03-10 18:56:48] [INFO] No unverified users to delete.
[2026-03-10 18:58:48] [INFO] Scheduler is running: queuing task to start_sync_thread.
[2026-03-10 18:58:48] [INFO] Scheduler is running: queuing task to start_sync_thread.
[2026-03-10 18:59:48] [INFO] Scheduler is running: queuing task to delete_unverified_users.
[2026-03-10 18:59:48] [INFO] No unverified users to delete.
[2026-03-10 19:00:48] [INFO] Scheduler is running: queuing task to start_sync_thread.
[2026-03-10 19:00:48] [INFO] Scheduler is running: queuing task to start_sync_thread.
[2026-03-10 19:02:48] [INFO] Scheduler is running: queuing task to start_sync_thread.
[2026-03-10 19:02:48] [INFO] Scheduler is running: queuing task to start_sync_thread.
[2026-03-10 19:02:48] [INFO] Scheduler is running: queuing task to delete_unverified_users.
[2026-03-10 19:02:48] [INFO] No unverified users to delete.
[2026-03-10 19:04:48] [INFO] Scheduler is running: queuing task to start_sync_thread.
[2026-03-10 19:04:48] [INFO] Scheduler is running: queuing task to start_sync_thread.
[2026-03-10 19:05:48] [INFO] Scheduler is running: queuing task to delete_unverified_users.
[2026-03-10 19:05:48] [INFO] No unverified users to delete.
[2026-03-10 19:06:48] [INFO] Scheduler is running: queuing task to start_sync_thread.
[2026-03-10 19:06:48] [INFO] Scheduler is running: queuing task to start_sync_thread.
[2026-03-10 19:08:48] [INFO] Scheduler is running: queuing task to start_sync_thread.
[2026-03-10 19:08:48] [INFO] Scheduler is running: queuing task to start_sync_thread.
[2026-03-10 19:08:48] [INFO] Scheduler is running: queuing task to delete_unverified_users.
[2026-03-10 19:08:48] [INFO] No unverified users to delete.
[2026-03-10 19:10:44] [INFO] Scheduler is running: queuing task to start_sync_thread.
[2026-03-10 19:10:44] [INFO] Scheduler is running: queuing task to start_sync_thread.
[2026-03-10 19:11:44] [INFO] Scheduler is running: queuing task to delete_unverified_users.
[2026-03-10 19:11:44] [INFO] No unverified users to delete.
[2026-03-10 19:12:44] [INFO] Scheduler is running: queuing task to start_sync_thread.
[2026-03-10 19:12:44] [INFO] Scheduler is running: queuing task to start_sync_thread.
[2026-03-10 19:14:44] [INFO] Scheduler is running: queuing task to start_sync_thread.
[2026-03-10 19:14:44] [INFO] Scheduler is running: queuing task to start_sync_thread.
[2026-03-10 19:14:44] [INFO] Scheduler is running: queuing task to delete_unverified_users.
[2026-03-10 19:14:44] [INFO] No unverified users to delete.
[2026-03-10 19:16:44] [INFO] Scheduler is running: queuing task to start_sync_thread.
[2026-03-10 19:16:44] [INFO] Scheduler is running: queuing task to start_sync_thread.
[2026-03-10 19:17:44] [INFO] Scheduler is running: queuing task to delete_unverified_users.
[2026-03-10 19:17:44] [INFO] No unverified users to delete.
[2026-03-10 19:18:44] [INFO] Scheduler is running: queuing task to start_sync_thread.
[2026-03-10 19:18:44] [INFO] Scheduler is running: queuing task to start_sync_thread.
[2026-03-10 19:20:44] [INFO] Scheduler is running: queuing task to start_sync_thread.
[2026-03-10 19:20:44] [INFO] Scheduler is running: queuing task to start_sync_thread.
[2026-03-10 19:20:44] [INFO] Scheduler is running: queuing task to delete_unverified_users.
[2026-03-10 19:20:44] [INFO] No unverified users to delete.
[2026-03-10 19:22:44] [INFO] Scheduler is running: queuing task to start_sync_thread.
[2026-03-10 19:22:44] [INFO] Scheduler is running: queuing task to start_sync_thread.
[2026-03-10 19:23:44] [INFO] Scheduler is running: queuing task to delete_unverified_users.
[2026-03-10 19:23:44] [INFO] No unverified users to delete.
[2026-03-10 19:24:44] [INFO] Scheduler is running: queuing task to start_sync_thread.
[2026-03-10 19:24:44] [INFO] Scheduler is running: queuing task to start_sync_thread.
[2026-03-10 19:26:44] [INFO] Scheduler is running: queuing task to start_sync_thread.
[2026-03-10 19:26:44] [INFO] Scheduler is running: queuing task to start_sync_thread.
[2026-03-10 19:26:44] [INFO] Scheduler is running: queuing task to delete_unverified_users.
[2026-03-10 19:26:44] [INFO] No unverified users to delete.
[2026-03-10 19:28:44] [INFO] Scheduler is running: queuing task to start_sync_thread.
[2026-03-10 19:28:44] [INFO] Scheduler is running: queuing task to start_sync_thread.
[2026-03-10 19:29:44] [INFO] Scheduler is running: queuing task to delete_unverified_users.
[2026-03-10 19:29:44] [INFO] No unverified users to delete.
[2026-03-10 19:30:44] [INFO] Scheduler is running: queuing task to start_sync_thread.
[2026-03-10 19:30:44] [INFO] Scheduler is running: queuing task to start_sync_thread.
[2026-03-10 19:32:44] [INFO] Scheduler is running: queuing task to start_sync_thread.
[2026-03-10 19:32:44] [INFO] Scheduler is running: queuing task to start_sync_thread.
[2026-03-10 19:32:44] [INFO] Scheduler is running: queuing task to delete_unverified_users.
[2026-03-10 19:32:44] [INFO] No unverified users to delete.
[2026-03-10 19:34:44] [INFO] Scheduler is running: queuing task to start_sync_thread.
[2026-03-10 19:34:44] [INFO] Scheduler is running: queuing task to start_sync_thread.
[2026-03-10 19:35:44] [INFO] Scheduler is running: queuing task to delete_unverified_users.
[2026-03-10 19:35:44] [INFO] No unverified users to delete.
[2026-03-10 19:36:44] [INFO] Scheduler is running: queuing task to start_sync_thread.
[2026-03-10 19:36:44] [INFO] Scheduler is running: queuing task to start_sync_thread.
[2026-03-10 19:38:44] [INFO] Scheduler is running: queuing task to start_sync_thread.
[2026-03-10 19:38:44] [INFO] Scheduler is running: queuing task to start_sync_thread.
[2026-03-10 19:38:44] [INFO] Scheduler is running: queuing task to delete_unverified_users.
[2026-03-10 19:38:44] [INFO] No unverified users to delete.
[2026-03-10 19:40:44] [INFO] Scheduler is running: queuing task to start_sync_thread.
[2026-03-10 19:40:44] [INFO] Scheduler is running: queuing task to start_sync_thread.
[2026-03-10 19:41:44] [INFO] Scheduler is running: queuing task to delete_unverified_users.
[2026-03-10 19:41:44] [INFO] No unverified users to delete.
[2026-03-10 19:42:44] [INFO] Scheduler is running: queuing task to start_sync_thread.
[2026-03-10 19:42:44] [INFO] Scheduler is running: queuing task to start_sync_thread.
[2026-03-10 19:44:44] [INFO] Scheduler is running: queuing task to start_sync_thread.
[2026-03-10 19:44:44] [INFO] Scheduler is running: queuing task to start_sync_thread.
[2026-03-10 19:44:44] [INFO] Scheduler is running: queuing task to delete_unverified_users.
[2026-03-10 19:44:44] [INFO] No unverified users to delete.
[2026-03-10 19:46:44] [INFO] Scheduler is running: queuing task to start_sync_thread.
[2026-03-10 19:46:44] [INFO] Scheduler is running: queuing task to start_sync_thread.
