[2025-11-01 10:37:10] [INFO] --- New logging session started: logs\app_20251101.log ---
[2025-11-01 10:37:12] [INFO] Ingredient cache built with 88 items.
[2025-11-01 10:37:12] [INFO] Trie depth: 24
[2025-11-01 10:37:12] [ERROR] Error building ingredient cache: (sqlite3.OperationalError) no such column: recipes.portions
[SQL: SELECT recipes.id AS recipes_id, recipes.name AS recipes_name, recipes.description AS recipes_description, recipes.calories AS recipes_calories, recipes.protein AS recipes_protein, recipes.carbs AS recipes_carbs, recipes.fat AS recipes_fat, recipes.fibers AS recipes_fibers, recipes.sugar AS recipes_sugar, recipes.saturated_fats AS recipes_saturated_fats, recipes.category AS recipes_category, recipes.user_id AS recipes_user_id, recipes.portions AS recipes_portions, recipes.season AS recipes_season, recipes.type AS recipes_type, recipes.photograph_url AS recipes_photograph_url, recipes.cooking_time AS recipes_cooking_time, recipes.usage_count AS recipes_usage_count 
FROM recipes ORDER BY recipes.usage_count DESC
 LIMIT ? OFFSET ?]
[parameters: (1000, 0)]
(Background on this error at: https://sqlalche.me/e/20/e3q8)
[2025-11-01 10:37:12] [INFO] Scheduler is running: queuing task to delete_unverified_users.
[2025-11-01 10:37:12] [INFO] Scheduler is running: queuing task to start_sync_thread.
[2025-11-01 10:37:12] [INFO] Background scheduler for deleting unverified users has been started.
[2025-11-01 10:37:12] [INFO] No unverified users to delete.
[2025-11-01 10:37:12] [INFO] Scheduler is running: queuing task to start_sync_thread.
[2025-11-01 10:37:19] [INFO] Application shutting down. Signaling scheduler to stop.
[2025-11-01 10:37:52] [INFO] --- New logging session started: logs\app_20251101.log ---
[2025-11-01 10:37:57] [INFO] Ingredient cache built with 0 items.
[2025-11-01 10:37:57] [INFO] Trie depth: 0
[2025-11-01 10:37:57] [INFO] Recipe cache built with 0 items.
[2025-11-01 10:37:57] [INFO] Trie depth: 0
[2025-11-01 10:37:57] [INFO] Scheduler is running: queuing task to delete_unverified_users.
[2025-11-01 10:37:57] [INFO] Scheduler is running: queuing task to start_sync_thread.
[2025-11-01 10:37:57] [INFO] Background scheduler for deleting unverified users has been started.
[2025-11-01 10:37:57] [INFO] No unverified users to delete.
[2025-11-01 10:37:57] [INFO] Scheduler is running: queuing task to start_sync_thread.
[2025-11-01 10:39:01] [INFO] --- New logging session started: logs\app_20251101.log ---
[2025-11-01 10:39:22] [INFO] --- New logging session started: logs\app_20251101.log ---
[2025-11-01 10:39:24] [INFO] User created: user1
[2025-11-01 10:40:55] [INFO] --- New logging session started: logs\app_20251101.log ---
[2025-11-01 10:40:56] [ERROR] Attempt to create a user that already exists: user1 or user_email@fake.com
[2025-11-01 10:41:01] [INFO] --- New logging session started: logs\app_20251101.log ---
[2025-11-01 10:41:01] [ERROR] Attempt to create a user that already exists: user1 or user_email@fake.com
[2025-11-01 10:41:08] [INFO] --- New logging session started: logs\app_20251101.log ---
[2025-11-01 10:41:08] [ERROR] Attempt to create a user that already exists: user2 or user_email1@fake.com
[2025-11-01 10:41:17] [INFO] --- New logging session started: logs\app_20251101.log ---
[2025-11-01 10:41:19] [INFO] User created: user3
[2025-11-01 10:41:27] [INFO] --- New logging session started: logs\app_20251101.log ---
[2025-11-01 10:41:37] [INFO] --- New logging session started: logs\app_20251101.log ---
[2025-11-01 10:41:42] [INFO] --- New logging session started: logs\app_20251101.log ---
[2025-11-01 10:41:44] [INFO] --- New logging session started: logs\app_20251101.log ---
[2025-11-01 10:41:49] [INFO] --- New logging session started: logs\app_20251101.log ---
[2025-11-01 10:41:50] [ERROR] Failed to send verification email to invalid_email@email.c2m Reaseon Invalid email domain
[2025-11-01 10:41:50] [ERROR] Failed to send verification email to invalid_email@email.c2m: 422: Failed to send verification email
[2025-11-01 10:42:06] [INFO] --- New logging session started: logs\app_20251101.log ---
[2025-11-01 10:42:07] [INFO] User created: user4
[2025-11-01 10:44:04] [INFO] --- New logging session started: logs\app_20251101.log ---
[2025-11-01 10:44:04] [ERROR] Invalid Credentials: user_not_existent
[2025-11-01 10:44:11] [INFO] --- New logging session started: logs\app_20251101.log ---
[2025-11-01 10:44:11] [INFO] --- New logging session started: logs\app_20251101.log ---
[2025-11-01 10:44:11] [ERROR] Incorrect password for user: user1
[2025-11-01 10:44:11] [ERROR] Incorrect password for user: user1
[2025-11-01 10:44:18] [INFO] --- New logging session started: logs\app_20251101.log ---
[2025-11-01 10:44:18] [ERROR] User not verified: user_4@fake.com
[2025-11-01 10:44:25] [INFO] --- New logging session started: logs\app_20251101.log ---
[2025-11-01 10:44:31] [INFO] --- New logging session started: logs\app_20251101.log ---
[2025-11-01 10:44:39] [INFO] --- New logging session started: logs\app_20251101.log ---
[2025-11-01 10:44:39] [INFO] --- New logging session started: logs\app_20251101.log ---
[2025-11-01 10:44:41] [INFO] Password changed successfully for user: user1
[2025-11-01 10:44:41] [INFO] Password changed successfully for user: user1
[2025-11-01 10:44:41] [ERROR] Incorrect password for user: user1
[2025-11-01 10:44:41] [ERROR] Incorrect password for user: user1
[2025-11-01 10:44:53] [INFO] --- New logging session started: logs\app_20251101.log ---
[2025-11-01 10:45:34] [INFO] --- New logging session started: logs\app_20251101.log ---
[2025-11-01 10:55:48] [INFO] user1 Account deleted successfully for user: user1
[2025-11-01 10:56:05] [INFO] --- New logging session started: logs\app_20251101.log ---
[2025-11-01 10:56:07] [INFO] User created: user1
[2025-11-01 10:56:22] [INFO] --- New logging session started: logs\app_20251101.log ---
[2025-11-01 10:56:24] [INFO] Password changed successfully for user: user1
[2025-11-01 10:56:24] [ERROR] Incorrect password for user: user1
[2025-11-01 10:57:47] [INFO] --- New logging session started: logs\app_20251101.log ---
[2025-11-01 10:59:45] [INFO] Application shutting down. Signaling scheduler to stop.
[2025-11-01 11:00:18] [INFO] --- New logging session started: logs\app_20251101.log ---
[2025-11-01 11:00:19] [INFO] Ingredient cache built with 0 items.
[2025-11-01 11:00:19] [INFO] Trie depth: 0
[2025-11-01 11:00:19] [INFO] Recipe cache built with 0 items.
[2025-11-01 11:00:19] [INFO] Trie depth: 0
[2025-11-01 11:00:19] [INFO] Scheduler is running: queuing task to delete_unverified_users.
[2025-11-01 11:00:19] [INFO] Scheduler is running: queuing task to start_sync_thread.
[2025-11-01 11:00:19] [INFO] Scheduler is running: queuing task to start_sync_thread.
[2025-11-01 11:00:19] [INFO] Background scheduler for deleting unverified users has been started.
[2025-11-01 11:00:19] [INFO] Deleting unverified user: user_4@fake.com
[2025-11-01 11:00:49] [INFO] --- New logging session started: logs\app_20251101.log ---
[2025-11-01 11:00:50] [INFO] user1 Account deleted successfully for user: user1
[2025-11-01 11:01:18] [INFO] Application shutting down. Signaling scheduler to stop.
[2025-11-01 11:01:31] [INFO] --- New logging session started: logs\app_20251101.log ---
[2025-11-01 11:01:32] [INFO] Ingredient cache built with 0 items.
[2025-11-01 11:01:32] [INFO] Trie depth: 0
[2025-11-01 11:01:32] [INFO] Recipe cache built with 0 items.
[2025-11-01 11:01:32] [INFO] Trie depth: 0
[2025-11-01 11:01:32] [INFO] Scheduler is running: queuing task to delete_unverified_users.
[2025-11-01 11:01:32] [INFO] Scheduler is running: queuing task to start_sync_thread.
[2025-11-01 11:01:32] [INFO] Scheduler is running: queuing task to start_sync_thread.
[2025-11-01 11:01:32] [INFO] Background scheduler for deleting unverified users has been started.
[2025-11-01 11:01:32] [INFO] No unverified users to delete.
[2025-11-01 11:01:52] [INFO] --- New logging session started: logs\app_20251101.log ---
[2025-11-01 11:01:52] [ERROR] Invalid Credentials: user1
[2025-11-01 11:02:14] [INFO] --- New logging session started: logs\app_20251101.log ---
[2025-11-01 11:02:16] [INFO] User created: user1
[2025-11-01 11:02:42] [INFO] --- New logging session started: logs\app_20251101.log ---
[2025-11-01 11:02:43] [INFO] Password changed successfully for user: user1
[2025-11-01 11:02:44] [ERROR] Incorrect password for user: user1
[2025-11-01 11:02:49] [INFO] --- New logging session started: logs\app_20251101.log ---
[2025-11-01 11:02:51] [INFO] user1 Account deleted successfully for user: user1
[2025-11-01 11:02:51] [ERROR] Invalid Credentials: user1
[2025-11-01 11:02:56] [INFO] --- New logging session started: logs\app_20251101.log ---
[2025-11-01 11:02:58] [INFO] user3 Account deleted successfully for user: user3
[2025-11-01 11:03:12] [INFO] --- New logging session started: logs\app_20251101.log ---
[2025-11-01 11:03:13] [INFO] User created: user1
[2025-11-01 11:03:30] [INFO] --- New logging session started: logs\app_20251101.log ---
[2025-11-01 11:03:32] [INFO] Password changed successfully for user: user1
[2025-11-01 11:03:32] [ERROR] Incorrect password for user: user1
[2025-11-01 11:03:41] [INFO] --- New logging session started: logs\app_20251101.log ---
[2025-11-01 11:03:41] [ERROR] Error creating ingredient: '<' not supported between instances of 'str' and 'int'
[2025-11-01 11:03:48] [INFO] --- New logging session started: logs\app_20251101.log ---
[2025-11-01 11:04:28] [INFO] --- New logging session started: logs\app_20251101.log ---
[2025-11-01 11:04:29] [ERROR] Error editing ingredient: 404: Ingredient not found
[2025-11-01 11:04:45] [INFO] --- New logging session started: logs\app_20251101.log ---
[2025-11-01 11:04:45] [ERROR] Error deleting ingredient: 404: Ingredient not found
[2025-11-01 11:04:51] [INFO] --- New logging session started: logs\app_20251101.log ---
[2025-11-01 11:04:51] [ERROR] Ingredient not found: Name Nonexistent
[2025-11-01 11:04:51] [ERROR] Error getting ingredient by name: 404: Ingredient not found
[2025-11-01 11:06:34] [INFO] --- New logging session started: logs\app_20251101.log ---
[2025-11-01 11:06:35] [ERROR] Ingredient not found: Name Nonexistent
[2025-11-01 11:06:35] [ERROR] Error getting ingredient by name: 404: Ingredient not found
[2025-11-01 11:06:45] [INFO] --- New logging session started: logs\app_20251101.log ---
[2025-11-01 11:06:46] [ERROR] Ingredient not found: Name Nonexistent
[2025-11-01 11:06:46] [ERROR] Error getting ingredient by name: 404: Ingredient not found
[2025-11-01 11:07:10] [INFO] --- New logging session started: logs\app_20251101.log ---
[2025-11-01 11:07:11] [ERROR] Ingredient not found: Name Nonexistent
[2025-11-01 11:07:11] [ERROR] Error getting ingredient by name: 404: Ingredient not found
[2025-11-01 11:07:54] [INFO] --- New logging session started: logs\app_20251101.log ---
[2025-11-01 11:07:54] [ERROR] Ingredient not found: Name Nonexistent
[2025-11-01 11:07:54] [ERROR] Error getting ingredient by name: 404: Ingredient not found
[2025-11-01 11:08:54] [INFO] --- New logging session started: logs\app_20251101.log ---
[2025-11-01 11:08:55] [ERROR] Ingredient not found: Name Nonexistent
[2025-11-01 11:08:55] [ERROR] Error getting ingredient by name: 404: Ingredient not found
[2025-11-01 11:08:55] [ERROR] Error deleting ingredient: 404: Ingredient not found
[2025-11-01 11:08:55] [ERROR] Error editing ingredient: 404: Ingredient not found
[2025-11-01 11:09:49] [INFO] --- New logging session started: logs\app_20251101.log ---
[2025-11-01 11:09:50] [ERROR] Error creating ingredient: '<' not supported between instances of 'NoneType' and 'int'
[2025-11-01 11:18:28] [INFO] --- New logging session started: logs\app_20251101.log ---
[2025-11-01 11:18:29] [ERROR] Error creating ingredient: '<' not supported between instances of 'NoneType' and 'int'
[2025-11-01 11:19:19] [INFO] --- New logging session started: logs\app_20251101.log ---
[2025-11-01 11:19:20] [INFO] Ingredient cache built with 0 items.
[2025-11-01 11:19:20] [INFO] Trie depth: 0
[2025-11-01 11:19:20] [INFO] Recipe cache built with 0 items.
[2025-11-01 11:19:20] [INFO] Trie depth: 0
[2025-11-01 11:19:20] [INFO] Scheduler is running: queuing task to delete_unverified_users.
[2025-11-01 11:19:20] [INFO] Scheduler is running: queuing task to start_sync_thread.
[2025-11-01 11:19:20] [INFO] Background scheduler for deleting unverified users has been started.
[2025-11-01 11:19:20] [INFO] Scheduler is running: queuing task to start_sync_thread.
[2025-11-01 11:19:20] [INFO] No unverified users to delete.
[2025-11-01 11:20:32] [INFO] --- New logging session started: logs\app_20251101.log ---
[2025-11-01 11:20:33] [ERROR] Error creating ingredient: '<' not supported between instances of 'NoneType' and 'int'
[2025-11-01 11:23:46] [INFO] Application shutting down. Signaling scheduler to stop.
[2025-11-01 11:23:58] [INFO] --- New logging session started: logs\app_20251101.log ---
[2025-11-01 11:23:59] [INFO] Ingredient cache built with 0 items.
[2025-11-01 11:23:59] [INFO] Trie depth: 0
[2025-11-01 11:23:59] [INFO] Recipe cache built with 0 items.
[2025-11-01 11:23:59] [INFO] Trie depth: 0
[2025-11-01 11:23:59] [INFO] Scheduler is running: queuing task to delete_unverified_users.
[2025-11-01 11:23:59] [INFO] Scheduler is running: queuing task to start_sync_thread.
[2025-11-01 11:23:59] [INFO] Scheduler is running: queuing task to start_sync_thread.
[2025-11-01 11:23:59] [INFO] Background scheduler for deleting unverified users has been started.
[2025-11-01 11:23:59] [INFO] No unverified users to delete.
[2025-11-01 11:24:03] [INFO] Application shutting down. Signaling scheduler to stop.
[2025-11-01 11:24:15] [INFO] --- New logging session started: logs\app_20251101.log ---
[2025-11-01 11:24:16] [INFO] Ingredient cache built with 0 items.
[2025-11-01 11:24:16] [INFO] Trie depth: 0
[2025-11-01 11:24:16] [INFO] Recipe cache built with 0 items.
[2025-11-01 11:24:16] [INFO] Trie depth: 0
[2025-11-01 11:24:16] [INFO] Scheduler is running: queuing task to delete_unverified_users.
[2025-11-01 11:24:16] [INFO] Scheduler is running: queuing task to start_sync_thread.
[2025-11-01 11:24:16] [INFO] Scheduler is running: queuing task to start_sync_thread.
[2025-11-01 11:24:16] [INFO] No unverified users to delete.
[2025-11-01 11:24:16] [INFO] Background scheduler for deleting unverified users has been started.
[2025-11-01 11:24:22] [INFO] --- New logging session started: logs\app_20251101.log ---
[2025-11-01 11:24:22] [ERROR] Error creating ingredient: '<' not supported between instances of 'NoneType' and 'int'
[2025-11-01 11:27:23] [ERROR] Nutritional values must be non-negative.
[2025-11-01 11:27:27] [ERROR] Error creating ingredient: 422: Missing or invalid ingredient data.
[2025-11-01 11:27:45] [INFO] Application shutting down. Signaling scheduler to stop.
[2025-11-01 11:27:58] [INFO] --- New logging session started: logs\app_20251101.log ---
[2025-11-01 11:27:59] [INFO] Ingredient cache built with 0 items.
[2025-11-01 11:27:59] [INFO] Trie depth: 0
[2025-11-01 11:27:59] [INFO] Recipe cache built with 0 items.
[2025-11-01 11:27:59] [INFO] Trie depth: 0
[2025-11-01 11:27:59] [INFO] Scheduler is running: queuing task to delete_unverified_users.
[2025-11-01 11:27:59] [INFO] Scheduler is running: queuing task to start_sync_thread.
[2025-11-01 11:27:59] [INFO] Background scheduler for deleting unverified users has been started.
[2025-11-01 11:27:59] [INFO] No unverified users to delete.
[2025-11-01 11:27:59] [INFO] Scheduler is running: queuing task to start_sync_thread.
[2025-11-01 11:29:02] [INFO] Application shutting down. Signaling scheduler to stop.
[2025-11-01 11:29:15] [INFO] --- New logging session started: logs\app_20251101.log ---
[2025-11-01 11:29:16] [INFO] Ingredient cache built with 0 items.
[2025-11-01 11:29:16] [INFO] Trie depth: 0
[2025-11-01 11:29:16] [INFO] Recipe cache built with 0 items.
[2025-11-01 11:29:16] [INFO] Trie depth: 0
[2025-11-01 11:29:16] [INFO] Scheduler is running: queuing task to delete_unverified_users.
[2025-11-01 11:29:16] [INFO] Scheduler is running: queuing task to start_sync_thread.
[2025-11-01 11:29:16] [INFO] Scheduler is running: queuing task to start_sync_thread.
[2025-11-01 11:29:16] [INFO] Background scheduler for deleting unverified users has been started.
[2025-11-01 11:29:16] [INFO] No unverified users to delete.
[2025-11-01 11:29:16] [INFO] Application shutting down. Signaling scheduler to stop.
[2025-11-01 11:29:28] [INFO] --- New logging session started: logs\app_20251101.log ---
[2025-11-01 11:29:29] [INFO] Ingredient cache built with 0 items.
[2025-11-01 11:29:29] [INFO] Trie depth: 0
[2025-11-01 11:29:29] [INFO] Recipe cache built with 0 items.
[2025-11-01 11:29:29] [INFO] Trie depth: 0
[2025-11-01 11:29:29] [INFO] Scheduler is running: queuing task to delete_unverified_users.
[2025-11-01 11:29:29] [INFO] Scheduler is running: queuing task to start_sync_thread.
[2025-11-01 11:29:29] [INFO] Scheduler is running: queuing task to start_sync_thread.
[2025-11-01 11:29:29] [INFO] No unverified users to delete.
[2025-11-01 11:29:29] [INFO] Background scheduler for deleting unverified users has been started.
[2025-11-01 11:29:38] [INFO] Application shutting down. Signaling scheduler to stop.
[2025-11-01 11:29:50] [INFO] --- New logging session started: logs\app_20251101.log ---
[2025-11-01 11:30:15] [INFO] --- New logging session started: logs\app_20251101.log ---
[2025-11-01 11:30:16] [INFO] Ingredient cache built with 0 items.
[2025-11-01 11:30:16] [INFO] Trie depth: 0
[2025-11-01 11:30:16] [INFO] Recipe cache built with 0 items.
[2025-11-01 11:30:16] [INFO] Trie depth: 0
[2025-11-01 11:30:16] [INFO] Scheduler is running: queuing task to delete_unverified_users.
[2025-11-01 11:30:16] [INFO] Scheduler is running: queuing task to start_sync_thread.
[2025-11-01 11:30:16] [INFO] Scheduler is running: queuing task to start_sync_thread.
[2025-11-01 11:30:16] [INFO] Background scheduler for deleting unverified users has been started.
[2025-11-01 11:30:16] [INFO] No unverified users to delete.
[2025-11-01 11:30:16] [INFO] Application shutting down. Signaling scheduler to stop.
[2025-11-01 11:30:47] [INFO] --- New logging session started: logs\app_20251101.log ---
[2025-11-01 11:30:48] [INFO] Ingredient cache built with 0 items.
[2025-11-01 11:30:48] [INFO] Trie depth: 0
[2025-11-01 11:30:48] [INFO] Recipe cache built with 0 items.
[2025-11-01 11:30:48] [INFO] Trie depth: 0
[2025-11-01 11:30:48] [INFO] Scheduler is running: queuing task to delete_unverified_users.
[2025-11-01 11:30:48] [INFO] Background scheduler for deleting unverified users has been started.
[2025-11-01 11:30:48] [INFO] Scheduler is running: queuing task to start_sync_thread.
[2025-11-01 11:30:48] [INFO] Scheduler is running: queuing task to start_sync_thread.
[2025-11-01 11:30:48] [INFO] No unverified users to delete.
[2025-11-01 11:30:58] [INFO] --- New logging session started: logs\app_20251101.log ---
[2025-11-01 11:30:58] [ERROR] Missing required ingredient fields.
[2025-11-01 11:30:58] [ERROR] Error creating ingredient: 422: Missing or invalid ingredient data.
[2025-11-01 11:30:59] [ERROR] Nutritional values must be non-negative.
[2025-11-01 11:30:59] [ERROR] Error creating ingredient: 422: Nutritional values must be non-negative.
[2025-11-01 11:31:16] [INFO] --- New logging session started: logs\app_20251101.log ---
[2025-11-01 11:31:21] [INFO] --- New logging session started: logs\app_20251101.log ---
[2025-11-01 11:31:22] [ERROR] Error creating ingredient: '<' not supported between instances of 'str' and 'int'
[2025-11-01 11:31:22] [ERROR] Error creating ingredient: '<' not supported between instances of 'str' and 'int'
