[2025-11-02 11:30:17] [INFO] --- New logging session started: logs\app_20251102.log ---
[2025-11-02 11:30:19] [INFO] Ingredient cache built with 0 items.
[2025-11-02 11:30:19] [INFO] Trie depth: 0
[2025-11-02 11:30:19] [INFO] Recipe cache built with 0 items.
[2025-11-02 11:30:19] [INFO] Trie depth: 0
[2025-11-02 11:30:19] [INFO] Scheduler is running: queuing task to delete_unverified_users.
[2025-11-02 11:30:19] [INFO] Scheduler is running: queuing task to start_sync_thread.
[2025-11-02 11:30:19] [INFO] Scheduler is running: queuing task to start_sync_thread.
[2025-11-02 11:30:19] [INFO] Background scheduler for deleting unverified users has been started.
[2025-11-02 11:30:19] [INFO] No unverified users to delete.
[2025-11-02 11:32:57] [INFO] --- New logging session started: logs\app_20251102.log ---
[2025-11-02 11:32:58] [ERROR] Error creating ingredient: '<' not supported between instances of 'str' and 'int'
[2025-11-02 11:33:06] [INFO] --- New logging session started: logs\app_20251102.log ---
[2025-11-02 11:33:06] [ERROR] Error creating ingredient: '<' not supported between instances of 'str' and 'int'
[2025-11-02 11:33:06] [ERROR] Error creating ingredient: '<' not supported between instances of 'str' and 'int'
[2025-11-02 11:49:14] [INFO] Application shutting down. Signaling scheduler to stop.
[2025-11-02 11:49:26] [INFO] --- New logging session started: logs\app_20251102.log ---
[2025-11-02 11:49:27] [INFO] Ingredient cache built with 0 items.
[2025-11-02 11:49:27] [INFO] Trie depth: 0
[2025-11-02 11:49:27] [INFO] Recipe cache built with 0 items.
[2025-11-02 11:49:27] [INFO] Trie depth: 0
[2025-11-02 11:49:27] [INFO] Scheduler is running: queuing task to delete_unverified_users.
[2025-11-02 11:49:27] [INFO] Scheduler is running: queuing task to start_sync_thread.
[2025-11-02 11:49:27] [INFO] Background scheduler for deleting unverified users has been started.
[2025-11-02 11:49:27] [INFO] Scheduler is running: queuing task to start_sync_thread.
[2025-11-02 11:49:27] [INFO] No unverified users to delete.
[2025-11-02 11:49:50] [INFO] --- New logging session started: logs\app_20251102.log ---
[2025-11-02 11:49:51] [ERROR] Error creating ingredient: '<' not supported between instances of 'str' and 'int'
[2025-11-02 11:49:51] [ERROR] Error creating ingredient: '<' not supported between instances of 'str' and 'int'
[2025-11-02 11:52:25] [INFO] Application shutting down. Signaling scheduler to stop.
[2025-11-02 11:52:37] [INFO] --- New logging session started: logs\app_20251102.log ---
[2025-11-02 11:52:38] [INFO] Ingredient cache built with 0 items.
[2025-11-02 11:52:38] [INFO] Trie depth: 0
[2025-11-02 11:52:38] [INFO] Recipe cache built with 0 items.
[2025-11-02 11:52:38] [INFO] Trie depth: 0
[2025-11-02 11:52:38] [INFO] Scheduler is running: queuing task to delete_unverified_users.
[2025-11-02 11:52:38] [INFO] Scheduler is running: queuing task to start_sync_thread.
[2025-11-02 11:52:38] [INFO] Scheduler is running: queuing task to start_sync_thread.
[2025-11-02 11:52:38] [INFO] No unverified users to delete.
[2025-11-02 11:52:38] [INFO] Background scheduler for deleting unverified users has been started.
[2025-11-02 11:52:49] [INFO] --- New logging session started: logs\app_20251102.log ---
[2025-11-02 11:52:50] [INFO] Ingredient created: Tomato for user ID: 1
[2025-11-02 11:52:50] [INFO] element added to cache: Tomato
[2025-11-02 11:52:50] [ERROR] Ingredient with name Tomato already exists
[2025-11-02 11:52:50] [ERROR] Error creating ingredient: 409: An ingredient with that name already exists
[2025-11-02 11:53:16] [INFO] --- New logging session started: logs\app_20251102.log ---
[2025-11-02 11:53:16] [ERROR] Invalid Credentials: user3
[2025-11-02 11:53:59] [INFO] --- New logging session started: logs\app_20251102.log ---
[2025-11-02 11:53:59] [ERROR] Invalid Credentials: user3
[2025-11-02 11:56:28] [INFO] --- New logging session started: logs\app_20251102.log ---
[2025-11-02 11:56:29] [ERROR] Invalid Credentials: user3
[2025-11-02 11:58:23] [INFO] --- New logging session started: logs\app_20251102.log ---
[2025-11-02 11:58:24] [ERROR] Invalid Credentials: user3
[2025-11-02 11:59:17] [INFO] --- New logging session started: logs\app_20251102.log ---
[2025-11-02 11:59:18] [ERROR] Invalid Credentials: user3
[2025-11-02 12:02:24] [INFO] --- New logging session started: logs\app_20251102.log ---
[2025-11-02 12:02:26] [INFO] User created: user3
[2025-11-02 12:02:32] [INFO] --- New logging session started: logs\app_20251102.log ---
[2025-11-02 12:03:15] [INFO] --- New logging session started: logs\app_20251102.log ---
[2025-11-02 12:03:15] [ERROR] Error editing ingredient: 404: Ingredient not found
[2025-11-02 12:03:15] [ERROR] Error deleting ingredient: 404: Ingredient not found
[2025-11-02 12:04:58] [INFO] --- New logging session started: logs\app_20251102.log ---
[2025-11-02 12:04:59] [INFO] Ingredient created: Morcov for user ID: 1
[2025-11-02 12:04:59] [INFO] element added to cache: Morcov
[2025-11-02 12:05:00] [INFO] Ingredient created: Cartofi for user ID: 1
[2025-11-02 12:05:00] [INFO] element added to cache: Cartofi
[2025-11-02 12:05:00] [INFO] Ingredient created: Rosii for user ID: 1
[2025-11-02 12:05:00] [INFO] element added to cache: Rosii
[2025-11-02 12:05:00] [INFO] Ingredient created: Salata iceberg for user ID: 1
[2025-11-02 12:05:00] [INFO] element added to cache: Salata iceberg
[2025-11-02 12:05:01] [INFO] Ingredient created: Ceapa verde for user ID: 1
[2025-11-02 12:05:01] [INFO] element added to cache: Ceapa verde
[2025-11-02 12:05:01] [INFO] Ingredient created: Ridiche for user ID: 1
[2025-11-02 12:05:01] [INFO] element added to cache: Ridiche
[2025-11-02 12:05:01] [INFO] Ingredient created: Capsuni for user ID: 1
[2025-11-02 12:05:01] [INFO] element added to cache: Capsuni
[2025-11-02 12:05:02] [INFO] Ingredient created: Cirese for user ID: 1
[2025-11-02 12:05:02] [INFO] element added to cache: Cirese
[2025-11-02 12:05:02] [INFO] Ingredient created: Cartofi noi for user ID: 1
[2025-11-02 12:05:02] [INFO] element added to cache: Cartofi noi
[2025-11-02 12:05:02] [INFO] Ingredient created: Ceapa galbena for user ID: 1
[2025-11-02 12:05:02] [INFO] element added to cache: Ceapa galbena
[2025-11-02 12:05:02] [INFO] Ingredient created: Dovlecei for user ID: 1
[2025-11-02 12:05:02] [INFO] element added to cache: Dovlecei
[2025-11-02 12:05:03] [INFO] Ingredient created: Varza for user ID: 1
[2025-11-02 12:05:03] [INFO] element added to cache: Varza
[2025-11-02 12:05:03] [INFO] Ingredient created: Linte for user ID: 1
[2025-11-02 12:05:03] [INFO] element added to cache: Linte
[2025-11-02 12:05:04] [INFO] Ingredient created: Linte rosii for user ID: 1
[2025-11-02 12:05:04] [INFO] element added to cache: Linte rosii
[2025-11-02 12:05:04] [INFO] Ingredient created: Pulpe de pui for user ID: 1
[2025-11-02 12:05:04] [INFO] element added to cache: Pulpe de pui
[2025-11-02 12:05:04] [INFO] Ingredient created: Pulpe de pui dezosate for user ID: 1
[2025-11-02 12:05:04] [INFO] element added to cache: Pulpe de pui dezosate
[2025-11-02 12:05:05] [INFO] Ingredient created: Rosii Cherry for user ID: 1
[2025-11-02 12:05:05] [INFO] element added to cache: Rosii Cherry
[2025-11-02 12:05:05] [INFO] Ingredient created: Avocado for user ID: 1
[2025-11-02 12:05:05] [INFO] element added to cache: Avocado
[2025-11-02 12:05:05] [INFO] Ingredient created: Costita afumata for user ID: 1
[2025-11-02 12:05:05] [INFO] element added to cache: Costita afumata
[2025-11-02 12:05:06] [INFO] Ingredient created: Ulei de masline for user ID: 1
[2025-11-02 12:05:06] [INFO] element added to cache: Ulei de masline
[2025-11-02 12:05:06] [INFO] Ingredient created: Praf de copt for user ID: 1
[2025-11-02 12:05:06] [INFO] element added to cache: Praf de copt
[2025-11-02 12:05:06] [INFO] Ingredient created: Zahar for user ID: 1
[2025-11-02 12:05:06] [INFO] element added to cache: Zahar
[2025-11-02 12:05:06] [INFO] Ingredient created: Pecorino for user ID: 1
[2025-11-02 12:05:06] [INFO] element added to cache: Pecorino
[2025-11-02 12:05:07] [INFO] Ingredient created: Oua for user ID: 1
[2025-11-02 12:05:07] [INFO] element added to cache: Oua
[2025-11-02 12:05:07] [INFO] Ingredient created: Albus de ou for user ID: 1
[2025-11-02 12:05:07] [INFO] element added to cache: Albus de ou
[2025-11-02 12:05:07] [INFO] Ingredient created: Galbenus de ou for user ID: 1
[2025-11-02 12:05:07] [INFO] element added to cache: Galbenus de ou
[2025-11-02 12:05:08] [INFO] Ingredient created: Bacon for user ID: 1
[2025-11-02 12:05:08] [INFO] element added to cache: Bacon
[2025-11-02 12:05:08] [INFO] Ingredient created: Guanciale for user ID: 1
[2025-11-02 12:05:08] [INFO] element added to cache: Guanciale
[2025-11-02 12:05:08] [INFO] Ingredient created: Spaghete for user ID: 1
[2025-11-02 12:05:08] [INFO] element added to cache: Spaghete
[2025-11-02 12:05:09] [INFO] Ingredient created: Spaghete integrale for user ID: 1
[2025-11-02 12:05:09] [INFO] element added to cache: Spaghete integrale
[2025-11-02 12:05:09] [INFO] Ingredient created: Malai for user ID: 1
[2025-11-02 12:05:09] [INFO] element added to cache: Malai
[2025-11-02 12:05:09] [INFO] Ingredient created: Telemea de vaca for user ID: 1
[2025-11-02 12:05:09] [INFO] element added to cache: Telemea de vaca
[2025-11-02 12:05:09] [INFO] Ingredient created: Smantana 12% for user ID: 1
[2025-11-02 12:05:09] [INFO] element added to cache: Smantana 12%
[2025-11-02 12:05:10] [INFO] Ingredient created: Carne gulas vita for user ID: 1
[2025-11-02 12:05:10] [INFO] element added to cache: Carne gulas vita
[2025-11-02 12:05:10] [INFO] Ingredient created: Usturoi for user ID: 1
[2025-11-02 12:05:10] [INFO] element added to cache: Usturoi
[2025-11-02 12:05:10] [INFO] Ingredient created: Ardei kapia for user ID: 1
[2025-11-02 12:05:10] [INFO] element added to cache: Ardei kapia
[2025-11-02 12:05:11] [INFO] Ingredient created: Chimen for user ID: 1
[2025-11-02 12:05:11] [INFO] element added to cache: Chimen
[2025-11-02 12:05:11] [INFO] Ingredient created: Piper for user ID: 1
[2025-11-02 12:05:11] [INFO] element added to cache: Piper
[2025-11-02 12:05:11] [INFO] Ingredient created: Paprika for user ID: 1
[2025-11-02 12:05:11] [INFO] element added to cache: Paprika
[2025-11-02 12:05:12] [INFO] Ingredient created: Gulii for user ID: 1
[2025-11-02 12:05:12] [INFO] element added to cache: Gulii
[2025-11-02 12:05:12] [INFO] Ingredient created: Pulpa de porc for user ID: 1
[2025-11-02 12:05:12] [INFO] element added to cache: Pulpa de porc
[2025-11-02 12:05:12] [INFO] Ingredient created: Orez for user ID: 1
[2025-11-02 12:05:12] [INFO] element added to cache: Orez
[2025-11-02 12:05:13] [INFO] Ingredient created: Patrunjel for user ID: 1
[2025-11-02 12:05:13] [INFO] element added to cache: Patrunjel
[2025-11-02 12:05:13] [INFO] Ingredient created: Cimbru uscat for user ID: 1
[2025-11-02 12:05:13] [INFO] element added to cache: Cimbru uscat
[2025-11-02 12:05:14] [INFO] Ingredient created: Vinete for user ID: 1
[2025-11-02 12:05:14] [INFO] element added to cache: Vinete
[2025-11-02 12:05:14] [INFO] Ingredient created: Lamaie for user ID: 1
[2025-11-02 12:05:14] [INFO] element added to cache: Lamaie
[2025-11-02 12:05:14] [INFO] Ingredient created: Cardamon for user ID: 1
[2025-11-02 12:05:14] [INFO] element added to cache: Cardamon
[2025-11-02 12:05:15] [INFO] Ingredient created: Chimion for user ID: 1
[2025-11-02 12:05:15] [INFO] element added to cache: Chimion
[2025-11-02 12:05:15] [INFO] Ingredient created: Ceapa rosie for user ID: 1
[2025-11-02 12:05:15] [INFO] element added to cache: Ceapa rosie
[2025-11-02 12:05:15] [INFO] Ingredient created: Pezmet for user ID: 1
[2025-11-02 12:05:15] [INFO] element added to cache: Pezmet
[2025-11-02 12:05:15] [INFO] Ingredient created: Marar for user ID: 1
[2025-11-02 12:05:15] [INFO] element added to cache: Marar
[2025-11-02 12:05:16] [INFO] Ingredient created: Coriandru seminte for user ID: 1
[2025-11-02 12:05:16] [INFO] element added to cache: Coriandru seminte
[2025-11-02 12:05:16] [INFO] Ingredient created: Vin for user ID: 1
[2025-11-02 12:05:16] [INFO] element added to cache: Vin
[2025-11-02 12:05:16] [INFO] Ingredient created: Telemea de oaie for user ID: 1
[2025-11-02 12:05:16] [INFO] element added to cache: Telemea de oaie
[2025-11-02 12:05:17] [INFO] Ingredient created: Naut for user ID: 1
[2025-11-02 12:05:17] [INFO] element added to cache: Naut
[2025-11-02 12:05:17] [INFO] Ingredient created: Pastarnac for user ID: 1
[2025-11-02 12:05:17] [INFO] element added to cache: Pastarnac
[2025-11-02 12:05:18] [INFO] Ingredient created: Telina for user ID: 1
[2025-11-02 12:05:18] [INFO] element added to cache: Telina
[2025-11-02 12:05:18] [INFO] Ingredient created: Caracatita for user ID: 1
[2025-11-02 12:05:18] [INFO] element added to cache: Caracatita
[2025-11-02 12:05:18] [INFO] Ingredient created: Apio for user ID: 1
[2025-11-02 12:05:18] [INFO] element added to cache: Apio
[2025-11-02 12:05:18] [INFO] Ingredient created: Antricot vita for user ID: 1
[2025-11-02 12:05:18] [INFO] element added to cache: Antricot vita
[2025-11-02 12:05:19] [INFO] Ingredient created: Oase de vita for user ID: 1
[2025-11-02 12:05:19] [INFO] element added to cache: Oase de vita
[2025-11-02 12:05:19] [INFO] Ingredient created: Salau for user ID: 1
[2025-11-02 12:05:19] [INFO] element added to cache: Salau
[2025-11-02 12:05:19] [INFO] Ingredient created: Banane for user ID: 1
[2025-11-02 12:05:19] [INFO] element added to cache: Banane
[2025-11-02 12:05:20] [INFO] Ingredient created: Ananas for user ID: 1
[2025-11-02 12:05:20] [INFO] element added to cache: Ananas
[2025-11-02 12:05:20] [INFO] Ingredient created: Muschi de porc afumat for user ID: 1
[2025-11-02 12:05:20] [INFO] element added to cache: Muschi de porc afumat
[2025-11-02 12:05:21] [INFO] Ingredient created: Faina alba 000 for user ID: 1
[2025-11-02 12:05:21] [INFO] element added to cache: Faina alba 000
[2025-11-02 12:05:21] [INFO] Ingredient created: File de somon for user ID: 1
[2025-11-02 12:05:21] [INFO] element added to cache: File de somon
[2025-11-02 12:05:21] [INFO] Ingredient created: Iaurt 3.5% for user ID: 1
[2025-11-02 12:05:21] [INFO] element added to cache: Iaurt 3.5%
[2025-11-02 12:05:22] [INFO] Ingredient created: Homar for user ID: 1
[2025-11-02 12:05:22] [INFO] element added to cache: Homar
[2025-11-02 12:05:22] [INFO] Ingredient created: Creveti for user ID: 1
[2025-11-02 12:05:22] [INFO] element added to cache: Creveti
[2025-11-02 12:05:23] [INFO] Ingredient created: Ton afumat for user ID: 1
[2025-11-02 12:05:23] [INFO] element added to cache: Ton afumat
[2025-11-02 12:05:23] [INFO] Ingredient created: Tortelini for user ID: 1
[2025-11-02 12:05:23] [INFO] element added to cache: Tortelini
[2025-11-02 12:05:23] [INFO] Ingredient created: Capere for user ID: 1
[2025-11-02 12:05:23] [INFO] element added to cache: Capere
[2025-11-02 12:05:24] [INFO] Ingredient created: Masline negre for user ID: 1
[2025-11-02 12:05:24] [INFO] element added to cache: Masline negre
[2025-11-02 12:05:24] [INFO] Ingredient created: Branza de vaci for user ID: 1
[2025-11-02 12:05:24] [INFO] element added to cache: Branza de vaci
[2025-11-02 12:05:24] [INFO] Ingredient created: Urda for user ID: 1
[2025-11-02 12:05:24] [INFO] element added to cache: Urda
[2025-11-02 12:05:25] [INFO] Ingredient created: Branza de burduf for user ID: 1
[2025-11-02 12:05:25] [INFO] element added to cache: Branza de burduf
[2025-11-02 12:05:25] [INFO] Ingredient created: Pipet de pui for user ID: 1
[2025-11-02 12:05:25] [INFO] element added to cache: Pipet de pui
[2025-11-02 12:05:25] [INFO] Ingredient created: Pipt de rata for user ID: 1
[2025-11-02 12:05:25] [INFO] element added to cache: Pipt de rata
[2025-11-02 12:05:26] [INFO] Ingredient created: Portocale for user ID: 1
[2025-11-02 12:05:26] [INFO] element added to cache: Portocale
[2025-11-02 12:05:26] [INFO] Ingredient created: Miere de albine for user ID: 1
[2025-11-02 12:05:26] [INFO] element added to cache: Miere de albine
[2025-11-02 12:05:26] [INFO] Ingredient created: Boia dulce for user ID: 1
[2025-11-02 12:05:26] [INFO] element added to cache: Boia dulce
[2025-11-02 12:05:27] [INFO] Ingredient created: Rozmarin for user ID: 1
[2025-11-02 12:05:27] [INFO] element added to cache: Rozmarin
[2025-11-02 12:05:27] [INFO] Ingredient created: Unt 82% for user ID: 1
[2025-11-02 12:05:27] [INFO] element added to cache: Unt 82%
[2025-11-02 12:05:28] [INFO] Ingredient created: Sare for user ID: 1
[2025-11-02 12:05:28] [INFO] element added to cache: Sare
[2025-11-02 12:05:28] [INFO] Ingredient created: Ulei de floarea soarelui for user ID: 1
[2025-11-02 12:05:28] [INFO] element added to cache: Ulei de floarea soarelui
[2025-11-02 12:05:28] [INFO] Ingredient created: Urzici for user ID: 1
[2025-11-02 12:05:28] [INFO] element added to cache: Urzici
[2025-11-02 12:05:28] [ERROR] Ingredient with name Ceapa rosie already exists
[2025-11-02 12:05:28] [ERROR] Error creating ingredient: 409: An ingredient with that name already exists
[2025-11-02 12:05:28] [ERROR] Ingredient with name Pezmet already exists
[2025-11-02 12:05:28] [ERROR] Error creating ingredient: 409: An ingredient with that name already exists
[2025-11-02 12:05:28] [ERROR] Ingredient with name Marar already exists
[2025-11-02 12:05:28] [ERROR] Error creating ingredient: 409: An ingredient with that name already exists
[2025-11-02 12:05:28] [ERROR] Ingredient with name Coriandru seminte already exists
[2025-11-02 12:05:28] [ERROR] Error creating ingredient: 409: An ingredient with that name already exists
[2025-11-02 12:05:28] [ERROR] Ingredient with name Vin already exists
[2025-11-02 12:05:28] [ERROR] Error creating ingredient: 409: An ingredient with that name already exists
[2025-11-02 12:05:28] [ERROR] Ingredient with name Telemea de oaie already exists
[2025-11-02 12:05:28] [ERROR] Error creating ingredient: 409: An ingredient with that name already exists
[2025-11-02 12:05:28] [ERROR] Ingredient with name Naut already exists
[2025-11-02 12:05:28] [ERROR] Error creating ingredient: 409: An ingredient with that name already exists
[2025-11-02 12:05:28] [ERROR] Ingredient with name Pastarnac already exists
[2025-11-02 12:05:28] [ERROR] Error creating ingredient: 409: An ingredient with that name already exists
[2025-11-02 12:05:28] [ERROR] Ingredient with name Telina already exists
[2025-11-02 12:05:28] [ERROR] Error creating ingredient: 409: An ingredient with that name already exists
[2025-11-02 12:05:28] [ERROR] Ingredient with name Caracatita already exists
[2025-11-02 12:05:28] [ERROR] Error creating ingredient: 409: An ingredient with that name already exists
[2025-11-02 12:05:28] [ERROR] Ingredient with name Apio already exists
[2025-11-02 12:05:28] [ERROR] Error creating ingredient: 409: An ingredient with that name already exists
[2025-11-02 12:05:28] [ERROR] Ingredient with name Antricot vita already exists
[2025-11-02 12:05:28] [ERROR] Error creating ingredient: 409: An ingredient with that name already exists
[2025-11-02 12:05:28] [ERROR] Ingredient with name Oase de vita already exists
[2025-11-02 12:05:28] [ERROR] Error creating ingredient: 409: An ingredient with that name already exists
[2025-11-02 12:05:28] [ERROR] Ingredient with name Salau already exists
[2025-11-02 12:05:28] [ERROR] Error creating ingredient: 409: An ingredient with that name already exists
[2025-11-02 12:05:28] [ERROR] Ingredient with name Banane already exists
[2025-11-02 12:05:28] [ERROR] Error creating ingredient: 409: An ingredient with that name already exists
[2025-11-02 12:05:28] [ERROR] Ingredient with name Ananas already exists
[2025-11-02 12:05:28] [ERROR] Error creating ingredient: 409: An ingredient with that name already exists
[2025-11-02 12:05:28] [ERROR] Ingredient with name Muschi de porc afumat already exists
[2025-11-02 12:05:28] [ERROR] Error creating ingredient: 409: An ingredient with that name already exists
[2025-11-02 12:05:28] [ERROR] Ingredient with name Faina alba 000 already exists
[2025-11-02 12:05:28] [ERROR] Error creating ingredient: 409: An ingredient with that name already exists
[2025-11-02 12:05:28] [ERROR] Ingredient with name File de somon already exists
[2025-11-02 12:05:28] [ERROR] Error creating ingredient: 409: An ingredient with that name already exists
[2025-11-02 12:05:28] [ERROR] Ingredient with name Iaurt 3.5% already exists
[2025-11-02 12:05:28] [ERROR] Error creating ingredient: 409: An ingredient with that name already exists
[2025-11-02 12:05:28] [ERROR] Ingredient with name Homar already exists
[2025-11-02 12:05:28] [ERROR] Error creating ingredient: 409: An ingredient with that name already exists
[2025-11-02 12:05:28] [ERROR] Ingredient with name Creveti already exists
[2025-11-02 12:05:28] [ERROR] Error creating ingredient: 409: An ingredient with that name already exists
[2025-11-02 12:05:28] [ERROR] Ingredient with name Ton afumat already exists
[2025-11-02 12:05:28] [ERROR] Error creating ingredient: 409: An ingredient with that name already exists
[2025-11-02 12:05:29] [ERROR] Ingredient with name Tortelini already exists
[2025-11-02 12:05:29] [ERROR] Error creating ingredient: 409: An ingredient with that name already exists
[2025-11-02 12:05:29] [ERROR] Ingredient with name Capere already exists
[2025-11-02 12:05:29] [ERROR] Error creating ingredient: 409: An ingredient with that name already exists
[2025-11-02 12:05:29] [ERROR] Ingredient with name Masline negre already exists
[2025-11-02 12:05:29] [ERROR] Error creating ingredient: 409: An ingredient with that name already exists
[2025-11-02 12:05:29] [ERROR] Ingredient with name Branza de vaci already exists
[2025-11-02 12:05:29] [ERROR] Error creating ingredient: 409: An ingredient with that name already exists
[2025-11-02 12:05:29] [ERROR] Ingredient with name Urda already exists
[2025-11-02 12:05:29] [ERROR] Error creating ingredient: 409: An ingredient with that name already exists
[2025-11-02 12:05:29] [ERROR] Ingredient with name Branza de burduf already exists
[2025-11-02 12:05:29] [ERROR] Error creating ingredient: 409: An ingredient with that name already exists
[2025-11-02 12:05:29] [ERROR] Ingredient with name Pipet de pui already exists
[2025-11-02 12:05:29] [ERROR] Error creating ingredient: 409: An ingredient with that name already exists
[2025-11-02 12:05:29] [ERROR] Ingredient with name Pipt de rata already exists
[2025-11-02 12:05:29] [ERROR] Error creating ingredient: 409: An ingredient with that name already exists
[2025-11-02 12:05:29] [ERROR] Ingredient with name Portocale already exists
[2025-11-02 12:05:29] [ERROR] Error creating ingredient: 409: An ingredient with that name already exists
[2025-11-02 12:05:29] [ERROR] Ingredient with name Miere de albine already exists
[2025-11-02 12:05:29] [ERROR] Error creating ingredient: 409: An ingredient with that name already exists
[2025-11-02 12:05:29] [ERROR] Ingredient with name Boia dulce already exists
[2025-11-02 12:05:29] [ERROR] Error creating ingredient: 409: An ingredient with that name already exists
[2025-11-02 12:05:29] [ERROR] Ingredient with name Rozmarin already exists
[2025-11-02 12:05:29] [ERROR] Error creating ingredient: 409: An ingredient with that name already exists
[2025-11-02 12:05:29] [ERROR] Ingredient with name Unt 82% already exists
[2025-11-02 12:05:29] [ERROR] Error creating ingredient: 409: An ingredient with that name already exists
[2025-11-02 12:05:29] [ERROR] Ingredient with name Sare already exists
[2025-11-02 12:05:29] [ERROR] Error creating ingredient: 409: An ingredient with that name already exists
[2025-11-02 12:05:29] [ERROR] Ingredient with name Ulei de floarea soarelui already exists
[2025-11-02 12:05:29] [ERROR] Error creating ingredient: 409: An ingredient with that name already exists
[2025-11-02 12:05:29] [ERROR] Ingredient with name Urzici already exists
[2025-11-02 12:05:29] [ERROR] Error creating ingredient: 409: An ingredient with that name already exists
[2025-11-02 12:05:29] [INFO] Ingredient created: Ardei gras for user ID: 1
[2025-11-02 12:05:29] [INFO] element added to cache: Ardei gras
[2025-11-02 12:05:30] [INFO] Ingredient created: Castravete for user ID: 1
[2025-11-02 12:05:30] [INFO] element added to cache: Castravete
[2025-11-02 12:05:30] [INFO] Ingredient created: Spanac for user ID: 1
[2025-11-02 12:05:30] [INFO] element added to cache: Spanac
[2025-11-02 12:05:30] [INFO] Ingredient created: Broccoli for user ID: 1
[2025-11-02 12:05:30] [INFO] element added to cache: Broccoli
[2025-11-02 12:05:31] [INFO] Ingredient created: Conopida for user ID: 1
[2025-11-02 12:05:31] [INFO] element added to cache: Conopida
[2025-11-02 12:05:31] [INFO] Ingredient created: Mar for user ID: 1
[2025-11-02 12:05:31] [INFO] element added to cache: Mar
[2025-11-02 12:05:31] [INFO] Ingredient created: Pere for user ID: 1
[2025-11-02 12:05:31] [INFO] element added to cache: Pere
[2025-11-02 12:05:31] [INFO] Ingredient created: Struguri for user ID: 1
[2025-11-02 12:05:31] [INFO] element added to cache: Struguri
[2025-11-02 12:05:32] [INFO] Ingredient created: Pepene galben for user ID: 1
[2025-11-02 12:05:32] [INFO] element added to cache: Pepene galben
[2025-11-02 12:05:32] [INFO] Ingredient created: Pepene verde for user ID: 1
[2025-11-02 12:05:32] [INFO] element added to cache: Pepene verde
[2025-11-02 12:05:33] [INFO] Ingredient created: Prune for user ID: 1
[2025-11-02 12:05:33] [INFO] element added to cache: Prune
[2025-11-02 12:05:33] [INFO] Ingredient created: Caise for user ID: 1
[2025-11-02 12:05:33] [INFO] element added to cache: Caise
[2025-11-02 12:05:33] [INFO] Ingredient created: Piersici for user ID: 1
[2025-11-02 12:05:33] [INFO] element added to cache: Piersici
[2025-11-02 12:05:34] [INFO] Ingredient created: Mandarine for user ID: 1
[2025-11-02 12:05:34] [INFO] element added to cache: Mandarine
[2025-11-02 12:05:34] [INFO] Ingredient created: Kiwi for user ID: 1
[2025-11-02 12:05:34] [INFO] element added to cache: Kiwi
[2025-11-02 12:05:35] [INFO] Ingredient created: Mango for user ID: 1
[2025-11-02 12:05:35] [INFO] element added to cache: Mango
[2025-11-02 12:05:35] [INFO] Ingredient created: Leurda for user ID: 1
[2025-11-02 12:05:35] [INFO] element added to cache: Leurda
[2025-11-02 12:05:35] [INFO] Ingredient created: Andive for user ID: 1
[2025-11-02 12:05:35] [INFO] element added to cache: Andive
[2025-11-02 12:05:36] [INFO] Ingredient created: Rucola for user ID: 1
[2025-11-02 12:05:36] [INFO] element added to cache: Rucola
[2025-11-02 12:05:36] [INFO] Ingredient created: Ardei iute for user ID: 1
[2025-11-02 12:05:36] [INFO] element added to cache: Ardei iute
[2025-11-02 12:05:37] [INFO] Ingredient created: Cicoare for user ID: 1
[2025-11-02 12:05:37] [INFO] element added to cache: Cicoare
[2025-11-02 12:05:37] [INFO] Ingredient created: Fenicul for user ID: 1
[2025-11-02 12:05:37] [INFO] element added to cache: Fenicul
[2025-11-02 12:05:38] [INFO] Ingredient created: Dovleac for user ID: 1
[2025-11-02 12:05:38] [INFO] element added to cache: Dovleac
[2025-11-02 12:05:38] [INFO] Ingredient created: Sfecla rosie for user ID: 1
[2025-11-02 12:05:38] [INFO] element added to cache: Sfecla rosie
[2025-11-02 12:05:38] [INFO] Ingredient created: Porumb for user ID: 1
[2025-11-02 12:05:38] [INFO] element added to cache: Porumb
[2025-11-02 12:05:39] [INFO] Ingredient created: Fasole verde for user ID: 1
[2025-11-02 12:05:39] [INFO] element added to cache: Fasole verde
[2025-11-02 12:05:39] [INFO] Ingredient created: Mazare for user ID: 1
[2025-11-02 12:05:39] [INFO] element added to cache: Mazare
[2025-11-02 12:05:39] [INFO] Ingredient created: Varza de Bruxelles for user ID: 1
[2025-11-02 12:05:39] [INFO] element added to cache: Varza de Bruxelles
[2025-11-02 12:05:40] [INFO] Ingredient created: Topinambur for user ID: 1
[2025-11-02 12:05:40] [INFO] element added to cache: Topinambur
[2025-11-02 12:05:40] [INFO] Ingredient created: Radacina de patrunjel for user ID: 1
[2025-11-02 12:05:40] [INFO] element added to cache: Radacina de patrunjel
[2025-11-02 12:05:41] [INFO] Ingredient created: Radacina de telina for user ID: 1
[2025-11-02 12:05:41] [INFO] element added to cache: Radacina de telina
[2025-11-02 12:05:41] [INFO] Ingredient created: Radacina de pastarnac for user ID: 1
[2025-11-02 12:05:41] [INFO] element added to cache: Radacina de pastarnac
[2025-11-02 12:05:41] [INFO] Ingredient created: Radacina de sfecla for user ID: 1
[2025-11-02 12:05:41] [INFO] element added to cache: Radacina de sfecla
[2025-11-02 12:05:42] [INFO] Ingredient created: Radacina de morcov for user ID: 1
[2025-11-02 12:05:42] [INFO] element added to cache: Radacina de morcov
[2025-11-02 12:05:42] [INFO] Ingredient created: Radacina de ridiche for user ID: 1
[2025-11-02 12:05:42] [INFO] element added to cache: Radacina de ridiche
[2025-11-02 12:05:42] [INFO] Ingredient created: Radacina de hrean for user ID: 1
[2025-11-02 12:05:42] [INFO] element added to cache: Radacina de hrean
[2025-11-02 12:05:43] [INFO] Ingredient created: Radacina de nap for user ID: 1
[2025-11-02 12:05:43] [INFO] element added to cache: Radacina de nap
[2025-11-02 12:05:43] [INFO] Ingredient created: Sparanghel for user ID: 1
[2025-11-02 12:05:43] [INFO] element added to cache: Sparanghel
[2025-11-02 12:05:43] [INFO] Ingredient created: Loboda for user ID: 1
[2025-11-02 12:05:43] [INFO] element added to cache: Loboda
[2025-11-02 12:05:44] [INFO] Ingredient created: Stevie for user ID: 1
[2025-11-02 12:05:44] [INFO] element added to cache: Stevie
[2025-11-02 12:05:44] [INFO] Ingredient created: Tarhon for user ID: 1
[2025-11-02 12:05:44] [INFO] element added to cache: Tarhon
[2025-11-02 12:05:44] [INFO] Ingredient created: Papadie for user ID: 1
[2025-11-02 12:05:44] [INFO] element added to cache: Papadie
[2025-11-02 12:05:45] [INFO] Ingredient created: Leustean for user ID: 1
[2025-11-02 12:05:45] [INFO] element added to cache: Leustean
[2025-11-02 12:05:45] [INFO] Ingredient created: Cicoare rosie for user ID: 1
[2025-11-02 12:05:45] [INFO] element added to cache: Cicoare rosie
[2025-11-02 12:05:45] [INFO] Ingredient created: Menta for user ID: 1
[2025-11-02 12:05:45] [INFO] element added to cache: Menta
[2025-11-02 12:05:46] [INFO] Ingredient created: Busuioc for user ID: 1
[2025-11-02 12:05:46] [INFO] element added to cache: Busuioc
[2025-11-02 12:05:46] [INFO] Ingredient created: Creson for user ID: 1
[2025-11-02 12:05:46] [INFO] element added to cache: Creson
[2025-11-02 12:05:46] [INFO] Ingredient created: Arpagic for user ID: 1
[2025-11-02 12:05:46] [INFO] element added to cache: Arpagic
[2025-11-02 12:05:47] [INFO] Ingredient created: Topinambur mov for user ID: 1
[2025-11-02 12:05:47] [INFO] element added to cache: Topinambur mov
[2025-11-02 12:05:47] [INFO] Ingredient created: Macris for user ID: 1
[2025-11-02 12:05:47] [INFO] element added to cache: Macris
[2025-11-02 12:05:47] [INFO] Ingredient created: Castravete murat for user ID: 1
[2025-11-02 12:05:47] [INFO] element added to cache: Castravete murat
[2025-11-02 12:05:48] [INFO] Ingredient created: Mure for user ID: 1
[2025-11-02 12:05:48] [INFO] element added to cache: Mure
[2025-11-02 12:05:48] [INFO] Ingredient created: Afine for user ID: 1
[2025-11-02 12:05:48] [INFO] element added to cache: Afine
[2025-11-02 12:05:49] [INFO] Ingredient created: Zmeura for user ID: 1
[2025-11-02 12:05:49] [INFO] element added to cache: Zmeura
[2025-11-02 12:05:49] [INFO] Ingredient created: Coacaze for user ID: 1
[2025-11-02 12:05:49] [INFO] element added to cache: Coacaze
[2025-11-02 12:05:49] [INFO] Ingredient created: Ardei copt for user ID: 1
[2025-11-02 12:05:49] [INFO] element added to cache: Ardei copt
[2025-11-02 12:05:50] [INFO] Ingredient created: Papaya for user ID: 1
[2025-11-02 12:05:50] [INFO] element added to cache: Papaya
[2025-11-02 12:05:50] [INFO] Ingredient created: Topinambur alb for user ID: 1
[2025-11-02 12:05:50] [INFO] element added to cache: Topinambur alb
[2025-11-02 12:05:50] [INFO] Ingredient created: Castravete cornichon for user ID: 1
[2025-11-02 12:05:50] [INFO] element added to cache: Castravete cornichon
[2025-11-02 12:05:51] [INFO] Ingredient created: Afine de padure for user ID: 1
[2025-11-02 12:05:51] [INFO] element added to cache: Afine de padure
[2025-11-02 12:05:51] [INFO] Ingredient created: Tarhon proaspat for user ID: 1
[2025-11-02 12:05:51] [INFO] element added to cache: Tarhon proaspat
[2025-11-02 12:05:52] [INFO] Ingredient created: Leustean uscat for user ID: 1
[2025-11-02 12:05:52] [INFO] element added to cache: Leustean uscat
[2025-11-02 12:05:52] [INFO] Ingredient created: Căpșună for user ID: 1
[2025-11-02 12:05:52] [INFO] element added to cache: Căpșună
[2025-11-02 12:05:52] [INFO] Ingredient created: Gutuie for user ID: 1
[2025-11-02 12:05:52] [INFO] element added to cache: Gutuie
[2025-11-02 12:05:53] [INFO] Ingredient created: Curmal for user ID: 1
[2025-11-02 12:05:53] [INFO] element added to cache: Curmal
[2025-11-02 12:05:53] [INFO] Ingredient created: Cătină for user ID: 1
[2025-11-02 12:05:53] [INFO] element added to cache: Cătină
[2025-11-02 12:05:54] [INFO] Ingredient created: Smochină for user ID: 1
[2025-11-02 12:05:54] [INFO] element added to cache: Smochină
[2025-11-02 12:05:54] [INFO] Ingredient created: Corcodușe for user ID: 1
[2025-11-02 12:05:54] [INFO] element added to cache: Corcodușe
[2025-11-02 12:05:54] [INFO] Ingredient created: Fructul pasiunii for user ID: 1
[2025-11-02 12:05:54] [INFO] element added to cache: Fructul pasiunii
[2025-11-02 12:05:55] [INFO] Ingredient created: Kaki for user ID: 1
[2025-11-02 12:05:55] [INFO] element added to cache: Kaki
[2025-11-02 12:05:55] [INFO] Ingredient created: Pomelo for user ID: 1
[2025-11-02 12:05:55] [INFO] element added to cache: Pomelo
[2025-11-02 12:05:55] [INFO] Ingredient created: Guava for user ID: 1
[2025-11-02 12:05:55] [INFO] element added to cache: Guava
[2025-11-02 12:05:56] [INFO] Ingredient created: Physalis for user ID: 1
[2025-11-02 12:05:56] [INFO] element added to cache: Physalis
[2025-11-02 12:05:56] [INFO] Ingredient created: Litchi for user ID: 1
[2025-11-02 12:05:56] [INFO] element added to cache: Litchi
[2025-11-02 12:05:57] [INFO] Ingredient created: Rodie for user ID: 1
[2025-11-02 12:05:57] [INFO] element added to cache: Rodie
[2025-11-02 12:05:57] [INFO] Ingredient created: Cirese amare for user ID: 1
[2025-11-02 12:05:57] [INFO] element added to cache: Cirese amare
[2025-11-02 12:05:57] [INFO] Ingredient created: Nectarine for user ID: 1
[2025-11-02 12:05:57] [INFO] element added to cache: Nectarine
[2025-11-02 12:05:58] [INFO] Ingredient created: Prună uscată for user ID: 1
[2025-11-02 12:05:58] [INFO] element added to cache: Prună uscată
[2025-11-02 12:05:58] [INFO] Ingredient created: Coarne for user ID: 1
[2025-11-02 12:05:58] [INFO] element added to cache: Coarne
[2025-11-02 12:06:10] [INFO] --- New logging session started: logs\app_20251102.log ---
[2025-11-02 12:11:01] [INFO] Application shutting down. Signaling scheduler to stop.
[2025-11-02 12:11:13] [INFO] --- New logging session started: logs\app_20251102.log ---
[2025-11-02 12:11:14] [INFO] Ingredient cache built with 167 items.
[2025-11-02 12:11:14] [INFO] Trie depth: 24
[2025-11-02 12:11:14] [INFO] Recipe cache built with 0 items.
[2025-11-02 12:11:14] [INFO] Trie depth: 0
[2025-11-02 12:11:14] [INFO] Scheduler is running: queuing task to delete_unverified_users.
[2025-11-02 12:11:14] [INFO] Scheduler is running: queuing task to start_sync_thread.
[2025-11-02 12:11:14] [INFO] Background scheduler for deleting unverified users has been started.
[2025-11-02 12:11:14] [INFO] Scheduler is running: queuing task to start_sync_thread.
[2025-11-02 12:11:14] [INFO] No unverified users to delete.
[2025-11-02 12:11:16] [INFO] Application shutting down. Signaling scheduler to stop.
[2025-11-02 12:11:28] [INFO] --- New logging session started: logs\app_20251102.log ---
[2025-11-02 12:11:29] [INFO] Ingredient cache built with 167 items.
[2025-11-02 12:11:29] [INFO] Trie depth: 24
[2025-11-02 12:11:29] [INFO] Recipe cache built with 0 items.
[2025-11-02 12:11:29] [INFO] Trie depth: 0
[2025-11-02 12:11:29] [INFO] Scheduler is running: queuing task to delete_unverified_users.
[2025-11-02 12:11:29] [INFO] Scheduler is running: queuing task to start_sync_thread.
[2025-11-02 12:11:29] [INFO] Scheduler is running: queuing task to start_sync_thread.
[2025-11-02 12:11:29] [INFO] Background scheduler for deleting unverified users has been started.
[2025-11-02 12:11:29] [INFO] No unverified users to delete.
[2025-11-02 12:12:16] [INFO] --- New logging session started: logs\app_20251102.log ---
[2025-11-02 12:12:17] [INFO] --- New logging session started: logs\app_20251102.log ---
[2025-11-02 12:33:43] [INFO] --- New logging session started: logs\app_20251102.log ---
[2025-11-02 12:34:33] [INFO] --- New logging session started: logs\app_20251102.log ---
[2025-11-02 12:34:34] [ERROR] Ingredient not found: Name Rossii
[2025-11-02 12:34:34] [ERROR] Error getting ingredient by name: 404: Ingredient not found
[2025-11-02 12:34:34] [ERROR] Ingredient not found: Name Baranza
[2025-11-02 12:34:34] [ERROR] Error getting ingredient by name: 404: Ingredient not found
[2025-11-02 12:35:33] [INFO] --- New logging session started: logs\app_20251102.log ---
[2025-11-02 12:35:35] [ERROR] Ingredient not found: Name Rossii
[2025-11-02 12:35:35] [ERROR] Error getting ingredient by name: 404: Ingredient not found
[2025-11-02 12:40:43] [INFO] --- New logging session started: logs\app_20251102.log ---
[2025-11-02 12:40:44] [INFO] Ingredient cache built with 167 items.
[2025-11-02 12:40:44] [INFO] Trie depth: 24
[2025-11-02 12:40:44] [INFO] Recipe cache built with 0 items.
[2025-11-02 12:40:44] [INFO] Trie depth: 0
[2025-11-02 12:40:44] [INFO] Scheduler is running: queuing task to delete_unverified_users.
[2025-11-02 12:40:44] [INFO] Scheduler is running: queuing task to start_sync_thread.
[2025-11-02 12:40:44] [INFO] Scheduler is running: queuing task to start_sync_thread.
[2025-11-02 12:40:44] [INFO] Background scheduler for deleting unverified users has been started.
[2025-11-02 12:40:44] [INFO] No unverified users to delete.
[2025-11-02 12:41:59] [ERROR] Incorrect password for user: user1
[2025-11-02 12:47:18] [INFO] Application shutting down. Signaling scheduler to stop.
[2025-11-02 12:47:30] [INFO] --- New logging session started: logs\app_20251102.log ---
[2025-11-02 12:47:32] [INFO] Ingredient cache built with 167 items.
[2025-11-02 12:47:32] [INFO] Trie depth: 24
[2025-11-02 12:47:32] [INFO] Recipe cache built with 0 items.
[2025-11-02 12:47:32] [INFO] Trie depth: 0
[2025-11-02 12:47:32] [INFO] Scheduler is running: queuing task to delete_unverified_users.
[2025-11-02 12:47:32] [INFO] Scheduler is running: queuing task to start_sync_thread.
[2025-11-02 12:47:32] [INFO] Scheduler is running: queuing task to start_sync_thread.
[2025-11-02 12:47:32] [INFO] No unverified users to delete.
[2025-11-02 12:47:32] [INFO] Background scheduler for deleting unverified users has been started.
[2025-11-02 12:49:44] [INFO] Application shutting down. Signaling scheduler to stop.
[2025-11-02 12:49:57] [INFO] --- New logging session started: logs\app_20251102.log ---
[2025-11-02 12:49:58] [INFO] Ingredient cache built with 167 items.
[2025-11-02 12:49:58] [INFO] Trie depth: 24
[2025-11-02 12:49:58] [INFO] Recipe cache built with 0 items.
[2025-11-02 12:49:58] [INFO] Trie depth: 0
[2025-11-02 12:49:58] [INFO] Scheduler is running: queuing task to delete_unverified_users.
[2025-11-02 12:49:58] [INFO] Scheduler is running: queuing task to start_sync_thread.
[2025-11-02 12:49:58] [INFO] Background scheduler for deleting unverified users has been started.
[2025-11-02 12:49:58] [INFO] No unverified users to delete.
[2025-11-02 12:49:58] [INFO] Scheduler is running: queuing task to start_sync_thread.
[2025-11-02 12:50:30] [INFO] Application shutting down. Signaling scheduler to stop.
[2025-11-02 12:50:43] [INFO] --- New logging session started: logs\app_20251102.log ---
[2025-11-02 12:50:44] [INFO] Ingredient cache built with 167 items.
[2025-11-02 12:50:44] [INFO] Trie depth: 24
[2025-11-02 12:50:44] [INFO] Recipe cache built with 0 items.
[2025-11-02 12:50:44] [INFO] Trie depth: 0
[2025-11-02 12:50:44] [INFO] Scheduler is running: queuing task to delete_unverified_users.
[2025-11-02 12:50:44] [INFO] Scheduler is running: queuing task to start_sync_thread.
[2025-11-02 12:50:44] [INFO] Background scheduler for deleting unverified users has been started.
[2025-11-02 12:50:44] [INFO] Scheduler is running: queuing task to start_sync_thread.
[2025-11-02 12:50:44] [INFO] No unverified users to delete.
[2025-11-02 12:57:30] [INFO] --- New logging session started: logs\app_20251102.log ---
[2025-11-02 12:57:31] [ERROR] Ingredient not found: Name Rossii
[2025-11-02 12:57:31] [ERROR] Error getting ingredient by name: 404: Ingredient not found
[2025-11-02 12:57:31] [ERROR] Ingredient not found: Name Baranza
[2025-11-02 12:57:31] [ERROR] Error getting ingredient by name: 404: Ingredient not found
[2025-11-02 12:58:09] [INFO] --- New logging session started: logs\app_20251102.log ---
[2025-11-02 12:58:32] [ERROR] Ingredient not found: Name Rossii
[2025-11-02 12:58:34] [ERROR] Error getting ingredient by name: 404: Ingredient not found
[2025-11-02 13:27:51] [INFO] --- New logging session started: logs\app_20251102.log ---
[2025-11-02 13:29:03] [INFO] --- New logging session started: logs\app_20251102.log ---
[2025-11-02 13:29:04] [INFO] Ingredient cache built with 167 items.
[2025-11-02 13:29:04] [INFO] Trie depth: 24
[2025-11-02 13:29:04] [INFO] Recipe cache built with 0 items.
[2025-11-02 13:29:04] [INFO] Trie depth: 0
[2025-11-02 13:29:04] [INFO] Scheduler is running: queuing task to delete_unverified_users.
[2025-11-02 13:29:04] [INFO] Scheduler is running: queuing task to start_sync_thread.
[2025-11-02 13:29:04] [INFO] Background scheduler for deleting unverified users has been started.
[2025-11-02 13:29:04] [INFO] Scheduler is running: queuing task to start_sync_thread.
[2025-11-02 13:29:04] [INFO] No unverified users to delete.
[2025-11-02 13:29:33] [INFO] --- New logging session started: logs\app_20251102.log ---
[2025-11-02 13:29:46] [ERROR] Ingredient not found: Name Baranza
[2025-11-02 13:29:46] [ERROR] Error getting ingredient by name: 404: Ingredient not found
[2025-11-02 13:30:46] [INFO] --- New logging session started: logs\app_20251102.log ---
[2025-11-02 13:35:27] [INFO] Application shutting down. Signaling scheduler to stop.
[2025-11-02 13:35:40] [INFO] --- New logging session started: logs\app_20251102.log ---
[2025-11-02 13:35:41] [INFO] Ingredient cache built with 167 items.
[2025-11-02 13:35:41] [INFO] Trie depth: 24
[2025-11-02 13:35:41] [INFO] Recipe cache built with 0 items.
[2025-11-02 13:35:41] [INFO] Trie depth: 0
[2025-11-02 13:35:41] [INFO] Scheduler is running: queuing task to delete_unverified_users.
[2025-11-02 13:35:41] [INFO] Scheduler is running: queuing task to start_sync_thread.
[2025-11-02 13:35:41] [INFO] Background scheduler for deleting unverified users has been started.
[2025-11-02 13:35:41] [INFO] Scheduler is running: queuing task to start_sync_thread.
[2025-11-02 13:35:41] [INFO] No unverified users to delete.
[2025-11-02 13:35:43] [INFO] Application shutting down. Signaling scheduler to stop.
[2025-11-02 13:35:55] [INFO] --- New logging session started: logs\app_20251102.log ---
[2025-11-02 13:35:56] [INFO] Ingredient cache built with 167 items.
[2025-11-02 13:35:56] [INFO] Trie depth: 24
[2025-11-02 13:35:56] [INFO] Recipe cache built with 0 items.
[2025-11-02 13:35:56] [INFO] Trie depth: 0
[2025-11-02 13:35:56] [INFO] Scheduler is running: queuing task to delete_unverified_users.
[2025-11-02 13:35:56] [INFO] Scheduler is running: queuing task to start_sync_thread.
[2025-11-02 13:35:56] [INFO] Scheduler is running: queuing task to start_sync_thread.
[2025-11-02 13:35:56] [INFO] Background scheduler for deleting unverified users has been started.
[2025-11-02 13:35:56] [INFO] No unverified users to delete.
[2025-11-02 13:37:11] [INFO] --- New logging session started: logs\app_20251102.log ---
[2025-11-02 13:40:43] [INFO] --- New logging session started: logs\app_20251102.log ---
[2025-11-02 13:41:32] [INFO] --- New logging session started: logs\app_20251102.log ---
[2025-11-02 13:44:27] [INFO] --- New logging session started: logs\app_20251102.log ---
[2025-11-02 13:51:32] [INFO] --- New logging session started: logs\app_20251102.log ---
[2025-11-02 13:54:52] [INFO] --- New logging session started: logs\app_20251102.log ---
[2025-11-02 13:54:53] [INFO] Ingredient cache built with 167 items.
[2025-11-02 13:54:53] [INFO] Trie depth: 24
[2025-11-02 13:54:53] [INFO] Recipe cache built with 0 items.
[2025-11-02 13:54:53] [INFO] Trie depth: 0
[2025-11-02 13:54:53] [INFO] Scheduler is running: queuing task to delete_unverified_users.
[2025-11-02 13:54:53] [INFO] Scheduler is running: queuing task to start_sync_thread.
[2025-11-02 13:54:53] [INFO] Background scheduler for deleting unverified users has been started.
[2025-11-02 13:54:53] [INFO] No unverified users to delete.
[2025-11-02 13:54:53] [INFO] Scheduler is running: queuing task to start_sync_thread.
[2025-11-02 13:55:06] [INFO] --- New logging session started: logs\app_20251102.log ---
[2025-11-02 13:55:39] [INFO] element added to cache: Tomato and cheese salad
[2025-11-02 14:00:26] [INFO] --- New logging session started: logs\app_20251102.log ---
[2025-11-02 14:00:27] [INFO] Ingredient cache built with 167 items.
[2025-11-02 14:00:27] [INFO] Trie depth: 24
[2025-11-02 14:00:27] [INFO] Recipe cache built with 1 items.
[2025-11-02 14:00:27] [INFO] Trie depth: 23
[2025-11-02 14:00:27] [INFO] Scheduler is running: queuing task to delete_unverified_users.
[2025-11-02 14:00:27] [INFO] Scheduler is running: queuing task to start_sync_thread.
[2025-11-02 14:00:27] [INFO] Scheduler is running: queuing task to start_sync_thread.
[2025-11-02 14:00:27] [INFO] Background scheduler for deleting unverified users has been started.
[2025-11-02 14:00:27] [INFO] No unverified users to delete.
[2025-11-02 14:01:00] [INFO] --- New logging session started: logs\app_20251102.log ---
[2025-11-02 14:01:01] [INFO] element added to cache: Tomato and cheese salad
[2025-11-02 14:01:23] [INFO] --- New logging session started: logs\app_20251102.log ---
[2025-11-02 14:01:24] [ERROR] Ingredient not found: Name Rossii
[2025-11-02 14:01:24] [ERROR] Error getting ingredient by name: 404: Ingredient not found
[2025-11-02 14:02:17] [INFO] --- New logging session started: logs\app_20251102.log ---
[2025-11-02 14:02:18] [ERROR] Ingredient not found: Name Rossii
[2025-11-02 14:02:18] [ERROR] Error getting ingredient by name: 404: Ingredient not found
[2025-11-02 14:02:46] [INFO] --- New logging session started: logs\app_20251102.log ---
[2025-11-02 14:02:48] [INFO] --- New logging session started: logs\app_20251102.log ---
[2025-11-02 14:02:48] [ERROR] Ingredient not found: Name Rossii
[2025-11-02 14:02:48] [ERROR] Error getting ingredient by name: 404: Ingredient not found
[2025-11-02 14:02:49] [ERROR] Ingredient not found: Name Rossii
[2025-11-02 14:02:49] [ERROR] Error getting ingredient by name: 404: Ingredient not found
[2025-11-02 14:03:25] [INFO] Application shutting down. Signaling scheduler to stop.
[2025-11-02 14:03:45] [INFO] --- New logging session started: logs\app_20251102.log ---
[2025-11-02 14:03:46] [INFO] Ingredient cache built with 167 items.
[2025-11-02 14:03:46] [INFO] Trie depth: 24
[2025-11-02 14:03:46] [INFO] Recipe cache built with 1 items.
[2025-11-02 14:03:46] [INFO] Trie depth: 23
[2025-11-02 14:03:46] [INFO] Scheduler is running: queuing task to delete_unverified_users.
[2025-11-02 14:03:46] [INFO] Scheduler is running: queuing task to start_sync_thread.
[2025-11-02 14:03:46] [INFO] Scheduler is running: queuing task to start_sync_thread.
[2025-11-02 14:03:46] [INFO] Background scheduler for deleting unverified users has been started.
[2025-11-02 14:03:46] [INFO] No unverified users to delete.
[2025-11-02 14:03:47] [INFO] --- New logging session started: logs\app_20251102.log ---
[2025-11-02 14:03:48] [ERROR] Ingredient not found: Name Rossii
[2025-11-02 14:03:48] [ERROR] Error getting ingredient by name: 404: Ingredient not found
[2025-11-02 14:05:02] [INFO] --- New logging session started: logs\app_20251102.log ---
[2025-11-02 14:05:03] [INFO] element added to cache: Tomato and carrot salad
[2025-11-02 14:06:09] [INFO] --- New logging session started: logs\app_20251102.log ---
[2025-11-02 14:06:10] [ERROR] Ingredient not found: Name Rossii
[2025-11-02 14:06:10] [ERROR] Error getting ingredient by name: 404: Ingredient not found
[2025-11-02 14:06:57] [INFO] --- New logging session started: logs\app_20251102.log ---
[2025-11-02 14:06:58] [ERROR] Cooking time and portions cannot be negative.
[2025-11-02 14:09:25] [INFO] --- New logging session started: logs\app_20251102.log ---
[2025-11-02 14:09:26] [ERROR] Cooking time and portions cannot be negative.
[2025-11-02 14:09:45] [INFO] --- New logging session started: logs\app_20251102.log ---
[2025-11-02 14:10:03] [ERROR] Cooking time and portions cannot be negative.
[2025-11-02 14:11:24] [INFO] --- New logging session started: logs\app_20251102.log ---
[2025-11-02 14:11:25] [INFO] Ingredient cache built with 167 items.
[2025-11-02 14:11:25] [INFO] Trie depth: 24
[2025-11-02 14:11:25] [INFO] Recipe cache built with 2 items.
[2025-11-02 14:11:25] [INFO] Trie depth: 23
[2025-11-02 14:11:25] [INFO] Scheduler is running: queuing task to delete_unverified_users.
[2025-11-02 14:11:25] [INFO] Scheduler is running: queuing task to start_sync_thread.
[2025-11-02 14:11:25] [INFO] Background scheduler for deleting unverified users has been started.
[2025-11-02 14:11:25] [INFO] Scheduler is running: queuing task to start_sync_thread.
[2025-11-02 14:11:25] [INFO] No unverified users to delete.
[2025-11-02 14:11:30] [INFO] --- New logging session started: logs\app_20251102.log ---
[2025-11-02 14:11:31] [ERROR] Cooking time and portions cannot be negative.
[2025-11-02 14:12:28] [INFO] --- New logging session started: logs\app_20251102.log ---
[2025-11-02 14:12:29] [ERROR] Cooking time and portions cannot be negative.
[2025-11-02 14:12:37] [INFO] --- New logging session started: logs\app_20251102.log ---
[2025-11-02 14:12:55] [INFO] --- New logging session started: logs\app_20251102.log ---
[2025-11-02 14:14:11] [INFO] --- New logging session started: logs\app_20251102.log ---
[2025-11-02 14:14:48] [INFO] --- New logging session started: logs\app_20251102.log ---
[2025-11-02 14:18:09] [INFO] --- New logging session started: logs\app_20251102.log ---
[2025-11-02 14:20:55] [INFO] --- New logging session started: logs\app_20251102.log ---
[2025-11-02 14:21:14] [INFO] --- New logging session started: logs\app_20251102.log ---
[2025-11-02 14:22:15] [INFO] Application shutting down. Signaling scheduler to stop.
[2025-11-02 14:22:21] [INFO] --- New logging session started: logs\app_20251102.log ---
[2025-11-02 14:22:21] [ERROR] Missing required recipe fields.
[2025-11-02 14:22:26] [INFO] --- New logging session started: logs\app_20251102.log ---
[2025-11-02 14:22:27] [ERROR] Attempted to create recipe without ingredients.
[2025-11-02 14:22:29] [INFO] --- New logging session started: logs\app_20251102.log ---
[2025-11-02 14:22:30] [INFO] Ingredient cache built with 167 items.
[2025-11-02 14:22:30] [INFO] Trie depth: 24
[2025-11-02 14:22:30] [INFO] Recipe cache built with 2 items.
[2025-11-02 14:22:30] [INFO] Trie depth: 23
[2025-11-02 14:22:30] [INFO] Scheduler is running: queuing task to delete_unverified_users.
[2025-11-02 14:22:30] [INFO] Scheduler is running: queuing task to start_sync_thread.
[2025-11-02 14:22:30] [INFO] Background scheduler for deleting unverified users has been started.
[2025-11-02 14:22:30] [INFO] No unverified users to delete.
[2025-11-02 14:22:30] [INFO] Scheduler is running: queuing task to start_sync_thread.
[2025-11-02 14:22:47] [INFO] --- New logging session started: logs\app_20251102.log ---
[2025-11-02 14:22:47] [ERROR] Recipe with name Tomato and cheese salad already exists
[2025-11-02 14:25:53] [INFO] --- New logging session started: logs\app_20251102.log ---
[2025-11-02 14:25:54] [INFO] Fetching recipes with name: Tomato and cheese salad updated
[2025-11-02 14:25:54] [ERROR] Recipe not found: Name Tomato and cheese salad updated
[2025-11-02 14:25:54] [ERROR] Error getting recipe by name: 404: Recipe not found
[2025-11-02 14:26:23] [INFO] --- New logging session started: logs\app_20251102.log ---
[2025-11-02 14:26:24] [INFO] Fetching recipes with name: Tomato and cheese salad
[2025-11-02 14:36:09] [INFO] Application shutting down. Signaling scheduler to stop.
[2025-11-02 14:36:21] [INFO] --- New logging session started: logs\app_20251102.log ---
[2025-11-02 14:36:22] [INFO] Ingredient cache built with 167 items.
[2025-11-02 14:36:22] [INFO] Trie depth: 24
[2025-11-02 14:36:22] [INFO] Recipe cache built with 2 items.
[2025-11-02 14:36:22] [INFO] Trie depth: 23
[2025-11-02 14:36:22] [INFO] Scheduler is running: queuing task to delete_unverified_users.
[2025-11-02 14:36:22] [INFO] Scheduler is running: queuing task to start_sync_thread.
[2025-11-02 14:36:22] [INFO] Background scheduler for deleting unverified users has been started.
[2025-11-02 14:36:22] [INFO] Scheduler is running: queuing task to start_sync_thread.
[2025-11-02 14:36:22] [INFO] No unverified users to delete.
[2025-11-02 14:36:30] [INFO] --- New logging session started: logs\app_20251102.log ---
[2025-11-02 14:36:31] [INFO] Fetching recipes with name: Tomato and cheese salad
[2025-11-02 14:37:12] [INFO] --- New logging session started: logs\app_20251102.log ---
[2025-11-02 14:37:12] [INFO] Fetching recipes with name: Tomato and cheese salad
[2025-11-02 14:37:12] [ERROR] Ingredient not found: Name cirese
[2025-11-02 14:37:12] [ERROR] Error getting ingredient by name: 404: Ingredient not found
[2025-11-02 14:37:12] [ERROR] Ingredient not found: Name cartofi
[2025-11-02 14:37:12] [ERROR] Error getting ingredient by name: 404: Ingredient not found
[2025-11-02 14:53:36] [INFO] --- New logging session started: logs\app_20251102.log ---
[2025-11-02 14:53:37] [INFO] Fetching recipes with name: Tomato and cheese salad
[2025-11-02 14:53:37] [ERROR] Ingredient not found: Name cirese
[2025-11-02 14:53:37] [ERROR] Error getting ingredient by name: 404: Ingredient not found
[2025-11-02 14:53:37] [ERROR] Ingredient not found: Name cartofi
[2025-11-02 14:53:37] [ERROR] Error getting ingredient by name: 404: Ingredient not found
[2025-11-02 14:56:26] [INFO] --- New logging session started: logs\app_20251102.log ---
[2025-11-02 14:56:28] [INFO] Fetching recipes with name: Tomato and cheese salad
[2025-11-02 14:56:28] [ERROR] Ingredient not found: Name cirese
[2025-11-02 14:56:28] [ERROR] Error getting ingredient by name: 404: Ingredient not found
[2025-11-02 14:56:28] [ERROR] Ingredient not found: Name cartofi
[2025-11-02 14:56:28] [ERROR] Error getting ingredient by name: 404: Ingredient not found
[2025-11-02 15:02:41] [INFO] Application shutting down. Signaling scheduler to stop.
[2025-11-02 15:02:54] [INFO] --- New logging session started: logs\app_20251102.log ---
[2025-11-02 15:05:43] [INFO] --- New logging session started: logs\app_20251102.log ---
[2025-11-02 15:05:44] [INFO] Ingredient cache built with 167 items.
[2025-11-02 15:05:44] [INFO] Trie depth: 24
[2025-11-02 15:05:44] [INFO] Recipe cache built with 2 items.
[2025-11-02 15:05:44] [INFO] Trie depth: 23
[2025-11-02 15:05:44] [INFO] Scheduler is running: queuing task to delete_unverified_users.
[2025-11-02 15:05:44] [INFO] Scheduler is running: queuing task to start_sync_thread.
[2025-11-02 15:05:44] [INFO] Scheduler is running: queuing task to start_sync_thread.
[2025-11-02 15:05:44] [INFO] No unverified users to delete.
[2025-11-02 15:05:44] [INFO] Background scheduler for deleting unverified users has been started.
[2025-11-02 15:06:05] [INFO] --- New logging session started: logs\app_20251102.log ---
[2025-11-02 15:06:06] [INFO] Fetching recipes with name: Tomato and cheese salad
[2025-11-02 15:06:06] [ERROR] Ingredient not found: Name cirese
[2025-11-02 15:06:06] [ERROR] Error getting ingredient by name: 404: Ingredient not found
[2025-11-02 15:06:06] [ERROR] Ingredient not found: Name cartofi
[2025-11-02 15:06:06] [ERROR] Error getting ingredient by name: 404: Ingredient not found
[2025-11-02 15:09:53] [INFO] Application shutting down. Signaling scheduler to stop.
[2025-11-02 15:10:05] [INFO] --- New logging session started: logs\app_20251102.log ---
[2025-11-02 15:10:06] [INFO] Ingredient cache built with 167 items.
[2025-11-02 15:10:06] [INFO] Trie depth: 24
[2025-11-02 15:10:06] [INFO] Recipe cache built with 2 items.
[2025-11-02 15:10:06] [INFO] Trie depth: 23
[2025-11-02 15:10:06] [INFO] Scheduler is running: queuing task to delete_unverified_users.
[2025-11-02 15:10:06] [INFO] Scheduler is running: queuing task to start_sync_thread.
[2025-11-02 15:10:06] [INFO] Background scheduler for deleting unverified users has been started.
[2025-11-02 15:10:06] [INFO] No unverified users to delete.
[2025-11-02 15:10:06] [INFO] Scheduler is running: queuing task to start_sync_thread.
[2025-11-02 15:10:08] [INFO] Application shutting down. Signaling scheduler to stop.
[2025-11-02 15:10:21] [INFO] --- New logging session started: logs\app_20251102.log ---
[2025-11-02 15:10:21] [INFO] --- New logging session started: logs\app_20251102.log ---
[2025-11-02 15:10:22] [INFO] Ingredient cache built with 167 items.
[2025-11-02 15:10:22] [INFO] Trie depth: 24
[2025-11-02 15:10:22] [INFO] Recipe cache built with 2 items.
[2025-11-02 15:10:22] [INFO] Trie depth: 23
[2025-11-02 15:10:22] [INFO] Scheduler is running: queuing task to delete_unverified_users.
[2025-11-02 15:10:22] [INFO] Scheduler is running: queuing task to start_sync_thread.
[2025-11-02 15:10:22] [INFO] Background scheduler for deleting unverified users has been started.
[2025-11-02 15:10:22] [INFO] No unverified users to delete.
[2025-11-02 15:10:22] [INFO] Scheduler is running: queuing task to start_sync_thread.
[2025-11-02 15:10:23] [INFO] Fetching recipes with name: Tomato and cheese salad
[2025-11-02 15:10:23] [ERROR] Ingredient not found: Name cirese
[2025-11-02 15:10:23] [ERROR] Error getting ingredient by name: 404: Ingredient not found
[2025-11-02 15:10:23] [ERROR] Ingredient not found: Name cartofi
[2025-11-02 15:10:23] [ERROR] Error getting ingredient by name: 404: Ingredient not found
[2025-11-02 15:11:31] [INFO] Application shutting down. Signaling scheduler to stop.
[2025-11-02 15:11:43] [INFO] --- New logging session started: logs\app_20251102.log ---
[2025-11-02 15:11:44] [INFO] Ingredient cache built with 167 items.
[2025-11-02 15:11:44] [INFO] Trie depth: 24
[2025-11-02 15:11:44] [INFO] Recipe cache built with 2 items.
[2025-11-02 15:11:44] [INFO] Trie depth: 23
[2025-11-02 15:11:45] [INFO] Scheduler is running: queuing task to delete_unverified_users.
[2025-11-02 15:11:45] [INFO] Scheduler is running: queuing task to start_sync_thread.
[2025-11-02 15:11:45] [INFO] Scheduler is running: queuing task to start_sync_thread.
[2025-11-02 15:11:45] [INFO] Background scheduler for deleting unverified users has been started.
[2025-11-02 15:11:45] [INFO] No unverified users to delete.
[2025-11-02 15:11:45] [INFO] Application shutting down. Signaling scheduler to stop.
[2025-11-02 15:11:54] [INFO] --- New logging session started: logs\app_20251102.log ---
[2025-11-02 15:11:56] [INFO] Fetching recipes with name: Tomato and cheese salad
[2025-11-02 15:11:56] [ERROR] Ingredient not found: Name cirese
[2025-11-02 15:11:56] [ERROR] Error getting ingredient by name: 404: Ingredient not found
[2025-11-02 15:11:56] [ERROR] Ingredient not found: Name cartofi
[2025-11-02 15:11:56] [ERROR] Error getting ingredient by name: 404: Ingredient not found
[2025-11-02 15:11:57] [INFO] --- New logging session started: logs\app_20251102.log ---
[2025-11-02 15:11:58] [INFO] Ingredient cache built with 167 items.
[2025-11-02 15:11:58] [INFO] Trie depth: 24
[2025-11-02 15:11:58] [INFO] Recipe cache built with 2 items.
[2025-11-02 15:11:58] [INFO] Trie depth: 23
[2025-11-02 15:11:58] [INFO] Scheduler is running: queuing task to delete_unverified_users.
[2025-11-02 15:11:58] [INFO] Scheduler is running: queuing task to start_sync_thread.
[2025-11-02 15:11:58] [INFO] Scheduler is running: queuing task to start_sync_thread.
[2025-11-02 15:11:58] [INFO] Background scheduler for deleting unverified users has been started.
[2025-11-02 15:11:58] [INFO] No unverified users to delete.
[2025-11-02 16:11:58] [INFO] Scheduler is running: queuing task to start_sync_thread.
[2025-11-02 16:11:58] [INFO] Scheduler is running: queuing task to start_sync_thread.
[2025-11-02 16:27:30] [INFO] Application shutting down. Signaling scheduler to stop.
[2025-11-02 16:27:42] [INFO] --- New logging session started: logs\app_20251102.log ---
[2025-11-02 16:27:43] [INFO] Ingredient cache built with 167 items.
[2025-11-02 16:27:43] [INFO] Trie depth: 24
[2025-11-02 16:27:43] [INFO] Recipe cache built with 2 items.
[2025-11-02 16:27:43] [INFO] Trie depth: 23
[2025-11-02 16:27:43] [INFO] Scheduler is running: queuing task to delete_unverified_users.
[2025-11-02 16:27:43] [INFO] Scheduler is running: queuing task to start_sync_thread.
[2025-11-02 16:27:43] [INFO] Scheduler is running: queuing task to start_sync_thread.
[2025-11-02 16:27:43] [INFO] Background scheduler for deleting unverified users has been started.
[2025-11-02 16:27:43] [INFO] No unverified users to delete.
[2025-11-02 16:28:48] [INFO] Application shutting down. Signaling scheduler to stop.
[2025-11-02 16:29:00] [INFO] --- New logging session started: logs\app_20251102.log ---
[2025-11-02 16:29:01] [INFO] Ingredient cache built with 167 items.
[2025-11-02 16:29:01] [INFO] Trie depth: 24
[2025-11-02 16:29:01] [INFO] Recipe cache built with 2 items.
[2025-11-02 16:29:01] [INFO] Trie depth: 23
[2025-11-02 16:29:01] [INFO] Scheduler is running: queuing task to delete_unverified_users.
[2025-11-02 16:29:01] [INFO] Scheduler is running: queuing task to start_sync_thread.
[2025-11-02 16:29:01] [INFO] Scheduler is running: queuing task to start_sync_thread.
[2025-11-02 16:29:01] [INFO] Background scheduler for deleting unverified users has been started.
[2025-11-02 16:29:01] [INFO] No unverified users to delete.
[2025-11-02 16:29:18] [INFO] Application shutting down. Signaling scheduler to stop.
[2025-11-02 16:29:30] [INFO] --- New logging session started: logs\app_20251102.log ---
[2025-11-02 16:29:31] [INFO] Ingredient cache built with 167 items.
[2025-11-02 16:29:31] [INFO] Trie depth: 24
[2025-11-02 16:29:31] [INFO] Recipe cache built with 2 items.
[2025-11-02 16:29:31] [INFO] Trie depth: 23
[2025-11-02 16:29:31] [INFO] Scheduler is running: queuing task to delete_unverified_users.
[2025-11-02 16:29:31] [INFO] Scheduler is running: queuing task to start_sync_thread.
[2025-11-02 16:29:31] [INFO] Scheduler is running: queuing task to start_sync_thread.
[2025-11-02 16:29:31] [INFO] Background scheduler for deleting unverified users has been started.
[2025-11-02 16:29:31] [INFO] No unverified users to delete.
[2025-11-02 16:29:59] [INFO] Application shutting down. Signaling scheduler to stop.
[2025-11-02 16:30:10] [INFO] --- New logging session started: logs\app_20251102.log ---
[2025-11-02 16:30:11] [INFO] Ingredient cache built with 167 items.
[2025-11-02 16:30:11] [INFO] Trie depth: 24
[2025-11-02 16:30:11] [INFO] Recipe cache built with 2 items.
[2025-11-02 16:30:11] [INFO] Trie depth: 23
[2025-11-02 16:30:11] [INFO] Scheduler is running: queuing task to delete_unverified_users.
[2025-11-02 16:30:11] [INFO] Scheduler is running: queuing task to start_sync_thread.
[2025-11-02 16:30:11] [INFO] Scheduler is running: queuing task to start_sync_thread.
[2025-11-02 16:30:11] [INFO] Background scheduler for deleting unverified users has been started.
[2025-11-02 16:30:11] [INFO] No unverified users to delete.
[2025-11-02 16:31:05] [INFO] Application shutting down. Signaling scheduler to stop.
[2025-11-02 16:31:18] [INFO] --- New logging session started: logs\app_20251102.log ---
[2025-11-02 16:31:18] [INFO] Ingredient cache built with 167 items.
[2025-11-02 16:31:18] [INFO] Trie depth: 24
[2025-11-02 16:31:18] [INFO] Recipe cache built with 2 items.
[2025-11-02 16:31:18] [INFO] Trie depth: 23
[2025-11-02 16:31:18] [INFO] Scheduler is running: queuing task to delete_unverified_users.
[2025-11-02 16:31:18] [INFO] Scheduler is running: queuing task to start_sync_thread.
[2025-11-02 16:31:18] [INFO] Background scheduler for deleting unverified users has been started.
[2025-11-02 16:31:18] [INFO] Scheduler is running: queuing task to start_sync_thread.
[2025-11-02 16:31:18] [INFO] No unverified users to delete.
[2025-11-02 16:31:18] [INFO] Application shutting down. Signaling scheduler to stop.
[2025-11-02 16:31:31] [INFO] --- New logging session started: logs\app_20251102.log ---
[2025-11-02 16:31:32] [INFO] Ingredient cache built with 167 items.
[2025-11-02 16:31:32] [INFO] Trie depth: 24
[2025-11-02 16:31:32] [INFO] Recipe cache built with 2 items.
[2025-11-02 16:31:32] [INFO] Trie depth: 23
[2025-11-02 16:31:32] [INFO] Scheduler is running: queuing task to delete_unverified_users.
[2025-11-02 16:31:32] [INFO] Scheduler is running: queuing task to start_sync_thread.
[2025-11-02 16:31:32] [INFO] Scheduler is running: queuing task to start_sync_thread.
[2025-11-02 16:31:32] [INFO] Background scheduler for deleting unverified users has been started.
[2025-11-02 16:31:32] [INFO] No unverified users to delete.
[2025-11-02 16:32:57] [INFO] Application shutting down. Signaling scheduler to stop.
[2025-11-02 16:33:09] [INFO] --- New logging session started: logs\app_20251102.log ---
[2025-11-02 16:33:09] [INFO] Ingredient cache built with 167 items.
[2025-11-02 16:33:09] [INFO] Trie depth: 24
[2025-11-02 16:33:09] [INFO] Recipe cache built with 2 items.
[2025-11-02 16:33:09] [INFO] Trie depth: 23
[2025-11-02 16:33:10] [INFO] Scheduler is running: queuing task to delete_unverified_users.
[2025-11-02 16:33:10] [INFO] Scheduler is running: queuing task to start_sync_thread.
[2025-11-02 16:33:10] [INFO] Scheduler is running: queuing task to start_sync_thread.
[2025-11-02 16:33:10] [INFO] Background scheduler for deleting unverified users has been started.
[2025-11-02 16:33:10] [INFO] No unverified users to delete.
[2025-11-02 16:39:52] [INFO] Application shutting down. Signaling scheduler to stop.
[2025-11-02 16:40:04] [INFO] --- New logging session started: logs\app_20251102.log ---
[2025-11-02 16:40:05] [INFO] Ingredient cache built with 167 items.
[2025-11-02 16:40:05] [INFO] Trie depth: 24
[2025-11-02 16:40:05] [INFO] Recipe cache built with 2 items.
[2025-11-02 16:40:05] [INFO] Trie depth: 23
[2025-11-02 16:40:05] [INFO] Scheduler is running: queuing task to delete_unverified_users.
[2025-11-02 16:40:05] [INFO] Scheduler is running: queuing task to start_sync_thread.
[2025-11-02 16:40:05] [INFO] Scheduler is running: queuing task to start_sync_thread.
[2025-11-02 16:40:05] [INFO] Background scheduler for deleting unverified users has been started.
[2025-11-02 16:40:05] [INFO] No unverified users to delete.
[2025-11-02 16:40:31] [INFO] --- New logging session started: logs\app_20251102.log ---
[2025-11-02 16:40:32] [INFO] Fetching recipes with name: Tomato and cheese salad
[2025-11-02 16:40:32] [ERROR] Ingredient not found: Name cirese
[2025-11-02 16:40:32] [ERROR] Error getting ingredient by name: 404: Ingredient not found
[2025-11-02 16:40:32] [ERROR] Ingredient not found: Name cartofi
[2025-11-02 16:40:32] [ERROR] Error getting ingredient by name: 404: Ingredient not found
[2025-11-02 16:48:50] [INFO] --- New logging session started: logs\app_20251102.log ---
[2025-11-02 16:48:51] [INFO] Fetching recipes with name: Tomato and cheese salad
[2025-11-02 16:48:51] [ERROR] Ingredient not found: Name cirese
[2025-11-02 16:48:51] [ERROR] Error getting ingredient by name: 404: Ingredient not found
[2025-11-02 16:48:51] [ERROR] Ingredient not found: Name cartofi
[2025-11-02 16:48:51] [ERROR] Error getting ingredient by name: 404: Ingredient not found
[2025-11-02 16:59:00] [INFO] Application shutting down. Signaling scheduler to stop.
[2025-11-02 16:59:11] [INFO] --- New logging session started: logs\app_20251102.log ---
[2025-11-02 16:59:12] [INFO] Ingredient cache built with 167 items.
[2025-11-02 16:59:12] [INFO] Trie depth: 24
[2025-11-02 16:59:12] [INFO] Recipe cache built with 2 items.
[2025-11-02 16:59:12] [INFO] Trie depth: 23
[2025-11-02 16:59:12] [INFO] Scheduler is running: queuing task to delete_unverified_users.
[2025-11-02 16:59:12] [INFO] Scheduler is running: queuing task to start_sync_thread.
[2025-11-02 16:59:12] [INFO] Scheduler is running: queuing task to start_sync_thread.
[2025-11-02 16:59:12] [INFO] No unverified users to delete.
[2025-11-02 16:59:12] [INFO] Background scheduler for deleting unverified users has been started.
[2025-11-02 17:03:08] [INFO] --- New logging session started: logs\app_20251102.log ---
[2025-11-02 17:03:09] [INFO] Fetching recipes with name: Tomato and cheese salad
[2025-11-02 17:03:09] [ERROR] Ingredient not found: Name cirese
[2025-11-02 17:03:09] [ERROR] Error getting ingredient by name: 404: Ingredient not found
[2025-11-02 17:03:09] [ERROR] Ingredient not found: Name cartofi
[2025-11-02 17:03:09] [ERROR] Error getting ingredient by name: 404: Ingredient not found
[2025-11-02 17:09:05] [INFO] --- New logging session started: logs\app_20251102.log ---
[2025-11-02 17:09:06] [INFO] Fetching recipes with name: Tomato and cheese salad
[2025-11-02 17:09:06] [ERROR] Ingredient not found: Name cirese
[2025-11-02 17:09:06] [ERROR] Error getting ingredient by name: 404: Ingredient not found
[2025-11-02 17:09:06] [ERROR] Ingredient not found: Name cartofi
[2025-11-02 17:09:06] [ERROR] Error getting ingredient by name: 404: Ingredient not found
[2025-11-02 17:14:18] [INFO] Application shutting down. Signaling scheduler to stop.
[2025-11-02 17:14:30] [INFO] --- New logging session started: logs\app_20251102.log ---
[2025-11-02 17:14:31] [INFO] Ingredient cache built with 167 items.
[2025-11-02 17:14:31] [INFO] Trie depth: 24
[2025-11-02 17:14:31] [INFO] Recipe cache built with 2 items.
[2025-11-02 17:14:31] [INFO] Trie depth: 23
[2025-11-02 17:14:31] [INFO] Scheduler is running: queuing task to delete_unverified_users.
[2025-11-02 17:14:31] [INFO] Scheduler is running: queuing task to start_sync_thread.
[2025-11-02 17:14:31] [INFO] Scheduler is running: queuing task to start_sync_thread.
[2025-11-02 17:14:31] [INFO] No unverified users to delete.
[2025-11-02 17:14:31] [INFO] Background scheduler for deleting unverified users has been started.
[2025-11-02 17:15:48] [INFO] Application shutting down. Signaling scheduler to stop.
[2025-11-02 17:16:00] [INFO] --- New logging session started: logs\app_20251102.log ---
[2025-11-02 17:16:01] [INFO] Ingredient cache built with 167 items.
[2025-11-02 17:16:01] [INFO] Trie depth: 24
[2025-11-02 17:16:01] [INFO] Recipe cache built with 2 items.
[2025-11-02 17:16:01] [INFO] Trie depth: 23
[2025-11-02 17:16:01] [INFO] Scheduler is running: queuing task to delete_unverified_users.
[2025-11-02 17:16:01] [INFO] Scheduler is running: queuing task to start_sync_thread.
[2025-11-02 17:16:01] [INFO] Scheduler is running: queuing task to start_sync_thread.
[2025-11-02 17:16:01] [INFO] Background scheduler for deleting unverified users has been started.
[2025-11-02 17:16:01] [INFO] No unverified users to delete.
[2025-11-02 17:16:07] [INFO] Application shutting down. Signaling scheduler to stop.
[2025-11-02 17:16:19] [INFO] --- New logging session started: logs\app_20251102.log ---
[2025-11-02 17:16:20] [INFO] Ingredient cache built with 167 items.
[2025-11-02 17:16:20] [INFO] Trie depth: 24
[2025-11-02 17:16:20] [INFO] Recipe cache built with 2 items.
[2025-11-02 17:16:20] [INFO] Trie depth: 23
[2025-11-02 17:16:20] [INFO] Scheduler is running: queuing task to delete_unverified_users.
[2025-11-02 17:16:20] [INFO] Scheduler is running: queuing task to start_sync_thread.
[2025-11-02 17:16:20] [INFO] Scheduler is running: queuing task to start_sync_thread.
[2025-11-02 17:16:20] [INFO] Background scheduler for deleting unverified users has been started.
[2025-11-02 17:16:20] [INFO] No unverified users to delete.
[2025-11-02 17:17:29] [INFO] --- New logging session started: logs\app_20251102.log ---
[2025-11-02 17:17:31] [INFO] Fetching recipes with name: Tomato and cheese salad
[2025-11-02 17:17:57] [INFO] Fetching recipe with ID: 1
[2025-11-02 17:17:57] [ERROR] Error updating recipe ID 1: 'dict' object has no attribute '_sa_instance_state'
[2025-11-02 17:17:57] [ERROR] Error editing recipe 1: 400: 1 validation error for RecipeSummary
  Input should be a valid dictionary or object to extract fields from [type=model_attributes_type, input_value=False, input_type=bool]
    For further information visit https://errors.pydantic.dev/2.11/v/model_attributes_type
[2025-11-02 17:26:21] [INFO] --- New logging session started: logs\app_20251102.log ---
[2025-11-02 17:26:23] [INFO] Fetching recipes with name: Tomato and cheese salad
[2025-11-02 17:26:39] [INFO] Fetching recipe with ID: 1
[2025-11-02 17:26:39] [ERROR] Error updating recipe ID 1: 'dict' object has no attribute '_sa_instance_state'
[2025-11-02 17:26:39] [ERROR] Error editing recipe 1: 400: 1 validation error for RecipeSummary
  Input should be a valid dictionary or object to extract fields from [type=model_attributes_type, input_value=False, input_type=bool]
    For further information visit https://errors.pydantic.dev/2.11/v/model_attributes_type
[2025-11-02 17:44:43] [INFO] --- New logging session started: logs\app_20251102.log ---
[2025-11-02 17:44:44] [INFO] Ingredient cache built with 167 items.
[2025-11-02 17:44:44] [INFO] Trie depth: 24
[2025-11-02 17:44:44] [INFO] Recipe cache built with 2 items.
[2025-11-02 17:44:44] [INFO] Trie depth: 23
[2025-11-02 17:44:44] [INFO] Scheduler is running: queuing task to delete_unverified_users.
[2025-11-02 17:44:44] [INFO] Scheduler is running: queuing task to start_sync_thread.
[2025-11-02 17:44:44] [INFO] Scheduler is running: queuing task to start_sync_thread.
[2025-11-02 17:44:44] [INFO] Background scheduler for deleting unverified users has been started.
[2025-11-02 17:44:44] [INFO] No unverified users to delete.
[2025-11-02 17:45:39] [INFO] --- New logging session started: logs\app_20251102.log ---
[2025-11-02 17:45:41] [INFO] Fetching recipes with name: Tomato and cheese salad
[2025-11-02 17:46:04] [INFO] Fetching recipe with ID: 1
[2025-11-02 17:46:35] [ERROR] Error updating recipe ID 1: 'dict' object has no attribute '_sa_instance_state'
[2025-11-02 17:46:35] [ERROR] Error editing recipe 1: 400: 1 validation error for RecipeSummary
  Input should be a valid dictionary or object to extract fields from [type=model_attributes_type, input_value=False, input_type=bool]
    For further information visit https://errors.pydantic.dev/2.11/v/model_attributes_type
[2025-11-02 17:47:50] [INFO] --- New logging session started: logs\app_20251102.log ---
[2025-11-02 17:47:51] [INFO] --- New logging session started: logs\app_20251102.log ---
[2025-11-02 17:47:51] [INFO] Ingredient cache built with 167 items.
[2025-11-02 17:47:51] [INFO] Trie depth: 24
[2025-11-02 17:47:51] [INFO] Recipe cache built with 2 items.
[2025-11-02 17:47:51] [INFO] Trie depth: 23
[2025-11-02 17:47:51] [INFO] Scheduler is running: queuing task to delete_unverified_users.
[2025-11-02 17:47:51] [INFO] Scheduler is running: queuing task to start_sync_thread.
[2025-11-02 17:47:51] [INFO] Scheduler is running: queuing task to start_sync_thread.
[2025-11-02 17:47:51] [INFO] Background scheduler for deleting unverified users has been started.
[2025-11-02 17:47:51] [INFO] No unverified users to delete.
[2025-11-02 17:47:52] [INFO] Fetching recipes with name: Tomato and cheese salad
[2025-11-02 17:48:10] [INFO] Fetching recipe with ID: 1
[2025-11-02 17:50:11] [ERROR] Error updating recipe ID 1: 'dict' object has no attribute '_sa_instance_state'
[2025-11-02 17:50:11] [ERROR] Error editing recipe 1: 400: 1 validation error for RecipeSummary
  Input should be a valid dictionary or object to extract fields from [type=model_attributes_type, input_value=False, input_type=bool]
    For further information visit https://errors.pydantic.dev/2.11/v/model_attributes_type
[2025-11-02 17:54:30] [INFO] --- New logging session started: logs\app_20251102.log ---
[2025-11-02 17:54:30] [INFO] Fetching recipes with name: Cirese si cartofi
[2025-11-02 17:54:30] [ERROR] Recipe not found: Name Cirese si cartofi
[2025-11-02 17:54:30] [ERROR] Error getting recipe by name: 404: Recipe not found
[2025-11-02 17:54:52] [INFO] --- New logging session started: logs\app_20251102.log ---
[2025-11-02 17:54:53] [INFO] element added to cache: ompleta cu legume
[2025-11-02 17:54:53] [INFO] element added to cache: Salată de Quinoa cu Legume
[2025-11-02 17:54:53] [INFO] element added to cache: Supă Cremă de Dovleac
[2025-11-02 17:54:54] [INFO] element added to cache: Paste Carbonara
[2025-11-02 17:54:54] [INFO] element added to cache: Ciorbă de burtă
[2025-11-02 17:54:54] [INFO] element added to cache: Sarmale în foi de varză
[2025-11-02 17:54:55] [INFO] element added to cache: Pizza Margherita
[2025-11-02 17:54:55] [INFO] element added to cache: Salată Caesar
[2025-11-02 17:54:55] [INFO] element added to cache: Tocăniță de vită cu legume
[2025-11-02 17:54:56] [INFO] element added to cache: Clătite cu gem
[2025-11-02 17:54:56] [INFO] element added to cache: Supă de pui cu tăiței
[2025-11-02 17:54:56] [INFO] element added to cache: Mămăligă cu brânză și smântână
[2025-11-02 17:54:57] [INFO] element added to cache: Chiftele de dovlecei
[2025-11-02 17:54:57] [INFO] element added to cache: Lasagna
[2025-11-02 17:54:57] [INFO] element added to cache: Burger de vită
[2025-11-02 17:54:57] [INFO] element added to cache: Shakshuka
[2025-11-02 17:54:58] [INFO] element added to cache: Tiramisu
[2025-11-02 17:54:58] [INFO] element added to cache: Guacamole
[2025-11-02 17:54:59] [INFO] element added to cache: Pui la cuptor cu cartofi
[2025-11-02 17:54:59] [INFO] element added to cache: Cheesecake
[2025-11-02 17:54:59] [INFO] element added to cache: Ciorbă de legume
[2025-11-02 17:55:00] [INFO] element added to cache: Sushi
[2025-11-02 17:55:00] [INFO] element added to cache: Falafel
[2025-11-02 17:55:00] [INFO] element added to cache: Papanași
[2025-11-02 17:55:00] [INFO] element added to cache: Chili con carne
[2025-11-02 17:55:01] [INFO] element added to cache: Minestrone
[2025-11-02 17:55:01] [INFO] element added to cache: Ratatouille
[2025-11-02 17:55:01] [INFO] element added to cache: Paella
[2025-11-02 17:55:02] [INFO] element added to cache: Shawarma de pui
[2025-11-02 17:55:02] [INFO] element added to cache: Quesadilla
[2025-11-02 17:55:02] [INFO] element added to cache: Curry de pui
[2025-11-02 17:55:03] [INFO] element added to cache: Crepes Suzette
[2025-11-02 17:55:03] [INFO] element added to cache: Pavlova
[2025-11-02 17:55:03] [INFO] element added to cache: Gulaș unguresc
[2025-11-02 17:55:04] [INFO] element added to cache: Moussaka
[2025-11-02 17:55:04] [INFO] element added to cache: Pasta Pesto
[2025-11-02 17:55:05] [INFO] element added to cache: Gazpacho
[2025-11-02 17:55:05] [INFO] element added to cache: Fish and Chips
[2025-11-02 17:55:05] [INFO] element added to cache: Pui Kung Pao
[2025-11-02 17:55:06] [INFO] element added to cache: Baklava
[2025-11-02 17:55:06] [INFO] element added to cache: Ramen
[2025-11-02 17:55:06] [INFO] element added to cache: Tacos
[2025-11-02 17:55:07] [INFO] element added to cache: Brownie
[2025-11-02 17:55:07] [INFO] element added to cache: Tabbouleh
[2025-11-02 17:55:07] [INFO] element added to cache: Pancakes americane
[2025-11-02 17:55:08] [INFO] element added to cache: Eggs Benedict
[2025-11-02 17:55:08] [INFO] element added to cache: Croque Monsieur
[2025-11-02 17:55:08] [INFO] element added to cache: Shakshuka Verde
[2025-11-02 17:55:09] [INFO] element added to cache: Huevos Rancheros
[2025-11-02 17:55:09] [INFO] element added to cache: Granola cu iaurt și fructe
[2025-11-02 17:55:09] [INFO] element added to cache: Supă de roșii
[2025-11-02 17:55:10] [INFO] element added to cache: Supă de linte
[2025-11-02 17:55:10] [INFO] element added to cache: Supă de pește
[2025-11-02 17:55:10] [INFO] element added to cache: Salată grecească
[2025-11-02 17:55:11] [INFO] element added to cache: Salată Nicoise
[2025-11-02 17:55:11] [INFO] element added to cache: Salată Caprese
[2025-11-02 17:55:11] [INFO] element added to cache: Frittata cu spanac
[2025-11-02 17:55:12] [INFO] element added to cache: Couscous cu legume
[2025-11-02 17:55:12] [INFO] element added to cache: Tortilla spaniolă
[2025-11-02 17:55:12] [INFO] element added to cache: Pasta Arrabbiata
[2025-11-02 17:55:13] [INFO] element added to cache: Pizza Quattro Stagioni
[2025-11-02 17:55:13] [INFO] element added to cache: Risotto cu ciuperci
[2025-11-02 17:55:13] [INFO] element added to cache: Polenta cu ciuperci
[2025-11-02 17:55:14] [INFO] element added to cache: Coq au vin
[2025-11-02 17:55:14] [INFO] element added to cache: Bouillabaisse
[2025-11-02 17:55:14] [INFO] element added to cache: Ceviche
[2025-11-02 17:55:14] [INFO] element added to cache: Empanadas
[2025-11-02 17:55:15] [INFO] element added to cache: Gyoza
[2025-11-02 17:55:15] [INFO] element added to cache: Onigiri
[2025-11-02 17:55:16] [INFO] element added to cache: Kimchi
[2025-11-02 17:55:16] [INFO] element added to cache: Pho
[2025-11-02 17:55:16] [INFO] element added to cache: Pad Thai
[2025-11-02 17:55:17] [INFO] element added to cache: Tom Yum
[2025-11-02 17:55:17] [INFO] element added to cache: Pav Bhaji
[2025-11-02 17:55:17] [INFO] element added to cache: Dal Tadka
[2025-11-02 17:55:18] [INFO] element added to cache: Gulab Jamun
[2025-11-02 17:55:18] [INFO] element added to cache: Profiterol
[2025-11-02 17:55:19] [INFO] element added to cache: Panna Cotta
[2025-11-02 17:55:19] [INFO] element added to cache: Cannoli
[2025-11-02 17:55:19] [INFO] element added to cache: Churros
[2025-11-02 17:55:20] [INFO] element added to cache: Banoffee Pie
[2025-11-02 17:55:20] [INFO] element added to cache: Mac and Cheese
[2025-11-02 17:55:20] [INFO] element added to cache: Chicken Tikka Masala
[2025-11-02 17:55:21] [INFO] element added to cache: Burrito
[2025-11-02 17:55:21] [INFO] element added to cache: Hot Dog
[2025-11-02 17:55:22] [INFO] element added to cache: Cobb Salad
[2025-11-02 17:55:22] [INFO] element added to cache: Shish Kebab
[2025-11-02 17:55:22] [INFO] element added to cache: Egg Fried Rice
[2025-11-02 17:55:23] [INFO] element added to cache: French Toast
[2025-11-02 17:55:23] [INFO] element added to cache: Caesar Wrap
[2025-11-02 17:55:23] [INFO] element added to cache: Pulled Pork Sandwich
[2025-11-02 17:55:24] [INFO] element added to cache: Pho Bo
[2025-11-02 17:55:24] [INFO] element added to cache: Boeuf Bourguignon
[2025-11-02 17:55:25] [INFO] element added to cache: Chicken Noodle Soup
[2025-11-02 17:55:25] [INFO] element added to cache: Eggplant Parmesan
[2025-11-02 17:55:25] [INFO] element added to cache: Chicken Qorma
[2025-11-02 17:55:26] [INFO] element added to cache: Fish Tacos
[2025-11-02 17:55:26] [INFO] element added to cache: Chicken Satay
[2025-11-02 17:55:26] [INFO] element added to cache: Beef Stroganoff
[2025-11-02 17:55:27] [INFO] element added to cache: Peking Duck
[2025-11-02 17:55:27] [INFO] element added to cache: Lobster Bisque
[2025-11-02 17:55:28] [INFO] element added to cache: Chicken Enchiladas
[2025-11-02 17:55:28] [INFO] element added to cache: Gnocchi cu sos de roșii
[2025-11-02 17:55:28] [INFO] element added to cache: Pastrami Sandwich
[2025-11-02 17:55:29] [INFO] element added to cache: Miso Soup
[2025-11-02 17:55:29] [INFO] element added to cache: Cacciucco
[2025-11-02 17:55:30] [INFO] element added to cache: Okonomiyaki
[2025-11-02 17:55:30] [INFO] element added to cache: Katsu Curry
[2025-11-02 17:55:30] [INFO] element added to cache: Baba Ganoush
[2025-11-02 17:55:31] [INFO] element added to cache: Pasta Alfredo
[2025-11-02 17:55:31] [INFO] element added to cache: Chicken Kiev
[2025-11-02 17:55:31] [INFO] element added to cache: Spanakopita
[2025-11-02 17:55:32] [INFO] element added to cache: Pav Bhaji Dosa
[2025-11-02 17:55:32] [INFO] element added to cache: Pumpkin Pie
[2025-11-02 17:55:33] [INFO] element added to cache: Apple Crumble
[2025-11-02 17:55:33] [INFO] element added to cache: Lemon Tart
