[2026-03-05 17:20:24] [INFO] --- New logging session started: logs\app_20260305.log ---
[2026-03-05 17:20:27] [INFO] Ingredient cache built with 168 items.
[2026-03-05 17:20:27] [INFO] Trie depth: 24
[2026-03-05 17:20:27] [INFO] Recipe cache built with 117 items.
[2026-03-05 17:20:27] [INFO] Trie depth: 30
[2026-03-05 17:20:27] [INFO] Scheduler is running: queuing task to delete_unverified_users.
[2026-03-05 17:20:27] [INFO] Scheduler is running: queuing task to start_sync_thread.
[2026-03-05 17:20:27] [INFO] Background scheduler for deleting unverified users has been started.
[2026-03-05 17:20:27] [INFO] Scheduler is running: queuing task to start_sync_thread.
[2026-03-05 17:20:27] [INFO] No unverified users to delete.
[2026-03-05 17:22:27] [INFO] Scheduler is running: queuing task to start_sync_thread.
[2026-03-05 17:22:27] [INFO] Scheduler is running: queuing task to start_sync_thread.
[2026-03-05 17:23:27] [INFO] Scheduler is running: queuing task to delete_unverified_users.
[2026-03-05 17:23:27] [INFO] No unverified users to delete.
[2026-03-05 17:24:27] [INFO] Scheduler is running: queuing task to start_sync_thread.
[2026-03-05 17:24:27] [INFO] Scheduler is running: queuing task to start_sync_thread.
[2026-03-05 17:25:02] [INFO] --- New logging session started: logs\app_20260305.log ---
[2026-03-05 17:25:04] [INFO] User created: user100
[2026-03-05 17:26:00] [INFO] Application shutting down. Signaling scheduler to stop.
[2026-03-05 17:26:01] [INFO] --- New logging session started: logs\app_20260305.log ---
[2026-03-05 17:26:01] [INFO] Ingredient cache built with 168 items.
[2026-03-05 17:26:01] [INFO] Trie depth: 24
[2026-03-05 17:26:01] [INFO] Recipe cache built with 117 items.
[2026-03-05 17:26:01] [INFO] Trie depth: 30
[2026-03-05 17:26:01] [INFO] Scheduler is running: queuing task to delete_unverified_users.
[2026-03-05 17:26:01] [INFO] Scheduler is running: queuing task to start_sync_thread.
[2026-03-05 17:26:01] [INFO] No unverified users to delete.
[2026-03-05 17:26:01] [INFO] Scheduler is running: queuing task to start_sync_thread.
[2026-03-05 17:26:01] [INFO] Background scheduler for deleting unverified users has been started.
[2026-03-05 17:27:58] [INFO] User created: userplm
[2026-03-05 17:28:01] [INFO] Scheduler is running: queuing task to start_sync_thread.
[2026-03-05 17:28:01] [INFO] Scheduler is running: queuing task to start_sync_thread.
[2026-03-05 17:29:01] [INFO] Scheduler is running: queuing task to delete_unverified_users.
[2026-03-05 17:29:01] [INFO] No unverified users to delete.
[2026-03-05 17:30:01] [INFO] Scheduler is running: queuing task to start_sync_thread.
[2026-03-05 17:30:01] [INFO] Scheduler is running: queuing task to start_sync_thread.
[2026-03-05 17:32:01] [INFO] Scheduler is running: queuing task to delete_unverified_users.
[2026-03-05 17:32:01] [INFO] No unverified users to delete.
[2026-03-05 17:32:01] [INFO] Scheduler is running: queuing task to start_sync_thread.
[2026-03-05 17:32:01] [INFO] Scheduler is running: queuing task to start_sync_thread.
[2026-03-05 17:34:01] [INFO] Scheduler is running: queuing task to start_sync_thread.
[2026-03-05 17:34:01] [INFO] Scheduler is running: queuing task to start_sync_thread.
[2026-03-05 17:35:01] [INFO] Scheduler is running: queuing task to delete_unverified_users.
[2026-03-05 17:35:01] [INFO] No unverified users to delete.
[2026-03-05 17:36:01] [INFO] Scheduler is running: queuing task to start_sync_thread.
[2026-03-05 17:36:01] [INFO] Scheduler is running: queuing task to start_sync_thread.
[2026-03-05 17:38:01] [INFO] Scheduler is running: queuing task to delete_unverified_users.
[2026-03-05 17:38:01] [INFO] No unverified users to delete.
[2026-03-05 17:38:01] [INFO] Scheduler is running: queuing task to start_sync_thread.
[2026-03-05 17:38:01] [INFO] Scheduler is running: queuing task to start_sync_thread.
[2026-03-05 17:40:01] [INFO] Scheduler is running: queuing task to start_sync_thread.
[2026-03-05 17:40:01] [INFO] Scheduler is running: queuing task to start_sync_thread.
[2026-03-05 17:41:01] [INFO] Scheduler is running: queuing task to delete_unverified_users.
[2026-03-05 17:41:01] [INFO] Deleting unverified user: string@gmail.com
[2026-03-05 17:42:01] [INFO] Scheduler is running: queuing task to start_sync_thread.
[2026-03-05 17:42:01] [INFO] Scheduler is running: queuing task to start_sync_thread.
[2026-03-05 17:44:01] [INFO] Scheduler is running: queuing task to delete_unverified_users.
[2026-03-05 17:44:01] [INFO] No unverified users to delete.
[2026-03-05 17:44:01] [INFO] Scheduler is running: queuing task to start_sync_thread.
[2026-03-05 17:44:01] [INFO] Scheduler is running: queuing task to start_sync_thread.
[2026-03-05 17:46:01] [INFO] Scheduler is running: queuing task to start_sync_thread.
[2026-03-05 17:46:01] [INFO] Scheduler is running: queuing task to start_sync_thread.
[2026-03-05 17:47:01] [INFO] Scheduler is running: queuing task to delete_unverified_users.
[2026-03-05 17:47:01] [INFO] No unverified users to delete.
[2026-03-05 17:48:01] [INFO] Scheduler is running: queuing task to start_sync_thread.
[2026-03-05 17:48:01] [INFO] Scheduler is running: queuing task to start_sync_thread.
[2026-03-05 17:50:01] [INFO] Scheduler is running: queuing task to delete_unverified_users.
[2026-03-05 17:50:01] [INFO] No unverified users to delete.
[2026-03-05 17:50:01] [INFO] Scheduler is running: queuing task to start_sync_thread.
[2026-03-05 17:50:01] [INFO] Scheduler is running: queuing task to start_sync_thread.
[2026-03-05 17:52:01] [INFO] Scheduler is running: queuing task to start_sync_thread.
[2026-03-05 17:52:01] [INFO] Scheduler is running: queuing task to start_sync_thread.
[2026-03-05 17:53:01] [INFO] Scheduler is running: queuing task to delete_unverified_users.
[2026-03-05 17:53:01] [INFO] No unverified users to delete.
[2026-03-05 17:54:01] [INFO] Scheduler is running: queuing task to start_sync_thread.
[2026-03-05 17:54:01] [INFO] Scheduler is running: queuing task to start_sync_thread.
[2026-03-05 18:18:09] [INFO] --- New logging session started: logs\app_20260305.log ---
[2026-03-05 18:18:11] [INFO] Ingredient cache built with 168 items.
[2026-03-05 18:18:11] [INFO] Trie depth: 24
[2026-03-05 18:18:11] [INFO] Recipe cache built with 117 items.
[2026-03-05 18:18:11] [INFO] Trie depth: 30
[2026-03-05 18:18:11] [INFO] Scheduler is running: queuing task to delete_unverified_users.
[2026-03-05 18:18:11] [INFO] Scheduler is running: queuing task to start_sync_thread.
[2026-03-05 18:18:11] [INFO] Scheduler is running: queuing task to start_sync_thread.
[2026-03-05 18:18:11] [INFO] Background scheduler for deleting unverified users has been started.
[2026-03-05 18:18:11] [INFO] No unverified users to delete.
[2026-03-05 18:19:01] [INFO] Application shutting down. Signaling scheduler to stop.
[2026-03-05 18:19:03] [INFO] --- New logging session started: logs\app_20260305.log ---
[2026-03-05 18:19:07] [INFO] --- New logging session started: logs\app_20260305.log ---
[2026-03-05 18:19:07] [INFO] Ingredient cache built with 168 items.
[2026-03-05 18:19:07] [INFO] Trie depth: 24
[2026-03-05 18:19:07] [INFO] Recipe cache built with 117 items.
[2026-03-05 18:19:07] [INFO] Trie depth: 30
[2026-03-05 18:19:07] [INFO] Scheduler is running: queuing task to delete_unverified_users.
[2026-03-05 18:19:07] [INFO] Scheduler is running: queuing task to start_sync_thread.
[2026-03-05 18:19:07] [INFO] Scheduler is running: queuing task to start_sync_thread.
[2026-03-05 18:19:07] [INFO] No unverified users to delete.
[2026-03-05 18:19:07] [INFO] Background scheduler for deleting unverified users has been started.
[2026-03-05 18:21:07] [INFO] Scheduler is running: queuing task to start_sync_thread.
[2026-03-05 18:21:07] [INFO] Scheduler is running: queuing task to start_sync_thread.
[2026-03-05 18:22:07] [INFO] Scheduler is running: queuing task to delete_unverified_users.
[2026-03-05 18:22:07] [INFO] No unverified users to delete.
[2026-03-05 18:23:07] [INFO] Scheduler is running: queuing task to start_sync_thread.
[2026-03-05 18:23:07] [INFO] Scheduler is running: queuing task to start_sync_thread.
[2026-03-05 18:25:07] [INFO] Scheduler is running: queuing task to delete_unverified_users.
[2026-03-05 18:25:07] [INFO] No unverified users to delete.
[2026-03-05 18:25:07] [INFO] Scheduler is running: queuing task to start_sync_thread.
[2026-03-05 18:25:07] [INFO] Scheduler is running: queuing task to start_sync_thread.
[2026-03-05 18:27:07] [INFO] Scheduler is running: queuing task to start_sync_thread.
[2026-03-05 18:27:07] [INFO] Scheduler is running: queuing task to start_sync_thread.
[2026-03-05 18:28:07] [INFO] Scheduler is running: queuing task to delete_unverified_users.
[2026-03-05 18:28:07] [INFO] No unverified users to delete.
[2026-03-05 18:29:07] [INFO] Scheduler is running: queuing task to start_sync_thread.
[2026-03-05 18:29:07] [INFO] Scheduler is running: queuing task to start_sync_thread.
[2026-03-05 18:31:07] [INFO] Scheduler is running: queuing task to delete_unverified_users.
[2026-03-05 18:31:07] [INFO] No unverified users to delete.
[2026-03-05 18:31:07] [INFO] Scheduler is running: queuing task to start_sync_thread.
[2026-03-05 18:31:07] [INFO] Scheduler is running: queuing task to start_sync_thread.
[2026-03-05 18:33:07] [INFO] Scheduler is running: queuing task to start_sync_thread.
[2026-03-05 18:33:07] [INFO] Scheduler is running: queuing task to start_sync_thread.
[2026-03-05 18:34:07] [INFO] Scheduler is running: queuing task to delete_unverified_users.
[2026-03-05 18:34:07] [INFO] No unverified users to delete.
[2026-03-05 18:35:07] [INFO] Scheduler is running: queuing task to start_sync_thread.
[2026-03-05 18:35:07] [INFO] Scheduler is running: queuing task to start_sync_thread.
[2026-03-05 18:37:07] [INFO] Scheduler is running: queuing task to delete_unverified_users.
[2026-03-05 18:37:07] [INFO] No unverified users to delete.
[2026-03-05 18:37:07] [INFO] Scheduler is running: queuing task to start_sync_thread.
[2026-03-05 18:37:07] [INFO] Scheduler is running: queuing task to start_sync_thread.
[2026-03-05 18:39:07] [INFO] Scheduler is running: queuing task to start_sync_thread.
[2026-03-05 18:39:07] [INFO] Scheduler is running: queuing task to start_sync_thread.
[2026-03-05 18:40:07] [INFO] Scheduler is running: queuing task to delete_unverified_users.
[2026-03-05 18:40:07] [INFO] No unverified users to delete.
[2026-03-05 18:41:07] [INFO] Scheduler is running: queuing task to start_sync_thread.
[2026-03-05 18:41:07] [INFO] Scheduler is running: queuing task to start_sync_thread.
[2026-03-05 18:43:07] [INFO] Scheduler is running: queuing task to delete_unverified_users.
[2026-03-05 18:43:07] [INFO] No unverified users to delete.
[2026-03-05 18:43:07] [INFO] Scheduler is running: queuing task to start_sync_thread.
[2026-03-05 18:43:07] [INFO] Scheduler is running: queuing task to start_sync_thread.
[2026-03-05 18:45:07] [INFO] Scheduler is running: queuing task to start_sync_thread.
[2026-03-05 18:45:07] [INFO] Scheduler is running: queuing task to start_sync_thread.
[2026-03-05 18:46:07] [INFO] Scheduler is running: queuing task to delete_unverified_users.
[2026-03-05 18:46:07] [INFO] No unverified users to delete.
[2026-03-05 18:47:07] [INFO] Scheduler is running: queuing task to start_sync_thread.
[2026-03-05 18:47:07] [INFO] Scheduler is running: queuing task to start_sync_thread.
[2026-03-05 18:49:07] [INFO] Scheduler is running: queuing task to delete_unverified_users.
[2026-03-05 18:49:07] [INFO] No unverified users to delete.
[2026-03-05 18:49:07] [INFO] Scheduler is running: queuing task to start_sync_thread.
[2026-03-05 18:49:07] [INFO] Scheduler is running: queuing task to start_sync_thread.
[2026-03-05 18:51:07] [INFO] Scheduler is running: queuing task to start_sync_thread.
[2026-03-05 18:51:07] [INFO] Scheduler is running: queuing task to start_sync_thread.
[2026-03-05 18:52:07] [INFO] Scheduler is running: queuing task to delete_unverified_users.
[2026-03-05 18:52:07] [INFO] No unverified users to delete.
[2026-03-05 18:53:07] [INFO] Scheduler is running: queuing task to start_sync_thread.
[2026-03-05 18:53:07] [INFO] Scheduler is running: queuing task to start_sync_thread.
[2026-03-05 18:55:07] [INFO] Scheduler is running: queuing task to start_sync_thread.
[2026-03-05 18:55:07] [INFO] Scheduler is running: queuing task to delete_unverified_users.
[2026-03-05 18:55:07] [INFO] Scheduler is running: queuing task to start_sync_thread.
[2026-03-05 18:55:07] [INFO] No unverified users to delete.
[2026-03-05 18:57:07] [INFO] Scheduler is running: queuing task to start_sync_thread.
[2026-03-05 18:57:07] [INFO] Scheduler is running: queuing task to start_sync_thread.
[2026-03-05 18:58:07] [INFO] Scheduler is running: queuing task to delete_unverified_users.
[2026-03-05 18:58:07] [INFO] No unverified users to delete.
[2026-03-05 18:59:07] [INFO] Scheduler is running: queuing task to start_sync_thread.
[2026-03-05 18:59:07] [INFO] Scheduler is running: queuing task to start_sync_thread.
[2026-03-05 19:01:07] [INFO] Scheduler is running: queuing task to start_sync_thread.
[2026-03-05 19:01:07] [INFO] Scheduler is running: queuing task to delete_unverified_users.
[2026-03-05 19:01:07] [INFO] No unverified users to delete.
[2026-03-05 19:01:07] [INFO] Scheduler is running: queuing task to start_sync_thread.
[2026-03-05 19:03:07] [INFO] Scheduler is running: queuing task to start_sync_thread.
[2026-03-05 19:03:07] [INFO] Scheduler is running: queuing task to start_sync_thread.
[2026-03-05 19:04:07] [INFO] Scheduler is running: queuing task to delete_unverified_users.
[2026-03-05 19:04:07] [INFO] No unverified users to delete.
[2026-03-05 19:05:07] [INFO] Scheduler is running: queuing task to start_sync_thread.
[2026-03-05 19:05:07] [INFO] Scheduler is running: queuing task to start_sync_thread.
[2026-03-05 19:07:07] [INFO] Scheduler is running: queuing task to start_sync_thread.
[2026-03-05 19:07:07] [INFO] Scheduler is running: queuing task to delete_unverified_users.
[2026-03-05 19:07:07] [INFO] No unverified users to delete.
[2026-03-05 19:07:07] [INFO] Scheduler is running: queuing task to start_sync_thread.
[2026-03-05 19:09:07] [INFO] Scheduler is running: queuing task to start_sync_thread.
[2026-03-05 19:09:07] [INFO] Scheduler is running: queuing task to start_sync_thread.
[2026-03-05 19:10:07] [INFO] Scheduler is running: queuing task to delete_unverified_users.
[2026-03-05 19:10:07] [INFO] No unverified users to delete.
